[2021-06-22T16:42:35.160+0000][56547][gc,heap] Heap region size: 1M
[2021-06-22T16:42:35.160+0000][56547][gc,heap,coops] Heap address: 0x00000007c0000000, size: 1024 MB, Compressed Oops mode: Zero based, Oop shift amount: 3
[2021-06-22T16:42:35.668+0000][56547][gc           ] Using G1
[2021-06-22T16:42:35.668+0000][56547][gc,cds       ] Mark closed archive regions in map: [0x00000007fff00000, 0x00000007fff7aff8]
[2021-06-22T16:42:35.668+0000][56547][gc,cds       ] Mark open archive regions in map: [0x00000007ffe00000, 0x00000007ffe50ff8]
[2021-06-22T16:42:35.685+0000][56547][gc           ] Periodic GC disabled
[2021-06-22T16:42:36.233+0000][56547][safepoint    ] Safepoint "ICBufferFull", Time since last: 557517540 ns, Reaching safepoint: 110765 ns, At safepoint: 8232 ns, Total: 118997 ns
[2021-06-22T16:42:36.734+0000][56547][gc,start     ] GC(0) Pause Young (Normal) (G1 Evacuation Pause)
[2021-06-22T16:42:36.735+0000][56547][gc,task      ] GC(0) Using 8 workers of 8 for evacuation
[2021-06-22T16:42:36.735+0000][56547][gc,age       ] GC(0) Desired survivor size 3670016 bytes, new threshold 15 (max threshold 15)
[2021-06-22T16:42:36.737+0000][56547][gc,age       ] GC(0) Age table with threshold 15 (max threshold 15)
[2021-06-22T16:42:36.737+0000][56547][gc,age       ] GC(0) - age   1:    4033272 bytes,    4033272 total
[2021-06-22T16:42:36.737+0000][56547][gc,phases    ] GC(0)   Pre Evacuate Collection Set: 0.1ms
[2021-06-22T16:42:36.737+0000][56547][gc,phases    ] GC(0)   Merge Heap Roots: 0.0ms
[2021-06-22T16:42:36.737+0000][56547][gc,phases    ] GC(0)   Evacuate Collection Set: 1.8ms
[2021-06-22T16:42:36.737+0000][56547][gc,phases    ] GC(0)   Post Evacuate Collection Set: 0.4ms
[2021-06-22T16:42:36.737+0000][56547][gc,phases    ] GC(0)   Other: 0.6ms
[2021-06-22T16:42:36.737+0000][56547][gc,heap      ] GC(0) Eden regions: 51->0(60)
[2021-06-22T16:42:36.737+0000][56547][gc,heap      ] GC(0) Survivor regions: 0->4(7)
[2021-06-22T16:42:36.737+0000][56547][gc,heap      ] GC(0) Old regions: 0->0
[2021-06-22T16:42:36.737+0000][56547][gc,heap      ] GC(0) Archive regions: 2->2
[2021-06-22T16:42:36.737+0000][56547][gc,heap      ] GC(0) Humongous regions: 1->1
[2021-06-22T16:42:36.737+0000][56547][gc,metaspace ] GC(0) Metaspace: 10646K(11264K)->10646K(11264K) NonClass: 9306K(9728K)->9306K(9728K) Class: 1339K(1536K)->1339K(1536K)
[2021-06-22T16:42:36.737+0000][56547][gc           ] GC(0) Pause Young (Normal) (G1 Evacuation Pause) 52M->5M(1024M) 3.086ms
[2021-06-22T16:42:36.737+0000][56547][gc,cpu       ] GC(0) User=0.01s Sys=0.00s Real=0.00s
[2021-06-22T16:42:36.737+0000][56547][safepoint    ] Safepoint "G1CollectForAllocation", Time since last: 500987802 ns, Reaching safepoint: 150244 ns, At safepoint: 3197285 ns, Total: 3347529 ns
[2021-06-22T16:42:37.723+0000][56547][safepoint    ] Safepoint "ICBufferFull", Time since last: 985448771 ns, Reaching safepoint: 140535 ns, At safepoint: 5972 ns, Total: 146507 ns
[2021-06-22T16:42:37.742+0000][56547][gc,start     ] GC(1) Pause Young (Normal) (G1 Evacuation Pause)
[2021-06-22T16:42:37.742+0000][56547][gc,task      ] GC(1) Using 8 workers of 8 for evacuation
[2021-06-22T16:42:37.742+0000][56547][gc,age       ] GC(1) Desired survivor size 4194304 bytes, new threshold 15 (max threshold 15)
[2021-06-22T16:42:37.746+0000][56547][gc,age       ] GC(1) Age table with threshold 15 (max threshold 15)
[2021-06-22T16:42:37.746+0000][56547][gc,age       ] GC(1) - age   1:    3322744 bytes,    3322744 total
[2021-06-22T16:42:37.746+0000][56547][gc,age       ] GC(1) - age   2:    3900584 bytes,    7223328 total
[2021-06-22T16:42:37.746+0000][56547][gc,phases    ] GC(1)   Pre Evacuate Collection Set: 0.1ms
[2021-06-22T16:42:37.746+0000][56547][gc,phases    ] GC(1)   Merge Heap Roots: 0.0ms
[2021-06-22T16:42:37.746+0000][56547][gc,phases    ] GC(1)   Evacuate Collection Set: 3.2ms
[2021-06-22T16:42:37.746+0000][56547][gc,phases    ] GC(1)   Post Evacuate Collection Set: 0.5ms
[2021-06-22T16:42:37.746+0000][56547][gc,phases    ] GC(1)   Other: 0.2ms
[2021-06-22T16:42:37.746+0000][56547][gc,heap      ] GC(1) Eden regions: 60->0(165)
[2021-06-22T16:42:37.746+0000][56547][gc,heap      ] GC(1) Survivor regions: 4->8(8)
[2021-06-22T16:42:37.746+0000][56547][gc,heap      ] GC(1) Old regions: 0->0
[2021-06-22T16:42:37.746+0000][56547][gc,heap      ] GC(1) Archive regions: 2->2
[2021-06-22T16:42:37.746+0000][56547][gc,heap      ] GC(1) Humongous regions: 1->1
[2021-06-22T16:42:37.746+0000][56547][gc,metaspace ] GC(1) Metaspace: 15113K(16000K)->15113K(16000K) NonClass: 13240K(13824K)->13240K(13824K) Class: 1873K(2176K)->1873K(2176K)
[2021-06-22T16:42:37.746+0000][56547][gc           ] GC(1) Pause Young (Normal) (G1 Evacuation Pause) 65M->9M(1024M) 4.114ms
[2021-06-22T16:42:37.746+0000][56547][gc,cpu       ] GC(1) User=0.02s Sys=0.00s Real=0.00s
[2021-06-22T16:42:37.746+0000][56547][safepoint    ] Safepoint "G1CollectForAllocation", Time since last: 18873078 ns, Reaching safepoint: 45389 ns, At safepoint: 4194093 ns, Total: 4239482 ns
[2021-06-22T16:42:37.746+0000][56547][safepoint    ] Safepoint "BulkRevokeBias", Time since last: 163218 ns, Reaching safepoint: 63953 ns, At safepoint: 41665 ns, Total: 105618 ns
[2021-06-22T16:42:37.747+0000][56547][safepoint    ] Safepoint "BulkRevokeBias", Time since last: 875781 ns, Reaching safepoint: 86247 ns, At safepoint: 41716 ns, Total: 127963 ns
[2021-06-22T16:42:37.748+0000][56547][safepoint    ] Safepoint "BulkRevokeBias", Time since last: 51114 ns, Reaching safepoint: 91767 ns, At safepoint: 120939 ns, Total: 212706 ns
[2021-06-22T16:42:38.260+0000][56547][safepoint    ] Safepoint "ICBufferFull", Time since last: 512610798 ns, Reaching safepoint: 178221 ns, At safepoint: 55510 ns, Total: 233731 ns
[2021-06-22T16:42:38.279+0000][56547][gc,start     ] GC(2) Pause Young (Normal) (G1 Evacuation Pause)
[2021-06-22T16:42:38.279+0000][56547][gc,task      ] GC(2) Using 8 workers of 8 for evacuation
[2021-06-22T16:42:38.279+0000][56547][gc,age       ] GC(2) Desired survivor size 11534336 bytes, new threshold 15 (max threshold 15)
[2021-06-22T16:42:38.283+0000][56547][gc,age       ] GC(2) Age table with threshold 15 (max threshold 15)
[2021-06-22T16:42:38.284+0000][56547][gc,age       ] GC(2) - age   1:    4469584 bytes,    4469584 total
[2021-06-22T16:42:38.284+0000][56547][gc,age       ] GC(2) - age   2:    1659280 bytes,    6128864 total
[2021-06-22T16:42:38.284+0000][56547][gc,age       ] GC(2) - age   3:    3899280 bytes,   10028144 total
[2021-06-22T16:42:38.284+0000][56547][gc,phases    ] GC(2)   Pre Evacuate Collection Set: 0.1ms
[2021-06-22T16:42:38.284+0000][56547][gc,phases    ] GC(2)   Merge Heap Roots: 0.0ms
[2021-06-22T16:42:38.284+0000][56547][gc,phases    ] GC(2)   Evacuate Collection Set: 3.5ms
[2021-06-22T16:42:38.284+0000][56547][gc,phases    ] GC(2)   Post Evacuate Collection Set: 0.6ms
[2021-06-22T16:42:38.284+0000][56547][gc,phases    ] GC(2)   Other: 0.2ms
[2021-06-22T16:42:38.284+0000][56547][gc,heap      ] GC(2) Eden regions: 165->0(603)
[2021-06-22T16:42:38.284+0000][56547][gc,heap      ] GC(2) Survivor regions: 8->11(22)
[2021-06-22T16:42:38.284+0000][56547][gc,heap      ] GC(2) Old regions: 0->0
[2021-06-22T16:42:38.284+0000][56547][gc,heap      ] GC(2) Archive regions: 2->2
[2021-06-22T16:42:38.284+0000][56547][gc,heap      ] GC(2) Humongous regions: 1->1
[2021-06-22T16:42:38.284+0000][56547][gc,metaspace ] GC(2) Metaspace: 19677K(20608K)->19677K(20608K) NonClass: 17305K(17920K)->17305K(17920K) Class: 2372K(2688K)->2372K(2688K)
[2021-06-22T16:42:38.284+0000][56547][gc           ] GC(2) Pause Young (Normal) (G1 Evacuation Pause) 174M->11M(1024M) 4.642ms
[2021-06-22T16:42:38.284+0000][56547][gc,cpu       ] GC(2) User=0.02s Sys=0.00s Real=0.01s
[2021-06-22T16:42:38.284+0000][56547][safepoint    ] Safepoint "G1CollectForAllocation", Time since last: 18522386 ns, Reaching safepoint: 39786 ns, At safepoint: 4689812 ns, Total: 4729598 ns
[2021-06-22T16:42:38.284+0000][56547][safepoint    ] Safepoint "BulkRevokeBias", Time since last: 158115 ns, Reaching safepoint: 338126 ns, At safepoint: 71326 ns, Total: 409452 ns
[2021-06-22T16:42:38.286+0000][56547][safepoint    ] Safepoint "BulkRevokeBias", Time since last: 1642042 ns, Reaching safepoint: 54201 ns, At safepoint: 81432 ns, Total: 135633 ns
[2021-06-22T16:42:38.468+0000][56547][safepoint    ] Safepoint "CollectForMetadataAllocation", Time since last: 181395370 ns, Reaching safepoint: 58530 ns, At safepoint: 222863 ns, Total: 281393 ns
[2021-06-22T16:42:38.468+0000][56547][gc,start     ] GC(3) Pause Young (Concurrent Start) (GCLocker Initiated GC)
[2021-06-22T16:42:38.468+0000][56547][gc,task      ] GC(3) Using 8 workers of 8 for evacuation
[2021-06-22T16:42:38.468+0000][56547][gc,age       ] GC(3) Desired survivor size 40370176 bytes, new threshold 15 (max threshold 15)
[2021-06-22T16:42:38.474+0000][56547][gc,age       ] GC(3) Age table with threshold 15 (max threshold 15)
[2021-06-22T16:42:38.474+0000][56547][gc,age       ] GC(3) - age   1:    2411664 bytes,    2411664 total
[2021-06-22T16:42:38.474+0000][56547][gc,age       ] GC(3) - age   2:    3883560 bytes,    6295224 total
[2021-06-22T16:42:38.474+0000][56547][gc,age       ] GC(3) - age   3:    1656360 bytes,    7951584 total
[2021-06-22T16:42:38.474+0000][56547][gc,age       ] GC(3) - age   4:    3895296 bytes,   11846880 total
[2021-06-22T16:42:38.474+0000][56547][gc,phases    ] GC(3)   Pre Evacuate Collection Set: 0.2ms
[2021-06-22T16:42:38.474+0000][56547][gc,phases    ] GC(3)   Merge Heap Roots: 0.1ms
[2021-06-22T16:42:38.474+0000][56547][gc,phases    ] GC(3)   Evacuate Collection Set: 4.7ms
[2021-06-22T16:42:38.474+0000][56547][gc,phases    ] GC(3)   Post Evacuate Collection Set: 0.6ms
[2021-06-22T16:42:38.474+0000][56547][gc,phases    ] GC(3)   Other: 0.3ms
[2021-06-22T16:42:38.474+0000][56547][gc,heap      ] GC(3) Eden regions: 116->0(601)
[2021-06-22T16:42:38.474+0000][56547][gc,heap      ] GC(3) Survivor regions: 11->13(77)
[2021-06-22T16:42:38.474+0000][56547][gc,heap      ] GC(3) Old regions: 0->0
[2021-06-22T16:42:38.474+0000][56547][gc,heap      ] GC(3) Archive regions: 2->2
[2021-06-22T16:42:38.474+0000][56547][gc,heap      ] GC(3) Humongous regions: 1->1
[2021-06-22T16:42:38.474+0000][56547][gc,metaspace ] GC(3) Metaspace: 20234K(21504K)->20234K(21504K) NonClass: 17777K(18688K)->17777K(18688K) Class: 2456K(2816K)->2456K(2816K)
[2021-06-22T16:42:38.474+0000][56547][gc           ] GC(3) Pause Young (Concurrent Start) (GCLocker Initiated GC) 127M->14M(1024M) 5.963ms
[2021-06-22T16:42:38.474+0000][56547][gc,cpu       ] GC(3) User=0.03s Sys=0.00s Real=0.01s
[2021-06-22T16:42:38.474+0000][56547][safepoint    ] Safepoint "G1CollectForAllocation", Time since last: 106328 ns, Reaching safepoint: 46024 ns, At safepoint: 6029754 ns, Total: 6075778 ns
[2021-06-22T16:42:38.474+0000][56547][gc           ] GC(4) Concurrent Cycle
[2021-06-22T16:42:38.474+0000][56547][gc,marking   ] GC(4) Concurrent Clear Claimed Marks
[2021-06-22T16:42:38.474+0000][56547][gc,marking   ] GC(4) Concurrent Clear Claimed Marks 0.045ms
[2021-06-22T16:42:38.474+0000][56547][gc,marking   ] GC(4) Concurrent Scan Root Regions
[2021-06-22T16:42:38.475+0000][56547][safepoint    ] Safepoint "BulkRevokeBias", Time since last: 1221183 ns, Reaching safepoint: 101101 ns, At safepoint: 25571 ns, Total: 126672 ns
[2021-06-22T16:42:38.475+0000][56547][safepoint    ] Safepoint "BulkRevokeBias", Time since last: 52920 ns, Reaching safepoint: 61454 ns, At safepoint: 28174 ns, Total: 89628 ns
[2021-06-22T16:42:38.477+0000][56547][gc,marking   ] GC(4) Concurrent Scan Root Regions 3.211ms
[2021-06-22T16:42:38.477+0000][56547][gc,marking   ] GC(4) Concurrent Mark (3.327s)
[2021-06-22T16:42:38.477+0000][56547][gc,marking   ] GC(4) Concurrent Mark From Roots
[2021-06-22T16:42:38.477+0000][56547][gc,task      ] GC(4) Using 2 workers of 2 for marking
[2021-06-22T16:42:38.478+0000][56547][gc,marking   ] GC(4) Concurrent Mark From Roots 1.186ms
[2021-06-22T16:42:38.479+0000][56547][gc,marking   ] GC(4) Concurrent Preclean
[2021-06-22T16:42:38.479+0000][56547][gc,marking   ] GC(4) Concurrent Preclean 0.023ms
[2021-06-22T16:42:38.479+0000][56547][gc,marking   ] GC(4) Concurrent Mark (3.327s, 3.328s) 1.248ms
[2021-06-22T16:42:38.479+0000][56547][gc,start     ] GC(4) Pause Remark
[2021-06-22T16:42:38.480+0000][56547][gc           ] GC(4) Pause Remark 15M->15M(1024M) 1.442ms
[2021-06-22T16:42:38.480+0000][56547][gc,cpu       ] GC(4) User=0.00s Sys=0.00s Real=0.01s
[2021-06-22T16:42:38.480+0000][56547][safepoint    ] Safepoint "G1Concurrent", Time since last: 3138252 ns, Reaching safepoint: 55075 ns, At safepoint: 1543724 ns, Total: 1598799 ns
[2021-06-22T16:42:38.480+0000][56547][gc,marking   ] GC(4) Concurrent Rebuild Remembered Sets
[2021-06-22T16:42:38.481+0000][56547][gc,marking   ] GC(4) Concurrent Rebuild Remembered Sets 0.469ms
[2021-06-22T16:42:38.481+0000][56547][gc,start     ] GC(4) Pause Cleanup
[2021-06-22T16:42:38.481+0000][56547][gc           ] GC(4) Pause Cleanup 15M->15M(1024M) 0.141ms
[2021-06-22T16:42:38.481+0000][56547][gc,cpu       ] GC(4) User=0.00s Sys=0.00s Real=0.00s
[2021-06-22T16:42:38.481+0000][56547][safepoint    ] Safepoint "G1Concurrent", Time since last: 576930 ns, Reaching safepoint: 316421 ns, At safepoint: 211930 ns, Total: 528351 ns
[2021-06-22T16:42:38.481+0000][56547][gc,marking   ] GC(4) Concurrent Cleanup for Next Mark
[2021-06-22T16:42:38.483+0000][56547][gc,marking   ] GC(4) Concurrent Cleanup for Next Mark 1.589ms
[2021-06-22T16:42:38.483+0000][56547][gc           ] GC(4) Concurrent Cycle 8.992ms
[2021-06-22T16:42:38.883+0000][56547][gc,heap,exit ] Heap
[2021-06-22T16:42:38.883+0000][56547][gc,heap,exit ]  garbage-first heap   total 1048576K, used 267427K [0x00000007c0000000, 0x0000000800000000)
[2021-06-22T16:42:38.883+0000][56547][gc,heap,exit ]   region size 1024K, 261 young (267264K), 13 survivors (13312K)
[2021-06-22T16:42:38.883+0000][56547][gc,heap,exit ]  Metaspace       used 21974K, capacity 23132K, committed 23296K, reserved 1069056K
[2021-06-22T16:42:38.883+0000][56547][gc,heap,exit ]   class space    used 2644K, capacity 3007K, committed 3072K, reserved 1048576K
