[2021-06-22T16:42:45.844+0000][56605][gc,heap] Heap region size: 1M
[2021-06-22T16:42:45.845+0000][56605][gc,heap,coops] Heap address: 0x00000007c0000000, size: 1024 MB, Compressed Oops mode: Zero based, Oop shift amount: 3
[2021-06-22T16:42:46.244+0000][56605][gc           ] Using G1
[2021-06-22T16:42:46.244+0000][56605][gc,cds       ] Mark closed archive regions in map: [0x00000007fff00000, 0x00000007fff7aff8]
[2021-06-22T16:42:46.244+0000][56605][gc,cds       ] Mark open archive regions in map: [0x00000007ffe00000, 0x00000007ffe50ff8]
[2021-06-22T16:42:46.261+0000][56605][gc           ] Periodic GC disabled
[2021-06-22T16:42:46.563+0000][56605][safepoint    ] Safepoint "ICBufferFull", Time since last: 310337301 ns, Reaching safepoint: 91254 ns, At safepoint: 1570 ns, Total: 92824 ns
[2021-06-22T16:42:47.013+0000][56605][gc,start     ] GC(0) Pause Young (Normal) (G1 Evacuation Pause)
[2021-06-22T16:42:47.013+0000][56605][gc,task      ] GC(0) Using 8 workers of 8 for evacuation
[2021-06-22T16:42:47.014+0000][56605][gc,age       ] GC(0) Desired survivor size 3670016 bytes, new threshold 15 (max threshold 15)
[2021-06-22T16:42:47.016+0000][56605][gc,age       ] GC(0) Age table with threshold 15 (max threshold 15)
[2021-06-22T16:42:47.016+0000][56605][gc,age       ] GC(0) - age   1:    4003648 bytes,    4003648 total
[2021-06-22T16:42:47.016+0000][56605][gc,phases    ] GC(0)   Pre Evacuate Collection Set: 0.1ms
[2021-06-22T16:42:47.016+0000][56605][gc,phases    ] GC(0)   Merge Heap Roots: 0.1ms
[2021-06-22T16:42:47.016+0000][56605][gc,phases    ] GC(0)   Evacuate Collection Set: 1.8ms
[2021-06-22T16:42:47.016+0000][56605][gc,phases    ] GC(0)   Post Evacuate Collection Set: 0.3ms
[2021-06-22T16:42:47.016+0000][56605][gc,phases    ] GC(0)   Other: 0.9ms
[2021-06-22T16:42:47.016+0000][56605][gc,heap      ] GC(0) Eden regions: 51->0(60)
[2021-06-22T16:42:47.016+0000][56605][gc,heap      ] GC(0) Survivor regions: 0->4(7)
[2021-06-22T16:42:47.016+0000][56605][gc,heap      ] GC(0) Old regions: 0->0
[2021-06-22T16:42:47.016+0000][56605][gc,heap      ] GC(0) Archive regions: 2->2
[2021-06-22T16:42:47.016+0000][56605][gc,heap      ] GC(0) Humongous regions: 1->1
[2021-06-22T16:42:47.016+0000][56605][gc,metaspace ] GC(0) Metaspace: 10549K(11264K)->10549K(11264K) NonClass: 9220K(9728K)->9220K(9728K) Class: 1328K(1536K)->1328K(1536K)
[2021-06-22T16:42:47.016+0000][56605][gc           ] GC(0) Pause Young (Normal) (G1 Evacuation Pause) 52M->5M(1024M) 3.213ms
[2021-06-22T16:42:47.016+0000][56605][gc,cpu       ] GC(0) User=0.02s Sys=0.00s Real=0.00s
[2021-06-22T16:42:47.016+0000][56605][safepoint    ] Safepoint "G1CollectForAllocation", Time since last: 450092694 ns, Reaching safepoint: 140835 ns, At safepoint: 3306316 ns, Total: 3447151 ns
[2021-06-22T16:42:47.628+0000][56605][gc,start     ] GC(1) Pause Young (Normal) (G1 Evacuation Pause)
[2021-06-22T16:42:47.628+0000][56605][gc,task      ] GC(1) Using 8 workers of 8 for evacuation
[2021-06-22T16:42:47.628+0000][56605][gc,age       ] GC(1) Desired survivor size 4194304 bytes, new threshold 15 (max threshold 15)
[2021-06-22T16:42:47.632+0000][56605][gc,age       ] GC(1) Age table with threshold 15 (max threshold 15)
[2021-06-22T16:42:47.632+0000][56605][gc,age       ] GC(1) - age   1:    3361688 bytes,    3361688 total
[2021-06-22T16:42:47.632+0000][56605][gc,age       ] GC(1) - age   2:    3869720 bytes,    7231408 total
[2021-06-22T16:42:47.632+0000][56605][gc,phases    ] GC(1)   Pre Evacuate Collection Set: 0.1ms
[2021-06-22T16:42:47.632+0000][56605][gc,phases    ] GC(1)   Merge Heap Roots: 0.1ms
[2021-06-22T16:42:47.632+0000][56605][gc,phases    ] GC(1)   Evacuate Collection Set: 3.3ms
[2021-06-22T16:42:47.632+0000][56605][gc,phases    ] GC(1)   Post Evacuate Collection Set: 0.4ms
[2021-06-22T16:42:47.632+0000][56605][gc,phases    ] GC(1)   Other: 0.2ms
[2021-06-22T16:42:47.632+0000][56605][gc,heap      ] GC(1) Eden regions: 60->0(145)
[2021-06-22T16:42:47.632+0000][56605][gc,heap      ] GC(1) Survivor regions: 4->8(8)
[2021-06-22T16:42:47.632+0000][56605][gc,heap      ] GC(1) Old regions: 0->0
[2021-06-22T16:42:47.632+0000][56605][gc,heap      ] GC(1) Archive regions: 2->2
[2021-06-22T16:42:47.632+0000][56605][gc,heap      ] GC(1) Humongous regions: 1->1
[2021-06-22T16:42:47.632+0000][56605][gc,metaspace ] GC(1) Metaspace: 15011K(15744K)->15011K(15744K) NonClass: 13143K(13568K)->13143K(13568K) Class: 1868K(2176K)->1868K(2176K)
[2021-06-22T16:42:47.632+0000][56605][gc           ] GC(1) Pause Young (Normal) (G1 Evacuation Pause) 65M->9M(1024M) 4.224ms
[2021-06-22T16:42:47.632+0000][56605][gc,cpu       ] GC(1) User=0.03s Sys=0.00s Real=0.01s
[2021-06-22T16:42:47.633+0000][56605][safepoint    ] Safepoint "G1CollectForAllocation", Time since last: 611907208 ns, Reaching safepoint: 185018 ns, At safepoint: 4331771 ns, Total: 4516789 ns
[2021-06-22T16:42:47.633+0000][56605][safepoint    ] Safepoint "BulkRevokeBias", Time since last: 214880 ns, Reaching safepoint: 69945 ns, At safepoint: 73806 ns, Total: 143751 ns
[2021-06-22T16:42:47.634+0000][56605][safepoint    ] Safepoint "BulkRevokeBias", Time since last: 713904 ns, Reaching safepoint: 49479 ns, At safepoint: 110906 ns, Total: 160385 ns
[2021-06-22T16:42:47.634+0000][56605][safepoint    ] Safepoint "BulkRevokeBias", Time since last: 54791 ns, Reaching safepoint: 75109 ns, At safepoint: 35874 ns, Total: 110983 ns
[2021-06-22T16:42:48.054+0000][56605][gc,start     ] GC(2) Pause Young (Normal) (G1 Evacuation Pause)
[2021-06-22T16:42:48.054+0000][56605][gc,task      ] GC(2) Using 8 workers of 8 for evacuation
[2021-06-22T16:42:48.054+0000][56605][gc,age       ] GC(2) Desired survivor size 10485760 bytes, new threshold 15 (max threshold 15)
[2021-06-22T16:42:48.058+0000][56605][gc,age       ] GC(2) Age table with threshold 15 (max threshold 15)
[2021-06-22T16:42:48.058+0000][56605][gc,age       ] GC(2) - age   1:    4511792 bytes,    4511792 total
[2021-06-22T16:42:48.058+0000][56605][gc,age       ] GC(2) - age   2:    1695952 bytes,    6207744 total
[2021-06-22T16:42:48.058+0000][56605][gc,age       ] GC(2) - age   3:    3868448 bytes,   10076192 total
[2021-06-22T16:42:48.058+0000][56605][gc,phases    ] GC(2)   Pre Evacuate Collection Set: 0.1ms
[2021-06-22T16:42:48.058+0000][56605][gc,phases    ] GC(2)   Merge Heap Roots: 0.1ms
[2021-06-22T16:42:48.058+0000][56605][gc,phases    ] GC(2)   Evacuate Collection Set: 3.7ms
[2021-06-22T16:42:48.058+0000][56605][gc,phases    ] GC(2)   Post Evacuate Collection Set: 0.5ms
[2021-06-22T16:42:48.058+0000][56605][gc,phases    ] GC(2)   Other: 0.2ms
[2021-06-22T16:42:48.058+0000][56605][gc,heap      ] GC(2) Eden regions: 145->0(604)
[2021-06-22T16:42:48.058+0000][56605][gc,heap      ] GC(2) Survivor regions: 8->10(20)
[2021-06-22T16:42:48.058+0000][56605][gc,heap      ] GC(2) Old regions: 0->0
[2021-06-22T16:42:48.058+0000][56605][gc,heap      ] GC(2) Archive regions: 2->2
[2021-06-22T16:42:48.058+0000][56605][gc,heap      ] GC(2) Humongous regions: 1->1
[2021-06-22T16:42:48.058+0000][56605][gc,metaspace ] GC(2) Metaspace: 19447K(20352K)->19447K(20352K) NonClass: 17100K(17664K)->17100K(17664K) Class: 2346K(2688K)->2346K(2688K)
[2021-06-22T16:42:48.058+0000][56605][gc           ] GC(2) Pause Young (Normal) (G1 Evacuation Pause) 154M->11M(1024M) 4.615ms
[2021-06-22T16:42:48.058+0000][56605][gc,cpu       ] GC(2) User=0.02s Sys=0.00s Real=0.00s
[2021-06-22T16:42:48.058+0000][56605][safepoint    ] Safepoint "G1CollectForAllocation", Time since last: 419385600 ns, Reaching safepoint: 186339 ns, At safepoint: 4680626 ns, Total: 4866965 ns
[2021-06-22T16:42:48.058+0000][56605][safepoint    ] Safepoint "BulkRevokeBias", Time since last: 157610 ns, Reaching safepoint: 72998 ns, At safepoint: 77417 ns, Total: 150415 ns
[2021-06-22T16:42:48.257+0000][56605][gc,start     ] GC(3) Pause Young (Concurrent Start) (Metadata GC Threshold)
[2021-06-22T16:42:48.257+0000][56605][gc,task      ] GC(3) Using 8 workers of 8 for evacuation
[2021-06-22T16:42:48.257+0000][56605][gc,age       ] GC(3) Desired survivor size 40370176 bytes, new threshold 15 (max threshold 15)
[2021-06-22T16:42:48.262+0000][56605][gc,age       ] GC(3) Age table with threshold 15 (max threshold 15)
[2021-06-22T16:42:48.262+0000][56605][gc,age       ] GC(3) - age   1:    2807320 bytes,    2807320 total
[2021-06-22T16:42:48.262+0000][56605][gc,age       ] GC(3) - age   2:    3484200 bytes,    6291520 total
[2021-06-22T16:42:48.262+0000][56605][gc,age       ] GC(3) - age   3:    1695144 bytes,    7986664 total
[2021-06-22T16:42:48.262+0000][56605][gc,age       ] GC(3) - age   4:    3867856 bytes,   11854520 total
[2021-06-22T16:42:48.262+0000][56605][gc,phases    ] GC(3)   Pre Evacuate Collection Set: 0.1ms
[2021-06-22T16:42:48.262+0000][56605][gc,phases    ] GC(3)   Merge Heap Roots: 0.1ms
[2021-06-22T16:42:48.262+0000][56605][gc,phases    ] GC(3)   Evacuate Collection Set: 4.1ms
[2021-06-22T16:42:48.262+0000][56605][gc,phases    ] GC(3)   Post Evacuate Collection Set: 0.6ms
[2021-06-22T16:42:48.262+0000][56605][gc,phases    ] GC(3)   Other: 0.4ms
[2021-06-22T16:42:48.262+0000][56605][gc,heap      ] GC(3) Eden regions: 133->0(601)
[2021-06-22T16:42:48.262+0000][56605][gc,heap      ] GC(3) Survivor regions: 10->13(77)
[2021-06-22T16:42:48.262+0000][56605][gc,heap      ] GC(3) Old regions: 0->0
[2021-06-22T16:42:48.262+0000][56605][gc,heap      ] GC(3) Archive regions: 2->2
[2021-06-22T16:42:48.262+0000][56605][gc,heap      ] GC(3) Humongous regions: 1->1
[2021-06-22T16:42:48.262+0000][56605][gc,metaspace ] GC(3) Metaspace: 20197K(21248K)->20197K(21248K) NonClass: 17742K(18432K)->17742K(18432K) Class: 2454K(2816K)->2454K(2816K)
[2021-06-22T16:42:48.262+0000][56605][gc           ] GC(3) Pause Young (Concurrent Start) (Metadata GC Threshold) 144M->14M(1024M) 5.298ms
[2021-06-22T16:42:48.262+0000][56605][gc,cpu       ] GC(3) User=0.03s Sys=0.00s Real=0.01s
[2021-06-22T16:42:48.262+0000][56605][gc           ] GC(4) Concurrent Cycle
[2021-06-22T16:42:48.262+0000][56605][gc,marking   ] GC(4) Concurrent Clear Claimed Marks
[2021-06-22T16:42:48.262+0000][56605][gc,marking   ] GC(4) Concurrent Clear Claimed Marks 0.039ms
[2021-06-22T16:42:48.262+0000][56605][gc,marking   ] GC(4) Concurrent Scan Root Regions
[2021-06-22T16:42:48.262+0000][56605][safepoint    ] Safepoint "CollectForMetadataAllocation", Time since last: 197922451 ns, Reaching safepoint: 115326 ns, At safepoint: 5555688 ns, Total: 5671014 ns
[2021-06-22T16:42:48.264+0000][56605][safepoint    ] Safepoint "BulkRevokeBias", Time since last: 1424808 ns, Reaching safepoint: 59257 ns, At safepoint: 22582 ns, Total: 81839 ns
[2021-06-22T16:42:48.264+0000][56605][safepoint    ] Safepoint "BulkRevokeBias", Time since last: 41788 ns, Reaching safepoint: 57111 ns, At safepoint: 38183 ns, Total: 95294 ns
[2021-06-22T16:42:48.265+0000][56605][gc,marking   ] GC(4) Concurrent Scan Root Regions 2.666ms
[2021-06-22T16:42:48.265+0000][56605][gc,marking   ] GC(4) Concurrent Mark (2.432s)
[2021-06-22T16:42:48.265+0000][56605][gc,marking   ] GC(4) Concurrent Mark From Roots
[2021-06-22T16:42:48.265+0000][56605][gc,task      ] GC(4) Using 2 workers of 2 for marking
[2021-06-22T16:42:48.266+0000][56605][gc,marking   ] GC(4) Concurrent Mark From Roots 0.889ms
[2021-06-22T16:42:48.266+0000][56605][gc,marking   ] GC(4) Concurrent Preclean
[2021-06-22T16:42:48.266+0000][56605][gc,marking   ] GC(4) Concurrent Preclean 0.053ms
[2021-06-22T16:42:48.266+0000][56605][gc,marking   ] GC(4) Concurrent Mark (2.432s, 2.433s) 0.995ms
[2021-06-22T16:42:48.266+0000][56605][gc,start     ] GC(4) Pause Remark
[2021-06-22T16:42:48.267+0000][56605][gc           ] GC(4) Pause Remark 16M->16M(1024M) 1.284ms
[2021-06-22T16:42:48.267+0000][56605][gc,cpu       ] GC(4) User=0.01s Sys=0.00s Real=0.00s
[2021-06-22T16:42:48.267+0000][56605][safepoint    ] Safepoint "G1Concurrent", Time since last: 2064881 ns, Reaching safepoint: 89511 ns, At safepoint: 1375929 ns, Total: 1465440 ns
[2021-06-22T16:42:48.267+0000][56605][gc,marking   ] GC(4) Concurrent Rebuild Remembered Sets
[2021-06-22T16:42:48.268+0000][56605][gc,marking   ] GC(4) Concurrent Rebuild Remembered Sets 0.407ms
[2021-06-22T16:42:48.268+0000][56605][gc,start     ] GC(4) Pause Cleanup
[2021-06-22T16:42:48.268+0000][56605][gc           ] GC(4) Pause Cleanup 16M->16M(1024M) 0.096ms
[2021-06-22T16:42:48.268+0000][56605][gc,cpu       ] GC(4) User=0.00s Sys=0.00s Real=0.00s
[2021-06-22T16:42:48.268+0000][56605][safepoint    ] Safepoint "G1Concurrent", Time since last: 461825 ns, Reaching safepoint: 275668 ns, At safepoint: 181789 ns, Total: 457457 ns
[2021-06-22T16:42:48.268+0000][56605][gc,marking   ] GC(4) Concurrent Cleanup for Next Mark
[2021-06-22T16:42:48.270+0000][56605][gc,marking   ] GC(4) Concurrent Cleanup for Next Mark 1.471ms
[2021-06-22T16:42:48.270+0000][56605][gc           ] GC(4) Concurrent Cycle 7.738ms
[2021-06-22T16:42:48.594+0000][56605][safepoint    ] Safepoint "BulkRevokeBias", Time since last: 325576019 ns, Reaching safepoint: 53493 ns, At safepoint: 33795 ns, Total: 87288 ns
[2021-06-22T16:42:48.595+0000][56605][gc,heap,exit ] Heap
[2021-06-22T16:42:48.595+0000][56605][gc,heap,exit ]  garbage-first heap   total 1048576K, used 267788K [0x00000007c0000000, 0x0000000800000000)
[2021-06-22T16:42:48.595+0000][56605][gc,heap,exit ]   region size 1024K, 261 young (267264K), 13 survivors (13312K)
[2021-06-22T16:42:48.595+0000][56605][gc,heap,exit ]  Metaspace       used 21880K, capacity 23041K, committed 23296K, reserved 1069056K
[2021-06-22T16:42:48.595+0000][56605][gc,heap,exit ]   class space    used 2634K, capacity 2975K, committed 3072K, reserved 1048576K
