[2021-06-23T14:08:39.151+0000][89685][gc] Using Concurrent Mark Sweep
[2021-06-23T14:08:39.151+0000][89685][gc,heap,coops] Heap address: 0x00000007c0000000, size: 1024 MB, Compressed Oops mode: Zero based, Oop shift amount: 3
[2021-06-23T14:08:39.201+0000][89685][safepoint    ] Entering safepoint region: EnableBiasedLocking
[2021-06-23T14:08:39.201+0000][89685][safepoint    ] Leaving safepoint region
[2021-06-23T14:08:39.201+0000][89685][safepoint    ] Total time for which application threads were stopped: 0.0001103 seconds, Stopping threads took: 0.0000722 seconds
[2021-06-23T14:08:39.206+0000][89685][safepoint    ] Application time: 0.0033497 seconds
[2021-06-23T14:08:39.206+0000][89685][safepoint    ] Entering safepoint region: RevokeBias
[2021-06-23T14:08:39.206+0000][89685][safepoint    ] Leaving safepoint region
[2021-06-23T14:08:39.206+0000][89685][safepoint    ] Total time for which application threads were stopped: 0.0000942 seconds, Stopping threads took: 0.0000614 seconds
[2021-06-23T14:08:39.284+0000][89685][safepoint    ] Application time: 0.0782234 seconds
[2021-06-23T14:08:39.284+0000][89685][safepoint    ] Entering safepoint region: RevokeBias
[2021-06-23T14:08:39.284+0000][89685][safepoint    ] Leaving safepoint region
[2021-06-23T14:08:39.284+0000][89685][safepoint    ] Total time for which application threads were stopped: 0.0000555 seconds, Stopping threads took: 0.0000117 seconds
[2021-06-23T14:08:39.314+0000][89685][safepoint    ] Application time: 0.0300306 seconds
[2021-06-23T14:08:39.315+0000][89685][safepoint    ] Entering safepoint region: Deoptimize
[2021-06-23T14:08:39.315+0000][89685][safepoint    ] Leaving safepoint region
[2021-06-23T14:08:39.315+0000][89685][safepoint    ] Total time for which application threads were stopped: 0.0000639 seconds, Stopping threads took: 0.0000124 seconds
[2021-06-23T14:08:39.315+0000][89685][safepoint    ] Application time: 0.0001962 seconds
[2021-06-23T14:08:39.315+0000][89685][safepoint    ] Entering safepoint region: Deoptimize
[2021-06-23T14:08:39.315+0000][89685][safepoint    ] Leaving safepoint region
[2021-06-23T14:08:39.315+0000][89685][safepoint    ] Total time for which application threads were stopped: 0.0000351 seconds, Stopping threads took: 0.0000093 seconds
[2021-06-23T14:08:39.598+0000][89685][safepoint    ] Application time: 0.2835483 seconds
[2021-06-23T14:08:39.598+0000][89685][safepoint    ] Entering safepoint region: Deoptimize
[2021-06-23T14:08:39.599+0000][89685][safepoint    ] Leaving safepoint region
[2021-06-23T14:08:39.599+0000][89685][safepoint    ] Total time for which application threads were stopped: 0.0001328 seconds, Stopping threads took: 0.0000120 seconds
[2021-06-23T14:08:39.617+0000][89685][safepoint    ] Application time: 0.0187748 seconds
[2021-06-23T14:08:39.617+0000][89685][safepoint    ] Entering safepoint region: Deoptimize
[2021-06-23T14:08:39.618+0000][89685][safepoint    ] Leaving safepoint region
[2021-06-23T14:08:39.618+0000][89685][safepoint    ] Total time for which application threads were stopped: 0.0001252 seconds, Stopping threads took: 0.0000200 seconds
[2021-06-23T14:08:39.800+0000][89685][safepoint    ] Application time: 0.1825512 seconds
[2021-06-23T14:08:39.800+0000][89685][safepoint    ] Entering safepoint region: RevokeBias
[2021-06-23T14:08:39.800+0000][89685][safepoint    ] Leaving safepoint region
[2021-06-23T14:08:39.800+0000][89685][safepoint    ] Total time for which application threads were stopped: 0.0000721 seconds, Stopping threads took: 0.0000136 seconds
[2021-06-23T14:08:39.801+0000][89685][gc,heap,exit ] Heap
[2021-06-23T14:08:39.801+0000][89685][gc,heap,exit ]  par new generation   total 314560K, used 61567K [0x00000007c0000000, 0x00000007d5550000, 0x00000007d5550000)
[2021-06-23T14:08:39.801+0000][89685][gc,heap,exit ]   eden space 279616K,  22% used [0x00000007c0000000, 0x00000007c3c1feb0, 0x00000007d1110000)
[2021-06-23T14:08:39.801+0000][89685][gc,heap,exit ]   from space 34944K,   0% used [0x00000007d1110000, 0x00000007d1110000, 0x00000007d3330000)
[2021-06-23T14:08:39.801+0000][89685][gc,heap,exit ]   to   space 34944K,   0% used [0x00000007d3330000, 0x00000007d3330000, 0x00000007d5550000)
[2021-06-23T14:08:39.801+0000][89685][gc,heap,exit ]  concurrent mark-sweep generation total 699072K, used 0K [0x00000007d5550000, 0x0000000800000000, 0x0000000800000000)
[2021-06-23T14:08:39.801+0000][89685][gc,heap,exit ]  Metaspace       used 17130K, capacity 17524K, committed 17792K, reserved 1064960K
[2021-06-23T14:08:39.801+0000][89685][gc,heap,exit ]   class space    used 1917K, capacity 2116K, committed 2176K, reserved 1048576K
[2021-06-23T14:08:39.801+0000][89685][safepoint    ] Application time: 0.0004909 seconds
[2021-06-23T14:08:39.801+0000][89685][safepoint    ] Entering safepoint region: Halt
