[2021-06-22T16:45:15.222+0000][56959][gc,heap] Heap region size: 1M
[2021-06-22T16:45:15.222+0000][56959][gc,heap,coops] Heap address: 0x00000007c0000000, size: 1024 MB, Compressed Oops mode: Zero based, Oop shift amount: 3
[2021-06-22T16:45:15.639+0000][56959][gc           ] Using G1
[2021-06-22T16:45:15.639+0000][56959][gc,cds       ] Mark closed archive regions in map: [0x00000007fff00000, 0x00000007fff7aff8]
[2021-06-22T16:45:15.639+0000][56959][gc,cds       ] Mark open archive regions in map: [0x00000007ffe00000, 0x00000007ffe50ff8]
[2021-06-22T16:45:15.657+0000][56959][gc           ] Periodic GC disabled
[2021-06-22T16:45:16.018+0000][56959][safepoint    ] Safepoint "ICBufferFull", Time since last: 370658937 ns, Reaching safepoint: 171713 ns, At safepoint: 7364 ns, Total: 179077 ns
[2021-06-22T16:45:16.530+0000][56959][gc,start     ] GC(0) Pause Young (Normal) (G1 Evacuation Pause)
[2021-06-22T16:45:16.531+0000][56959][gc,task      ] GC(0) Using 8 workers of 8 for evacuation
[2021-06-22T16:45:16.531+0000][56959][gc,age       ] GC(0) Desired survivor size 3670016 bytes, new threshold 15 (max threshold 15)
[2021-06-22T16:45:16.534+0000][56959][gc,age       ] GC(0) Age table with threshold 15 (max threshold 15)
[2021-06-22T16:45:16.534+0000][56959][gc,age       ] GC(0) - age   1:    3974312 bytes,    3974312 total
[2021-06-22T16:45:16.534+0000][56959][gc,phases    ] GC(0)   Pre Evacuate Collection Set: 0.1ms
[2021-06-22T16:45:16.534+0000][56959][gc,phases    ] GC(0)   Merge Heap Roots: 0.1ms
[2021-06-22T16:45:16.534+0000][56959][gc,phases    ] GC(0)   Evacuate Collection Set: 1.8ms
[2021-06-22T16:45:16.534+0000][56959][gc,phases    ] GC(0)   Post Evacuate Collection Set: 0.5ms
[2021-06-22T16:45:16.534+0000][56959][gc,phases    ] GC(0)   Other: 0.8ms
[2021-06-22T16:45:16.534+0000][56959][gc,heap      ] GC(0) Eden regions: 51->0(60)
[2021-06-22T16:45:16.534+0000][56959][gc,heap      ] GC(0) Survivor regions: 0->4(7)
[2021-06-22T16:45:16.534+0000][56959][gc,heap      ] GC(0) Old regions: 0->0
[2021-06-22T16:45:16.534+0000][56959][gc,heap      ] GC(0) Archive regions: 2->2
[2021-06-22T16:45:16.534+0000][56959][gc,heap      ] GC(0) Humongous regions: 1->1
[2021-06-22T16:45:16.534+0000][56959][gc,metaspace ] GC(0) Metaspace: 10493K(11264K)->10493K(11264K) NonClass: 9174K(9728K)->9174K(9728K) Class: 1318K(1536K)->1318K(1536K)
[2021-06-22T16:45:16.534+0000][56959][gc           ] GC(0) Pause Young (Normal) (G1 Evacuation Pause) 52M->5M(1024M) 3.358ms
[2021-06-22T16:45:16.534+0000][56959][gc,cpu       ] GC(0) User=0.02s Sys=0.01s Real=0.00s
[2021-06-22T16:45:16.534+0000][56959][safepoint    ] Safepoint "G1CollectForAllocation", Time since last: 512203001 ns, Reaching safepoint: 86881 ns, At safepoint: 3481056 ns, Total: 3567937 ns
[2021-06-22T16:45:17.555+0000][56959][safepoint    ] Safepoint "Cleanup", Time since last: 1021215033 ns, Reaching safepoint: 93516 ns, At safepoint: 5560 ns, Total: 99076 ns
[2021-06-22T16:45:17.750+0000][56959][gc,start     ] GC(1) Pause Young (Normal) (G1 Evacuation Pause)
[2021-06-22T16:45:17.750+0000][56959][gc,task      ] GC(1) Using 8 workers of 8 for evacuation
[2021-06-22T16:45:17.750+0000][56959][gc,age       ] GC(1) Desired survivor size 4194304 bytes, new threshold 15 (max threshold 15)
[2021-06-22T16:45:17.753+0000][56959][gc,age       ] GC(1) Age table with threshold 15 (max threshold 15)
[2021-06-22T16:45:17.753+0000][56959][gc,age       ] GC(1) - age   1:    3307808 bytes,    3307808 total
[2021-06-22T16:45:17.753+0000][56959][gc,age       ] GC(1) - age   2:    3856288 bytes,    7164096 total
[2021-06-22T16:45:17.753+0000][56959][gc,phases    ] GC(1)   Pre Evacuate Collection Set: 0.1ms
[2021-06-22T16:45:17.753+0000][56959][gc,phases    ] GC(1)   Merge Heap Roots: 0.0ms
[2021-06-22T16:45:17.753+0000][56959][gc,phases    ] GC(1)   Evacuate Collection Set: 2.7ms
[2021-06-22T16:45:17.753+0000][56959][gc,phases    ] GC(1)   Post Evacuate Collection Set: 0.6ms
[2021-06-22T16:45:17.754+0000][56959][gc,phases    ] GC(1)   Other: 0.3ms
[2021-06-22T16:45:17.754+0000][56959][gc,heap      ] GC(1) Eden regions: 60->0(166)
[2021-06-22T16:45:17.754+0000][56959][gc,heap      ] GC(1) Survivor regions: 4->8(8)
[2021-06-22T16:45:17.754+0000][56959][gc,heap      ] GC(1) Old regions: 0->0
[2021-06-22T16:45:17.754+0000][56959][gc,heap      ] GC(1) Archive regions: 2->2
[2021-06-22T16:45:17.754+0000][56959][gc,heap      ] GC(1) Humongous regions: 1->1
[2021-06-22T16:45:17.754+0000][56959][gc,metaspace ] GC(1) Metaspace: 14903K(15744K)->14903K(15744K) NonClass: 13048K(13568K)->13048K(13568K) Class: 1855K(2176K)->1855K(2176K)
[2021-06-22T16:45:17.754+0000][56959][gc           ] GC(1) Pause Young (Normal) (G1 Evacuation Pause) 65M->8M(1024M) 3.768ms
[2021-06-22T16:45:17.754+0000][56959][gc,cpu       ] GC(1) User=0.02s Sys=0.00s Real=0.00s
[2021-06-22T16:45:17.754+0000][56959][safepoint    ] Safepoint "G1CollectForAllocation", Time since last: 194370871 ns, Reaching safepoint: 144545 ns, At safepoint: 3892369 ns, Total: 4036914 ns
[2021-06-22T16:45:17.754+0000][56959][safepoint    ] Safepoint "BulkRevokeBias", Time since last: 136025 ns, Reaching safepoint: 121160 ns, At safepoint: 102891 ns, Total: 224051 ns
[2021-06-22T16:45:17.755+0000][56959][safepoint    ] Safepoint "BulkRevokeBias", Time since last: 745115 ns, Reaching safepoint: 143375 ns, At safepoint: 211269 ns, Total: 354644 ns
[2021-06-22T16:45:17.755+0000][56959][safepoint    ] Safepoint "BulkRevokeBias", Time since last: 47912 ns, Reaching safepoint: 156743 ns, At safepoint: 27368 ns, Total: 184111 ns
[2021-06-22T16:45:18.075+0000][56959][safepoint    ] Safepoint "ICBufferFull", Time since last: 319092653 ns, Reaching safepoint: 121894 ns, At safepoint: 26758 ns, Total: 148652 ns
[2021-06-22T16:45:18.195+0000][56959][gc,start     ] GC(2) Pause Young (Normal) (G1 Evacuation Pause)
[2021-06-22T16:45:18.195+0000][56959][gc,task      ] GC(2) Using 8 workers of 8 for evacuation
[2021-06-22T16:45:18.195+0000][56959][gc,age       ] GC(2) Desired survivor size 11534336 bytes, new threshold 15 (max threshold 15)
[2021-06-22T16:45:18.199+0000][56959][gc,age       ] GC(2) Age table with threshold 15 (max threshold 15)
[2021-06-22T16:45:18.199+0000][56959][gc,age       ] GC(2) - age   1:    5026784 bytes,    5026784 total
[2021-06-22T16:45:18.199+0000][56959][gc,age       ] GC(2) - age   2:    1641656 bytes,    6668440 total
[2021-06-22T16:45:18.199+0000][56959][gc,age       ] GC(2) - age   3:    3839432 bytes,   10507872 total
[2021-06-22T16:45:18.199+0000][56959][gc,phases    ] GC(2)   Pre Evacuate Collection Set: 0.1ms
[2021-06-22T16:45:18.199+0000][56959][gc,phases    ] GC(2)   Merge Heap Roots: 0.1ms
[2021-06-22T16:45:18.199+0000][56959][gc,phases    ] GC(2)   Evacuate Collection Set: 3.5ms
[2021-06-22T16:45:18.199+0000][56959][gc,phases    ] GC(2)   Post Evacuate Collection Set: 0.7ms
[2021-06-22T16:45:18.199+0000][56959][gc,phases    ] GC(2)   Other: 0.3ms
[2021-06-22T16:45:18.199+0000][56959][gc,heap      ] GC(2) Eden regions: 166->0(603)
[2021-06-22T16:45:18.199+0000][56959][gc,heap      ] GC(2) Survivor regions: 8->11(22)
[2021-06-22T16:45:18.199+0000][56959][gc,heap      ] GC(2) Old regions: 0->0
[2021-06-22T16:45:18.199+0000][56959][gc,heap      ] GC(2) Archive regions: 2->2
[2021-06-22T16:45:18.199+0000][56959][gc,heap      ] GC(2) Humongous regions: 1->1
[2021-06-22T16:45:18.199+0000][56959][gc,metaspace ] GC(2) Metaspace: 19561K(20608K)->19561K(20608K) NonClass: 17195K(17920K)->17195K(17920K) Class: 2365K(2688K)->2365K(2688K)
[2021-06-22T16:45:18.199+0000][56959][gc           ] GC(2) Pause Young (Normal) (G1 Evacuation Pause) 174M->12M(1024M) 4.621ms
[2021-06-22T16:45:18.199+0000][56959][gc,cpu       ] GC(2) User=0.03s Sys=0.00s Real=0.00s
[2021-06-22T16:45:18.199+0000][56959][safepoint    ] Safepoint "G1CollectForAllocation", Time since last: 119782556 ns, Reaching safepoint: 133177 ns, At safepoint: 4681588 ns, Total: 4814765 ns
[2021-06-22T16:45:18.200+0000][56959][safepoint    ] Safepoint "BulkRevokeBias", Time since last: 202643 ns, Reaching safepoint: 94731 ns, At safepoint: 98353 ns, Total: 193084 ns
[2021-06-22T16:45:18.201+0000][56959][safepoint    ] Safepoint "BulkRevokeBias", Time since last: 1653743 ns, Reaching safepoint: 84151 ns, At safepoint: 82026 ns, Total: 166177 ns
[2021-06-22T16:45:18.377+0000][56959][gc,start     ] GC(3) Pause Young (Concurrent Start) (Metadata GC Threshold)
[2021-06-22T16:45:18.377+0000][56959][gc,task      ] GC(3) Using 8 workers of 8 for evacuation
[2021-06-22T16:45:18.377+0000][56959][gc,age       ] GC(3) Desired survivor size 40370176 bytes, new threshold 15 (max threshold 15)
[2021-06-22T16:45:18.381+0000][56959][gc,age       ] GC(3) Age table with threshold 15 (max threshold 15)
[2021-06-22T16:45:18.381+0000][56959][gc,age       ] GC(3) - age   1:    2422288 bytes,    2422288 total
[2021-06-22T16:45:18.381+0000][56959][gc,age       ] GC(3) - age   2:    3977704 bytes,    6399992 total
[2021-06-22T16:45:18.381+0000][56959][gc,age       ] GC(3) - age   3:    1638736 bytes,    8038728 total
[2021-06-22T16:45:18.381+0000][56959][gc,age       ] GC(3) - age   4:    3835384 bytes,   11874112 total
[2021-06-22T16:45:18.381+0000][56959][gc,phases    ] GC(3)   Pre Evacuate Collection Set: 0.1ms
[2021-06-22T16:45:18.381+0000][56959][gc,phases    ] GC(3)   Merge Heap Roots: 0.1ms
[2021-06-22T16:45:18.381+0000][56959][gc,phases    ] GC(3)   Evacuate Collection Set: 3.7ms
[2021-06-22T16:45:18.381+0000][56959][gc,phases    ] GC(3)   Post Evacuate Collection Set: 0.4ms
[2021-06-22T16:45:18.381+0000][56959][gc,phases    ] GC(3)   Other: 0.3ms
[2021-06-22T16:45:18.381+0000][56959][gc,heap      ] GC(3) Eden regions: 114->0(601)
[2021-06-22T16:45:18.381+0000][56959][gc,heap      ] GC(3) Survivor regions: 11->13(77)
[2021-06-22T16:45:18.381+0000][56959][gc,heap      ] GC(3) Old regions: 0->0
[2021-06-22T16:45:18.381+0000][56959][gc,heap      ] GC(3) Archive regions: 2->2
[2021-06-22T16:45:18.381+0000][56959][gc,heap      ] GC(3) Humongous regions: 1->1
[2021-06-22T16:45:18.381+0000][56959][gc,metaspace ] GC(3) Metaspace: 20196K(21248K)->20196K(21248K) NonClass: 17742K(18432K)->17742K(18432K) Class: 2454K(2816K)->2454K(2816K)
[2021-06-22T16:45:18.381+0000][56959][gc           ] GC(3) Pause Young (Concurrent Start) (Metadata GC Threshold) 125M->14M(1024M) 4.595ms
[2021-06-22T16:45:18.381+0000][56959][gc,cpu       ] GC(3) User=0.03s Sys=0.00s Real=0.01s
[2021-06-22T16:45:18.382+0000][56959][gc           ] GC(4) Concurrent Cycle
[2021-06-22T16:45:18.382+0000][56959][gc,marking   ] GC(4) Concurrent Clear Claimed Marks
[2021-06-22T16:45:18.382+0000][56959][gc,marking   ] GC(4) Concurrent Clear Claimed Marks 0.039ms
[2021-06-22T16:45:18.382+0000][56959][gc,marking   ] GC(4) Concurrent Scan Root Regions
[2021-06-22T16:45:18.382+0000][56959][safepoint    ] Safepoint "CollectForMetadataAllocation", Time since last: 175293616 ns, Reaching safepoint: 98296 ns, At safepoint: 4821847 ns, Total: 4920143 ns
[2021-06-22T16:45:18.383+0000][56959][safepoint    ] Safepoint "BulkRevokeBias", Time since last: 1209332 ns, Reaching safepoint: 43682 ns, At safepoint: 33260 ns, Total: 76942 ns
[2021-06-22T16:45:18.383+0000][56959][safepoint    ] Safepoint "BulkRevokeBias", Time since last: 57773 ns, Reaching safepoint: 71349 ns, At safepoint: 39843 ns, Total: 111192 ns
[2021-06-22T16:45:18.384+0000][56959][gc,marking   ] GC(4) Concurrent Scan Root Regions 2.749ms
[2021-06-22T16:45:18.384+0000][56959][gc,marking   ] GC(4) Concurrent Mark (3.173s)
[2021-06-22T16:45:18.384+0000][56959][gc,marking   ] GC(4) Concurrent Mark From Roots
[2021-06-22T16:45:18.384+0000][56959][gc,task      ] GC(4) Using 2 workers of 2 for marking
[2021-06-22T16:45:18.385+0000][56959][gc,marking   ] GC(4) Concurrent Mark From Roots 0.850ms
[2021-06-22T16:45:18.385+0000][56959][gc,marking   ] GC(4) Concurrent Preclean
[2021-06-22T16:45:18.385+0000][56959][gc,marking   ] GC(4) Concurrent Preclean 0.022ms
[2021-06-22T16:45:18.385+0000][56959][gc,marking   ] GC(4) Concurrent Mark (3.173s, 3.173s) 0.913ms
[2021-06-22T16:45:18.385+0000][56959][gc,start     ] GC(4) Pause Remark
[2021-06-22T16:45:18.386+0000][56959][gc           ] GC(4) Pause Remark 15M->15M(1024M) 1.017ms
[2021-06-22T16:45:18.386+0000][56959][gc,cpu       ] GC(4) User=0.00s Sys=0.00s Real=0.00s
[2021-06-22T16:45:18.386+0000][56959][safepoint    ] Safepoint "G1Concurrent", Time since last: 2219677 ns, Reaching safepoint: 81774 ns, At safepoint: 1127426 ns, Total: 1209200 ns
[2021-06-22T16:45:18.387+0000][56959][gc,marking   ] GC(4) Concurrent Rebuild Remembered Sets
[2021-06-22T16:45:18.387+0000][56959][gc,marking   ] GC(4) Concurrent Rebuild Remembered Sets 0.336ms
[2021-06-22T16:45:18.387+0000][56959][gc,start     ] GC(4) Pause Cleanup
[2021-06-22T16:45:18.387+0000][56959][gc           ] GC(4) Pause Cleanup 15M->15M(1024M) 0.114ms
[2021-06-22T16:45:18.387+0000][56959][gc,cpu       ] GC(4) User=0.00s Sys=0.00s Real=0.00s
[2021-06-22T16:45:18.387+0000][56959][safepoint    ] Safepoint "G1Concurrent", Time since last: 381298 ns, Reaching safepoint: 260726 ns, At safepoint: 157404 ns, Total: 418130 ns
[2021-06-22T16:45:18.387+0000][56959][gc,marking   ] GC(4) Concurrent Cleanup for Next Mark
[2021-06-22T16:45:18.389+0000][56959][gc,marking   ] GC(4) Concurrent Cleanup for Next Mark 1.292ms
[2021-06-22T16:45:18.389+0000][56959][gc           ] GC(4) Concurrent Cycle 7.133ms
[2021-06-22T16:45:19.421+0000][56959][safepoint    ] Safepoint "ICBufferFull", Time since last: 1032982915 ns, Reaching safepoint: 242185 ns, At safepoint: 75674 ns, Total: 317859 ns
[2021-06-22T16:45:20.273+0000][56959][gc,start     ] GC(5) Pause Young (Concurrent Start) (Metadata GC Threshold)
[2021-06-22T16:45:20.273+0000][56959][gc,task      ] GC(5) Using 8 workers of 8 for evacuation
[2021-06-22T16:45:20.273+0000][56959][gc,age       ] GC(5) Desired survivor size 40370176 bytes, new threshold 15 (max threshold 15)
[2021-06-22T16:45:20.293+0000][56959][gc,age       ] GC(5) Age table with threshold 15 (max threshold 15)
[2021-06-22T16:45:20.293+0000][56959][gc,age       ] GC(5) - age   1:   32627288 bytes,   32627288 total
[2021-06-22T16:45:20.293+0000][56959][gc,age       ] GC(5) - age   2:    2383288 bytes,   35010576 total
[2021-06-22T16:45:20.293+0000][56959][gc,age       ] GC(5) - age   3:    3911536 bytes,   38922112 total
[2021-06-22T16:45:20.293+0000][56959][gc,age       ] GC(5) - age   4:    1559520 bytes,   40481632 total
[2021-06-22T16:45:20.293+0000][56959][gc,age       ] GC(5) - age   5:    3766640 bytes,   44248272 total
[2021-06-22T16:45:20.293+0000][56959][gc,phases    ] GC(5)   Pre Evacuate Collection Set: 0.2ms
[2021-06-22T16:45:20.293+0000][56959][gc,phases    ] GC(5)   Merge Heap Roots: 0.1ms
[2021-06-22T16:45:20.293+0000][56959][gc,phases    ] GC(5)   Evacuate Collection Set: 17.9ms
[2021-06-22T16:45:20.293+0000][56959][gc,phases    ] GC(5)   Post Evacuate Collection Set: 1.5ms
[2021-06-22T16:45:20.293+0000][56959][gc,phases    ] GC(5)   Other: 0.4ms
[2021-06-22T16:45:20.293+0000][56959][gc,heap      ] GC(5) Eden regions: 504->0(485)
[2021-06-22T16:45:20.293+0000][56959][gc,heap      ] GC(5) Survivor regions: 13->44(77)
[2021-06-22T16:45:20.293+0000][56959][gc,heap      ] GC(5) Old regions: 0->0
[2021-06-22T16:45:20.293+0000][56959][gc,heap      ] GC(5) Archive regions: 2->2
[2021-06-22T16:45:20.293+0000][56959][gc,heap      ] GC(5) Humongous regions: 2->1
[2021-06-22T16:45:20.293+0000][56959][gc,metaspace ] GC(5) Metaspace: 33480K(35840K)->33480K(35840K) NonClass: 29145K(30720K)->29145K(30720K) Class: 4335K(5120K)->4335K(5120K)
[2021-06-22T16:45:20.293+0000][56959][gc           ] GC(5) Pause Young (Concurrent Start) (Metadata GC Threshold) 519M->45M(1024M) 20.268ms
[2021-06-22T16:45:20.293+0000][56959][gc,cpu       ] GC(5) User=0.14s Sys=0.00s Real=0.02s
[2021-06-22T16:45:20.293+0000][56959][gc           ] GC(6) Concurrent Cycle
[2021-06-22T16:45:20.293+0000][56959][gc,marking   ] GC(6) Concurrent Clear Claimed Marks
[2021-06-22T16:45:20.293+0000][56959][safepoint    ] Safepoint "CollectForMetadataAllocation", Time since last: 852230662 ns, Reaching safepoint: 139521 ns, At safepoint: 20402428 ns, Total: 20541949 ns
[2021-06-22T16:45:20.294+0000][56959][gc,marking   ] GC(6) Concurrent Clear Claimed Marks 0.160ms
[2021-06-22T16:45:20.294+0000][56959][gc,marking   ] GC(6) Concurrent Scan Root Regions
[2021-06-22T16:45:20.306+0000][56959][gc,marking   ] GC(6) Concurrent Scan Root Regions 12.529ms
[2021-06-22T16:45:20.306+0000][56959][gc,marking   ] GC(6) Concurrent Mark (5.094s)
[2021-06-22T16:45:20.306+0000][56959][gc,marking   ] GC(6) Concurrent Mark From Roots
[2021-06-22T16:45:20.306+0000][56959][gc,task      ] GC(6) Using 2 workers of 2 for marking
[2021-06-22T16:45:20.307+0000][56959][gc,marking   ] GC(6) Concurrent Mark From Roots 0.871ms
[2021-06-22T16:45:20.307+0000][56959][gc,marking   ] GC(6) Concurrent Preclean
[2021-06-22T16:45:20.307+0000][56959][gc,marking   ] GC(6) Concurrent Preclean 0.020ms
[2021-06-22T16:45:20.307+0000][56959][gc,marking   ] GC(6) Concurrent Mark (5.094s, 5.095s) 0.938ms
[2021-06-22T16:45:20.307+0000][56959][gc,start     ] GC(6) Pause Remark
[2021-06-22T16:45:20.309+0000][56959][gc           ] GC(6) Pause Remark 47M->47M(1024M) 1.778ms
[2021-06-22T16:45:20.309+0000][56959][gc,cpu       ] GC(6) User=0.01s Sys=0.00s Real=0.00s
[2021-06-22T16:45:20.309+0000][56959][safepoint    ] Safepoint "G1Concurrent", Time since last: 13691940 ns, Reaching safepoint: 111819 ns, At safepoint: 1911699 ns, Total: 2023518 ns
[2021-06-22T16:45:20.309+0000][56959][gc,marking   ] GC(6) Concurrent Rebuild Remembered Sets
[2021-06-22T16:45:20.309+0000][56959][gc,marking   ] GC(6) Concurrent Rebuild Remembered Sets 0.356ms
[2021-06-22T16:45:20.311+0000][56959][gc,start     ] GC(6) Pause Cleanup
[2021-06-22T16:45:20.311+0000][56959][gc           ] GC(6) Pause Cleanup 47M->47M(1024M) 0.145ms
[2021-06-22T16:45:20.311+0000][56959][gc,cpu       ] GC(6) User=0.00s Sys=0.00s Real=0.00s
[2021-06-22T16:45:20.311+0000][56959][safepoint    ] Safepoint "G1Concurrent", Time since last: 408870 ns, Reaching safepoint: 987457 ns, At safepoint: 232414 ns, Total: 1219871 ns
[2021-06-22T16:45:20.311+0000][56959][gc,marking   ] GC(6) Concurrent Cleanup for Next Mark
[2021-06-22T16:45:20.312+0000][56959][gc,marking   ] GC(6) Concurrent Cleanup for Next Mark 1.289ms
[2021-06-22T16:45:20.312+0000][56959][gc           ] GC(6) Concurrent Cycle 18.759ms
[2021-06-22T16:45:21.340+0000][56959][safepoint    ] Safepoint "ICBufferFull", Time since last: 1028803619 ns, Reaching safepoint: 122112 ns, At safepoint: 2298 ns, Total: 124410 ns
[2021-06-22T16:45:21.411+0000][56959][safepoint    ] Safepoint "BulkRevokeBias", Time since last: 70420612 ns, Reaching safepoint: 311253 ns, At safepoint: 91601 ns, Total: 402854 ns
[2021-06-22T16:45:21.459+0000][56959][safepoint    ] Safepoint "BulkRevokeBias", Time since last: 48651785 ns, Reaching safepoint: 87195 ns, At safepoint: 56195 ns, Total: 143390 ns
[2021-06-22T16:45:21.460+0000][56959][safepoint    ] Safepoint "BulkRevokeBias", Time since last: 635161 ns, Reaching safepoint: 40443 ns, At safepoint: 44534 ns, Total: 84977 ns
[2021-06-22T16:45:21.462+0000][56959][safepoint    ] Safepoint "BulkRevokeBias", Time since last: 1403082 ns, Reaching safepoint: 49000 ns, At safepoint: 50639 ns, Total: 99639 ns
[2021-06-22T16:45:22.118+0000][56959][gc,start     ] GC(7) Pause Young (Concurrent Start) (Metadata GC Threshold)
[2021-06-22T16:45:22.118+0000][56959][gc,task      ] GC(7) Using 8 workers of 8 for evacuation
[2021-06-22T16:45:22.118+0000][56959][gc,age       ] GC(7) Desired survivor size 40370176 bytes, new threshold 4 (max threshold 15)
[2021-06-22T16:45:22.139+0000][56959][gc,age       ] GC(7) Age table with threshold 4 (max threshold 15)
[2021-06-22T16:45:22.139+0000][56959][gc,age       ] GC(7) - age   1:    8336128 bytes,    8336128 total
[2021-06-22T16:45:22.139+0000][56959][gc,age       ] GC(7) - age   2:   32193528 bytes,   40529656 total
[2021-06-22T16:45:22.139+0000][56959][gc,age       ] GC(7) - age   3:    2349200 bytes,   42878856 total
[2021-06-22T16:45:22.139+0000][56959][gc,age       ] GC(7) - age   4:    3885072 bytes,   46763928 total
[2021-06-22T16:45:22.139+0000][56959][gc,phases    ] GC(7)   Pre Evacuate Collection Set: 0.3ms
[2021-06-22T16:45:22.139+0000][56959][gc,phases    ] GC(7)   Merge Heap Roots: 0.1ms
[2021-06-22T16:45:22.139+0000][56959][gc,phases    ] GC(7)   Evacuate Collection Set: 19.4ms
[2021-06-22T16:45:22.139+0000][56959][gc,phases    ] GC(7)   Post Evacuate Collection Set: 1.5ms
[2021-06-22T16:45:22.139+0000][56959][gc,phases    ] GC(7)   Other: 0.4ms
[2021-06-22T16:45:22.139+0000][56959][gc,heap      ] GC(7) Eden regions: 247->0(210)
[2021-06-22T16:45:22.139+0000][56959][gc,heap      ] GC(7) Survivor regions: 44->47(77)
[2021-06-22T16:45:22.139+0000][56959][gc,heap      ] GC(7) Old regions: 0->6
[2021-06-22T16:45:22.139+0000][56959][gc,heap      ] GC(7) Archive regions: 2->2
[2021-06-22T16:45:22.139+0000][56959][gc,heap      ] GC(7) Humongous regions: 1->1
[2021-06-22T16:45:22.139+0000][56959][gc,metaspace ] GC(7) Metaspace: 56179K(59948K)->56179K(59948K) NonClass: 48480K(50604K)->48480K(50604K) Class: 7699K(9344K)->7699K(9344K)
[2021-06-22T16:45:22.139+0000][56959][gc           ] GC(7) Pause Young (Concurrent Start) (Metadata GC Threshold) 292M->53M(1024M) 21.732ms
[2021-06-22T16:45:22.139+0000][56959][gc,cpu       ] GC(7) User=0.15s Sys=0.01s Real=0.02s
[2021-06-22T16:45:22.139+0000][56959][gc           ] GC(8) Concurrent Cycle
[2021-06-22T16:45:22.139+0000][56959][gc,marking   ] GC(8) Concurrent Clear Claimed Marks
[2021-06-22T16:45:22.140+0000][56959][safepoint    ] Safepoint "CollectForMetadataAllocation", Time since last: 655131439 ns, Reaching safepoint: 877339 ns, At safepoint: 21961424 ns, Total: 22838763 ns
[2021-06-22T16:45:22.140+0000][56959][gc,marking   ] GC(8) Concurrent Clear Claimed Marks 0.224ms
[2021-06-22T16:45:22.140+0000][56959][gc,marking   ] GC(8) Concurrent Scan Root Regions
[2021-06-22T16:45:22.156+0000][56959][gc,marking   ] GC(8) Concurrent Scan Root Regions 16.473ms
[2021-06-22T16:45:22.156+0000][56959][gc,marking   ] GC(8) Concurrent Mark (6.944s)
[2021-06-22T16:45:22.156+0000][56959][gc,marking   ] GC(8) Concurrent Mark From Roots
[2021-06-22T16:45:22.156+0000][56959][gc,task      ] GC(8) Using 2 workers of 2 for marking
[2021-06-22T16:45:22.157+0000][56959][gc,marking   ] GC(8) Concurrent Mark From Roots 0.881ms
[2021-06-22T16:45:22.157+0000][56959][gc,marking   ] GC(8) Concurrent Preclean
[2021-06-22T16:45:22.157+0000][56959][gc,marking   ] GC(8) Concurrent Preclean 0.018ms
[2021-06-22T16:45:22.157+0000][56959][gc,marking   ] GC(8) Concurrent Mark (6.944s, 6.945s) 0.972ms
[2021-06-22T16:45:22.157+0000][56959][gc,start     ] GC(8) Pause Remark
[2021-06-22T16:45:22.159+0000][56959][gc           ] GC(8) Pause Remark 57M->57M(1024M) 1.938ms
[2021-06-22T16:45:22.159+0000][56959][gc,cpu       ] GC(8) User=0.01s Sys=0.00s Real=0.00s
[2021-06-22T16:45:22.160+0000][56959][safepoint    ] Safepoint "G1Concurrent", Time since last: 17679156 ns, Reaching safepoint: 236442 ns, At safepoint: 2075667 ns, Total: 2312109 ns
[2021-06-22T16:45:22.160+0000][56959][gc,marking   ] GC(8) Concurrent Rebuild Remembered Sets
[2021-06-22T16:45:22.162+0000][56959][gc,marking   ] GC(8) Concurrent Rebuild Remembered Sets 1.992ms
[2021-06-22T16:45:22.162+0000][56959][gc,start     ] GC(8) Pause Cleanup
[2021-06-22T16:45:22.162+0000][56959][gc           ] GC(8) Pause Cleanup 57M->57M(1024M) 0.135ms
[2021-06-22T16:45:22.162+0000][56959][gc,cpu       ] GC(8) User=0.00s Sys=0.00s Real=0.00s
[2021-06-22T16:45:22.162+0000][56959][safepoint    ] Safepoint "G1Concurrent", Time since last: 2070526 ns, Reaching safepoint: 559853 ns, At safepoint: 212963 ns, Total: 772816 ns
[2021-06-22T16:45:22.162+0000][56959][gc,marking   ] GC(8) Concurrent Cleanup for Next Mark
[2021-06-22T16:45:22.163+0000][56959][gc,marking   ] GC(8) Concurrent Cleanup for Next Mark 1.016ms
[2021-06-22T16:45:22.163+0000][56959][gc           ] GC(8) Concurrent Cycle 24.089ms
[2021-06-22T16:45:22.177+0000][56959][gc,heap,exit ] Heap
[2021-06-22T16:45:22.177+0000][56959][gc,heap,exit ]  garbage-first heap   total 1048576K, used 61395K [0x00000007c0000000, 0x0000000800000000)
[2021-06-22T16:45:22.177+0000][56959][gc,heap,exit ]   region size 1024K, 55 young (56320K), 47 survivors (48128K)
[2021-06-22T16:45:22.177+0000][56959][gc,heap,exit ]  Metaspace       used 56403K, capacity 60140K, committed 60204K, reserved 1099776K
[2021-06-22T16:45:22.177+0000][56959][gc,heap,exit ]   class space    used 7722K, capacity 9292K, committed 9344K, reserved 1048576K
