[2021-06-19T00:43:20.285-0800][gc,heap] Heap region size: 1M
[2021-06-19T00:43:20.286-0800][gc,heap,coops] Heap address: 0x00000007c0000000, size: 1024 MB, Compressed Oops mode: Zero based, Oop shift amount: 3
[2021-06-19T00:43:20.295-0800][gc           ] Using G1
[2021-06-19T00:43:20.295-0800][gc,cds       ] Mark closed archive regions in map: [0x00000007fff00000, 0x00000007fff7aff8]
[2021-06-19T00:43:20.296-0800][gc,cds       ] Mark open archive regions in map: [0x00000007ffe00000, 0x00000007ffe50ff8]
[2021-06-19T00:43:20.313-0800][gc           ] Periodic GC disabled
[2021-06-19T00:43:21.321-0800][gc,start     ] GC(0) Pause Young (Normal) (G1 Evacuation Pause)
[2021-06-19T00:43:21.321-0800][gc,task      ] GC(0) Using 8 workers of 8 for evacuation
[2021-06-19T00:43:21.326-0800][gc,phases    ] GC(0)   Pre Evacuate Collection Set: 0.1ms
[2021-06-19T00:43:21.326-0800][gc,phases    ] GC(0)   Merge Heap Roots: 0.0ms
[2021-06-19T00:43:21.326-0800][gc,phases    ] GC(0)   Evacuate Collection Set: 3.9ms
[2021-06-19T00:43:21.326-0800][gc,phases    ] GC(0)   Post Evacuate Collection Set: 0.4ms
[2021-06-19T00:43:21.326-0800][gc,phases    ] GC(0)   Other: 0.5ms
[2021-06-19T00:43:21.326-0800][gc,heap      ] GC(0) Eden regions: 51->0(44)
[2021-06-19T00:43:21.326-0800][gc,heap      ] GC(0) Survivor regions: 0->7(7)
[2021-06-19T00:43:21.326-0800][gc,heap      ] GC(0) Old regions: 0->0
[2021-06-19T00:43:21.326-0800][gc,heap      ] GC(0) Archive regions: 2->2
[2021-06-19T00:43:21.326-0800][gc,heap      ] GC(0) Humongous regions: 0->0
[2021-06-19T00:43:21.326-0800][gc,metaspace ] GC(0) Metaspace: 14859K(15488K)->14859K(15488K) NonClass: 12962K(13312K)->12962K(13312K) Class: 1897K(2176K)->1897K(2176K)
[2021-06-19T00:43:21.326-0800][gc           ] GC(0) Pause Young (Normal) (G1 Evacuation Pause) 51M->7M(1024M) 5.017ms
[2021-06-19T00:43:21.326-0800][gc,cpu       ] GC(0) User=0.03s Sys=0.00s Real=0.00s
[2021-06-19T00:43:22.326-0800][gc,start     ] GC(1) Pause Young (Concurrent Start) (Metadata GC Threshold)
[2021-06-19T00:43:22.326-0800][gc,task      ] GC(1) Using 8 workers of 8 for evacuation
[2021-06-19T00:43:22.338-0800][gc,phases    ] GC(1)   Pre Evacuate Collection Set: 0.2ms
[2021-06-19T00:43:22.338-0800][gc,phases    ] GC(1)   Merge Heap Roots: 0.0ms
[2021-06-19T00:43:22.338-0800][gc,phases    ] GC(1)   Evacuate Collection Set: 10.0ms
[2021-06-19T00:43:22.338-0800][gc,phases    ] GC(1)   Post Evacuate Collection Set: 0.6ms
[2021-06-19T00:43:22.338-0800][gc,phases    ] GC(1)   Other: 1.2ms
[2021-06-19T00:43:22.338-0800][gc,heap      ] GC(1) Eden regions: 25->0(49)
[2021-06-19T00:43:22.338-0800][gc,heap      ] GC(1) Survivor regions: 7->2(7)
[2021-06-19T00:43:22.338-0800][gc,heap      ] GC(1) Old regions: 0->7
[2021-06-19T00:43:22.338-0800][gc,heap      ] GC(1) Archive regions: 2->2
[2021-06-19T00:43:22.338-0800][gc,heap      ] GC(1) Humongous regions: 0->0
[2021-06-19T00:43:22.338-0800][gc,metaspace ] GC(1) Metaspace: 20679K(21296K)->20679K(21296K) NonClass: 18083K(18432K)->18083K(18432K) Class: 2596K(2864K)->2596K(2864K)
[2021-06-19T00:43:22.338-0800][gc           ] GC(1) Pause Young (Concurrent Start) (Metadata GC Threshold) 32M->8M(1024M) 12.315ms
[2021-06-19T00:43:22.338-0800][gc,cpu       ] GC(1) User=0.02s Sys=0.00s Real=0.01s
[2021-06-19T00:43:22.338-0800][gc           ] GC(2) Concurrent Cycle
[2021-06-19T00:43:22.339-0800][gc,marking   ] GC(2) Concurrent Clear Claimed Marks
[2021-06-19T00:43:22.339-0800][gc,marking   ] GC(2) Concurrent Clear Claimed Marks 0.080ms
[2021-06-19T00:43:22.339-0800][gc,marking   ] GC(2) Concurrent Scan Root Regions
[2021-06-19T00:43:22.343-0800][gc,marking   ] GC(2) Concurrent Scan Root Regions 4.221ms
[2021-06-19T00:43:22.343-0800][gc,marking   ] GC(2) Concurrent Mark (2.066s)
[2021-06-19T00:43:22.343-0800][gc,marking   ] GC(2) Concurrent Mark From Roots
[2021-06-19T00:43:22.343-0800][gc,task      ] GC(2) Using 2 workers of 2 for marking
[2021-06-19T00:43:22.345-0800][gc,marking   ] GC(2) Concurrent Mark From Roots 1.827ms
[2021-06-19T00:43:22.345-0800][gc,marking   ] GC(2) Concurrent Preclean
[2021-06-19T00:43:22.345-0800][gc,marking   ] GC(2) Concurrent Preclean 0.029ms
[2021-06-19T00:43:22.345-0800][gc,marking   ] GC(2) Concurrent Mark (2.066s, 2.068s) 2.011ms
[2021-06-19T00:43:22.348-0800][gc,start     ] GC(2) Pause Remark
[2021-06-19T00:43:22.349-0800][gc           ] GC(2) Pause Remark 8M->8M(1024M) 1.317ms
[2021-06-19T00:43:22.349-0800][gc,cpu       ] GC(2) User=0.01s Sys=0.00s Real=0.00s
[2021-06-19T00:43:22.349-0800][gc,marking   ] GC(2) Concurrent Rebuild Remembered Sets
[2021-06-19T00:43:22.352-0800][gc,marking   ] GC(2) Concurrent Rebuild Remembered Sets 3.069ms
[2021-06-19T00:43:22.356-0800][gc,start     ] GC(2) Pause Cleanup
[2021-06-19T00:43:22.357-0800][gc           ] GC(2) Pause Cleanup 8M->8M(1024M) 0.434ms
[2021-06-19T00:43:22.357-0800][gc,cpu       ] GC(2) User=0.00s Sys=0.00s Real=0.00s
[2021-06-19T00:43:22.357-0800][gc,marking   ] GC(2) Concurrent Cleanup for Next Mark
[2021-06-19T00:43:22.446-0800][gc,marking   ] GC(2) Concurrent Cleanup for Next Mark 88.716ms
[2021-06-19T00:43:22.446-0800][gc           ] GC(2) Concurrent Cycle 107.182ms
[2021-06-19T00:43:24.247-0800][gc,start     ] GC(3) Pause Young (Normal) (G1 Evacuation Pause)
[2021-06-19T00:43:24.247-0800][gc,task      ] GC(3) Using 8 workers of 8 for evacuation
[2021-06-19T00:43:24.252-0800][gc,phases    ] GC(3)   Pre Evacuate Collection Set: 0.1ms
[2021-06-19T00:43:24.252-0800][gc,phases    ] GC(3)   Merge Heap Roots: 0.0ms
[2021-06-19T00:43:24.252-0800][gc,phases    ] GC(3)   Evacuate Collection Set: 4.2ms
[2021-06-19T00:43:24.252-0800][gc,phases    ] GC(3)   Post Evacuate Collection Set: 0.5ms
[2021-06-19T00:43:24.252-0800][gc,phases    ] GC(3)   Other: 0.2ms
[2021-06-19T00:43:24.253-0800][gc,heap      ] GC(3) Eden regions: 49->0(46)
[2021-06-19T00:43:24.253-0800][gc,heap      ] GC(3) Survivor regions: 2->5(7)
[2021-06-19T00:43:24.253-0800][gc,heap      ] GC(3) Old regions: 7->7
[2021-06-19T00:43:24.253-0800][gc,heap      ] GC(3) Archive regions: 2->2
[2021-06-19T00:43:24.253-0800][gc,heap      ] GC(3) Humongous regions: 129->129
[2021-06-19T00:43:24.253-0800][gc,metaspace ] GC(3) Metaspace: 29029K(30128K)->29029K(30128K) NonClass: 25544K(26112K)->25544K(26112K) Class: 3484K(4016K)->3484K(4016K)
[2021-06-19T00:43:24.253-0800][gc           ] GC(3) Pause Young (Normal) (G1 Evacuation Pause) 186M->140M(1024M) 5.388ms
[2021-06-19T00:43:24.253-0800][gc,cpu       ] GC(3) User=0.02s Sys=0.00s Real=0.01s
[2021-06-19T00:43:24.780-0800][gc,start     ] GC(4) Pause Young (Concurrent Start) (Metadata GC Threshold)
[2021-06-19T00:43:24.780-0800][gc,task      ] GC(4) Using 8 workers of 8 for evacuation
[2021-06-19T00:43:24.787-0800][gc,phases    ] GC(4)   Pre Evacuate Collection Set: 0.2ms
[2021-06-19T00:43:24.787-0800][gc,phases    ] GC(4)   Merge Heap Roots: 0.0ms
[2021-06-19T00:43:24.787-0800][gc,phases    ] GC(4)   Evacuate Collection Set: 6.0ms
[2021-06-19T00:43:24.787-0800][gc,phases    ] GC(4)   Post Evacuate Collection Set: 0.3ms
[2021-06-19T00:43:24.787-0800][gc,phases    ] GC(4)   Other: 0.2ms
[2021-06-19T00:43:24.787-0800][gc,heap      ] GC(4) Eden regions: 27->0(49)
[2021-06-19T00:43:24.787-0800][gc,heap      ] GC(4) Survivor regions: 5->2(7)
[2021-06-19T00:43:24.787-0800][gc,heap      ] GC(4) Old regions: 7->11
[2021-06-19T00:43:24.787-0800][gc,heap      ] GC(4) Archive regions: 2->2
[2021-06-19T00:43:24.787-0800][gc,heap      ] GC(4) Humongous regions: 129->129
[2021-06-19T00:43:24.787-0800][gc,metaspace ] GC(4) Metaspace: 34448K(35888K)->34448K(35888K) NonClass: 30238K(30976K)->30238K(30976K) Class: 4209K(4912K)->4209K(4912K)
[2021-06-19T00:43:24.787-0800][gc           ] GC(4) Pause Young (Concurrent Start) (Metadata GC Threshold) 166M->142M(1024M) 6.909ms
[2021-06-19T00:43:24.787-0800][gc,cpu       ] GC(4) User=0.03s Sys=0.01s Real=0.00s
[2021-06-19T00:43:24.787-0800][gc           ] GC(5) Concurrent Cycle
[2021-06-19T00:43:24.787-0800][gc,marking   ] GC(5) Concurrent Clear Claimed Marks
[2021-06-19T00:43:24.788-0800][gc,marking   ] GC(5) Concurrent Clear Claimed Marks 0.083ms
[2021-06-19T00:43:24.788-0800][gc,marking   ] GC(5) Concurrent Scan Root Regions
[2021-06-19T00:43:24.792-0800][gc,marking   ] GC(5) Concurrent Scan Root Regions 4.339ms
[2021-06-19T00:43:24.792-0800][gc,marking   ] GC(5) Concurrent Mark (4.515s)
[2021-06-19T00:43:24.792-0800][gc,marking   ] GC(5) Concurrent Mark From Roots
[2021-06-19T00:43:24.792-0800][gc,task      ] GC(5) Using 2 workers of 2 for marking
[2021-06-19T00:43:24.798-0800][gc,marking   ] GC(5) Concurrent Mark From Roots 6.153ms
[2021-06-19T00:43:24.798-0800][gc,marking   ] GC(5) Concurrent Preclean
[2021-06-19T00:43:24.798-0800][gc,marking   ] GC(5) Concurrent Preclean 0.084ms
[2021-06-19T00:43:24.798-0800][gc,marking   ] GC(5) Concurrent Mark (4.515s, 4.521s) 6.350ms
[2021-06-19T00:43:24.798-0800][gc,start     ] GC(5) Pause Remark
[2021-06-19T00:43:24.800-0800][gc           ] GC(5) Pause Remark 142M->142M(1024M) 1.853ms
[2021-06-19T00:43:24.800-0800][gc,cpu       ] GC(5) User=0.00s Sys=0.00s Real=0.01s
[2021-06-19T00:43:24.800-0800][gc,marking   ] GC(5) Concurrent Rebuild Remembered Sets
[2021-06-19T00:43:24.806-0800][gc,marking   ] GC(5) Concurrent Rebuild Remembered Sets 5.303ms
[2021-06-19T00:43:24.806-0800][gc,start     ] GC(5) Pause Cleanup
[2021-06-19T00:43:24.807-0800][gc           ] GC(5) Pause Cleanup 142M->142M(1024M) 0.274ms
[2021-06-19T00:43:24.807-0800][gc,cpu       ] GC(5) User=0.00s Sys=0.00s Real=0.00s
[2021-06-19T00:43:24.807-0800][gc,marking   ] GC(5) Concurrent Cleanup for Next Mark
[2021-06-19T00:43:24.815-0800][gc,marking   ] GC(5) Concurrent Cleanup for Next Mark 8.738ms
[2021-06-19T00:43:24.815-0800][gc           ] GC(5) Concurrent Cycle 28.075ms
[2021-06-19T00:44:21.378-0800][gc,heap,exit ] Heap
[2021-06-19T00:44:21.378-0800][gc,heap,exit ]  garbage-first heap   total 1048576K, used 158921K [0x00000007c0000000, 0x0000000800000000)
[2021-06-19T00:44:21.378-0800][gc,heap,exit ]   region size 1024K, 16 young (16384K), 2 survivors (2048K)
[2021-06-19T00:44:21.378-0800][gc,heap,exit ]  Metaspace       used 36002K, capacity 37550K, committed 37808K, reserved 1081344K
[2021-06-19T00:44:21.378-0800][gc,heap,exit ]   class space    used 4523K, capacity 5258K, committed 5296K, reserved 1048576K
