[2021-06-19T00:47:19.165-0800][gc,heap] Heap region size: 1M
[2021-06-19T00:47:19.165-0800][gc,heap,coops] Heap address: 0x00000007c0000000, size: 1024 MB, Compressed Oops mode: Zero based, Oop shift amount: 3
[2021-06-19T00:47:19.174-0800][gc           ] Using G1
[2021-06-19T00:47:19.175-0800][gc,cds       ] Mark closed archive regions in map: [0x00000007fff00000, 0x00000007fff7aff8]
[2021-06-19T00:47:19.175-0800][gc,cds       ] Mark open archive regions in map: [0x00000007ffe00000, 0x00000007ffe50ff8]
[2021-06-19T00:47:19.193-0800][gc           ] Periodic GC disabled
[2021-06-19T00:47:20.136-0800][gc,start     ] GC(0) Pause Young (Normal) (G1 Evacuation Pause)
[2021-06-19T00:47:20.137-0800][gc,task      ] GC(0) Using 8 workers of 8 for evacuation
[2021-06-19T00:47:20.143-0800][gc,phases    ] GC(0)   Pre Evacuate Collection Set: 0.1ms
[2021-06-19T00:47:20.143-0800][gc,phases    ] GC(0)   Merge Heap Roots: 0.0ms
[2021-06-19T00:47:20.143-0800][gc,phases    ] GC(0)   Evacuate Collection Set: 6.1ms
[2021-06-19T00:47:20.143-0800][gc,phases    ] GC(0)   Post Evacuate Collection Set: 0.4ms
[2021-06-19T00:47:20.143-0800][gc,phases    ] GC(0)   Other: 0.5ms
[2021-06-19T00:47:20.143-0800][gc,heap      ] GC(0) Eden regions: 51->0(44)
[2021-06-19T00:47:20.143-0800][gc,heap      ] GC(0) Survivor regions: 0->7(7)
[2021-06-19T00:47:20.143-0800][gc,heap      ] GC(0) Old regions: 0->0
[2021-06-19T00:47:20.143-0800][gc,heap      ] GC(0) Archive regions: 2->2
[2021-06-19T00:47:20.143-0800][gc,heap      ] GC(0) Humongous regions: 0->0
[2021-06-19T00:47:20.144-0800][gc,metaspace ] GC(0) Metaspace: 14728K(15360K)->14728K(15360K) NonClass: 12865K(13312K)->12865K(13312K) Class: 1862K(2048K)->1862K(2048K)
[2021-06-19T00:47:20.144-0800][gc           ] GC(0) Pause Young (Normal) (G1 Evacuation Pause) 51M->7M(1024M) 7.383ms
[2021-06-19T00:47:20.144-0800][gc,cpu       ] GC(0) User=0.02s Sys=0.00s Real=0.01s
[2021-06-19T00:47:21.097-0800][gc,start     ] GC(1) Pause Young (Concurrent Start) (Metadata GC Threshold)
[2021-06-19T00:47:21.097-0800][gc,task      ] GC(1) Using 8 workers of 8 for evacuation
[2021-06-19T00:47:21.103-0800][gc,phases    ] GC(1)   Pre Evacuate Collection Set: 0.1ms
[2021-06-19T00:47:21.103-0800][gc,phases    ] GC(1)   Merge Heap Roots: 0.0ms
[2021-06-19T00:47:21.103-0800][gc,phases    ] GC(1)   Evacuate Collection Set: 4.9ms
[2021-06-19T00:47:21.103-0800][gc,phases    ] GC(1)   Post Evacuate Collection Set: 0.4ms
[2021-06-19T00:47:21.103-0800][gc,phases    ] GC(1)   Other: 0.2ms
[2021-06-19T00:47:21.103-0800][gc,heap      ] GC(1) Eden regions: 25->0(49)
[2021-06-19T00:47:21.103-0800][gc,heap      ] GC(1) Survivor regions: 7->2(7)
[2021-06-19T00:47:21.103-0800][gc,heap      ] GC(1) Old regions: 0->7
[2021-06-19T00:47:21.103-0800][gc,heap      ] GC(1) Archive regions: 2->2
[2021-06-19T00:47:21.103-0800][gc,heap      ] GC(1) Humongous regions: 0->0
[2021-06-19T00:47:21.103-0800][gc,metaspace ] GC(1) Metaspace: 20440K(21248K)->20440K(21248K) NonClass: 17879K(18432K)->17879K(18432K) Class: 2561K(2816K)->2561K(2816K)
[2021-06-19T00:47:21.103-0800][gc           ] GC(1) Pause Young (Concurrent Start) (Metadata GC Threshold) 31M->8M(1024M) 5.978ms
[2021-06-19T00:47:21.103-0800][gc,cpu       ] GC(1) User=0.02s Sys=0.01s Real=0.01s
[2021-06-19T00:47:21.103-0800][gc           ] GC(2) Concurrent Cycle
[2021-06-19T00:47:21.103-0800][gc,marking   ] GC(2) Concurrent Clear Claimed Marks
[2021-06-19T00:47:21.103-0800][gc,marking   ] GC(2) Concurrent Clear Claimed Marks 0.041ms
[2021-06-19T00:47:21.103-0800][gc,marking   ] GC(2) Concurrent Scan Root Regions
[2021-06-19T00:47:21.105-0800][gc,marking   ] GC(2) Concurrent Scan Root Regions 2.398ms
[2021-06-19T00:47:21.105-0800][gc,marking   ] GC(2) Concurrent Mark (1.949s)
[2021-06-19T00:47:21.105-0800][gc,marking   ] GC(2) Concurrent Mark From Roots
[2021-06-19T00:47:21.105-0800][gc,task      ] GC(2) Using 2 workers of 2 for marking
[2021-06-19T00:47:21.107-0800][gc,marking   ] GC(2) Concurrent Mark From Roots 1.160ms
[2021-06-19T00:47:21.107-0800][gc,marking   ] GC(2) Concurrent Preclean
[2021-06-19T00:47:21.107-0800][gc,marking   ] GC(2) Concurrent Preclean 0.028ms
[2021-06-19T00:47:21.107-0800][gc,marking   ] GC(2) Concurrent Mark (1.949s, 1.950s) 1.262ms
[2021-06-19T00:47:21.107-0800][gc,start     ] GC(2) Pause Remark
[2021-06-19T00:47:21.108-0800][gc           ] GC(2) Pause Remark 8M->8M(1024M) 0.840ms
[2021-06-19T00:47:21.108-0800][gc,cpu       ] GC(2) User=0.00s Sys=0.00s Real=0.00s
[2021-06-19T00:47:21.108-0800][gc,marking   ] GC(2) Concurrent Rebuild Remembered Sets
[2021-06-19T00:47:21.110-0800][gc,marking   ] GC(2) Concurrent Rebuild Remembered Sets 2.572ms
[2021-06-19T00:47:21.111-0800][gc,start     ] GC(2) Pause Cleanup
[2021-06-19T00:47:21.111-0800][gc           ] GC(2) Pause Cleanup 8M->8M(1024M) 0.159ms
[2021-06-19T00:47:21.111-0800][gc,cpu       ] GC(2) User=0.00s Sys=0.00s Real=0.00s
[2021-06-19T00:47:21.111-0800][gc,marking   ] GC(2) Concurrent Cleanup for Next Mark
[2021-06-19T00:47:21.117-0800][gc,marking   ] GC(2) Concurrent Cleanup for Next Mark 5.681ms
[2021-06-19T00:47:21.117-0800][gc           ] GC(2) Concurrent Cycle 14.117ms
[2021-06-19T00:47:21.957-0800][gc,start     ] GC(3) Pause Young (Normal) (G1 Evacuation Pause)
[2021-06-19T00:47:21.957-0800][gc,task      ] GC(3) Using 8 workers of 8 for evacuation
[2021-06-19T00:47:21.963-0800][gc,phases    ] GC(3)   Pre Evacuate Collection Set: 0.1ms
[2021-06-19T00:47:21.963-0800][gc,phases    ] GC(3)   Merge Heap Roots: 0.0ms
[2021-06-19T00:47:21.963-0800][gc,phases    ] GC(3)   Evacuate Collection Set: 5.3ms
[2021-06-19T00:47:21.963-0800][gc,phases    ] GC(3)   Post Evacuate Collection Set: 0.5ms
[2021-06-19T00:47:21.963-0800][gc,phases    ] GC(3)   Other: 0.2ms
[2021-06-19T00:47:21.963-0800][gc,heap      ] GC(3) Eden regions: 49->0(46)
[2021-06-19T00:47:21.963-0800][gc,heap      ] GC(3) Survivor regions: 2->5(7)
[2021-06-19T00:47:21.963-0800][gc,heap      ] GC(3) Old regions: 7->7
[2021-06-19T00:47:21.963-0800][gc,heap      ] GC(3) Archive regions: 2->2
[2021-06-19T00:47:21.963-0800][gc,heap      ] GC(3) Humongous regions: 129->129
[2021-06-19T00:47:21.963-0800][gc,metaspace ] GC(3) Metaspace: 28954K(30080K)->28954K(30080K) NonClass: 25461K(26112K)->25461K(26112K) Class: 3493K(3968K)->3493K(3968K)
[2021-06-19T00:47:21.963-0800][gc           ] GC(3) Pause Young (Normal) (G1 Evacuation Pause) 186M->140M(1024M) 6.323ms
[2021-06-19T00:47:21.963-0800][gc,cpu       ] GC(3) User=0.02s Sys=0.00s Real=0.01s
[2021-06-19T00:47:22.467-0800][gc,start     ] GC(4) Pause Young (Concurrent Start) (Metadata GC Threshold)
[2021-06-19T00:47:22.467-0800][gc,task      ] GC(4) Using 8 workers of 8 for evacuation
[2021-06-19T00:47:22.473-0800][gc,phases    ] GC(4)   Pre Evacuate Collection Set: 0.2ms
[2021-06-19T00:47:22.473-0800][gc,phases    ] GC(4)   Merge Heap Roots: 0.0ms
[2021-06-19T00:47:22.473-0800][gc,phases    ] GC(4)   Evacuate Collection Set: 4.9ms
[2021-06-19T00:47:22.473-0800][gc,phases    ] GC(4)   Post Evacuate Collection Set: 0.3ms
[2021-06-19T00:47:22.473-0800][gc,phases    ] GC(4)   Other: 0.2ms
[2021-06-19T00:47:22.473-0800][gc,heap      ] GC(4) Eden regions: 26->0(49)
[2021-06-19T00:47:22.473-0800][gc,heap      ] GC(4) Survivor regions: 5->2(7)
[2021-06-19T00:47:22.473-0800][gc,heap      ] GC(4) Old regions: 7->11
[2021-06-19T00:47:22.473-0800][gc,heap      ] GC(4) Archive regions: 2->2
[2021-06-19T00:47:22.473-0800][gc,heap      ] GC(4) Humongous regions: 129->129
[2021-06-19T00:47:22.473-0800][gc,metaspace ] GC(4) Metaspace: 34196K(35584K)->34196K(35584K) NonClass: 30042K(30720K)->30042K(30720K) Class: 4154K(4864K)->4154K(4864K)
[2021-06-19T00:47:22.473-0800][gc           ] GC(4) Pause Young (Concurrent Start) (Metadata GC Threshold) 165M->142M(1024M) 5.653ms
[2021-06-19T00:47:22.473-0800][gc,cpu       ] GC(4) User=0.03s Sys=0.01s Real=0.01s
[2021-06-19T00:47:22.473-0800][gc           ] GC(5) Concurrent Cycle
[2021-06-19T00:47:22.473-0800][gc,marking   ] GC(5) Concurrent Clear Claimed Marks
[2021-06-19T00:47:22.473-0800][gc,marking   ] GC(5) Concurrent Clear Claimed Marks 0.073ms
[2021-06-19T00:47:22.473-0800][gc,marking   ] GC(5) Concurrent Scan Root Regions
[2021-06-19T00:47:22.477-0800][gc,marking   ] GC(5) Concurrent Scan Root Regions 3.711ms
[2021-06-19T00:47:22.477-0800][gc,marking   ] GC(5) Concurrent Mark (3.321s)
[2021-06-19T00:47:22.477-0800][gc,marking   ] GC(5) Concurrent Mark From Roots
[2021-06-19T00:47:22.477-0800][gc,task      ] GC(5) Using 2 workers of 2 for marking
[2021-06-19T00:47:22.484-0800][gc,marking   ] GC(5) Concurrent Mark From Roots 6.768ms
[2021-06-19T00:47:22.484-0800][gc,marking   ] GC(5) Concurrent Preclean
[2021-06-19T00:47:22.484-0800][gc,marking   ] GC(5) Concurrent Preclean 0.078ms
[2021-06-19T00:47:22.484-0800][gc,marking   ] GC(5) Concurrent Mark (3.321s, 3.328s) 6.915ms
[2021-06-19T00:47:22.484-0800][gc,start     ] GC(5) Pause Remark
[2021-06-19T00:47:22.485-0800][gc           ] GC(5) Pause Remark 142M->142M(1024M) 1.262ms
[2021-06-19T00:47:22.486-0800][gc,cpu       ] GC(5) User=0.01s Sys=0.00s Real=0.00s
[2021-06-19T00:47:22.486-0800][gc,marking   ] GC(5) Concurrent Rebuild Remembered Sets
[2021-06-19T00:47:22.491-0800][gc,marking   ] GC(5) Concurrent Rebuild Remembered Sets 5.679ms
[2021-06-19T00:47:22.492-0800][gc,start     ] GC(5) Pause Cleanup
[2021-06-19T00:47:22.492-0800][gc           ] GC(5) Pause Cleanup 143M->143M(1024M) 0.194ms
[2021-06-19T00:47:22.492-0800][gc,cpu       ] GC(5) User=0.00s Sys=0.00s Real=0.00s
[2021-06-19T00:47:22.492-0800][gc,marking   ] GC(5) Concurrent Cleanup for Next Mark
[2021-06-19T00:47:22.501-0800][gc,marking   ] GC(5) Concurrent Cleanup for Next Mark 8.268ms
[2021-06-19T00:47:22.501-0800][gc           ] GC(5) Concurrent Cycle 27.542ms
[2021-06-19T01:02:31.332-0800][gc,start     ] GC(6) Pause Young (Normal) (G1 Evacuation Pause)
[2021-06-19T01:02:31.334-0800][gc,task      ] GC(6) Using 8 workers of 8 for evacuation
[2021-06-19T01:02:31.390-0800][gc,mmu       ] GC(6) MMU target violated: 21.0ms (20.0ms/21.0ms)
[2021-06-19T01:02:31.390-0800][gc,phases    ] GC(6)   Pre Evacuate Collection Set: 6.6ms
[2021-06-19T01:02:31.390-0800][gc,phases    ] GC(6)   Merge Heap Roots: 3.4ms
[2021-06-19T01:02:31.390-0800][gc,phases    ] GC(6)   Evacuate Collection Set: 42.9ms
[2021-06-19T01:02:31.390-0800][gc,phases    ] GC(6)   Post Evacuate Collection Set: 1.6ms
[2021-06-19T01:02:31.390-0800][gc,phases    ] GC(6)   Other: 3.3ms
[2021-06-19T01:02:31.390-0800][gc,heap      ] GC(6) Eden regions: 49->0(47)
[2021-06-19T01:02:31.390-0800][gc,heap      ] GC(6) Survivor regions: 2->4(7)
[2021-06-19T01:02:31.390-0800][gc,heap      ] GC(6) Old regions: 11->11
[2021-06-19T01:02:31.390-0800][gc,heap      ] GC(6) Archive regions: 2->2
[2021-06-19T01:02:31.390-0800][gc,heap      ] GC(6) Humongous regions: 129->129
[2021-06-19T01:02:31.390-0800][gc,metaspace ] GC(6) Metaspace: 39745K(42112K)->39745K(42112K) NonClass: 34590K(35840K)->34590K(35840K) Class: 5155K(6272K)->5155K(6272K)
[2021-06-19T01:02:31.390-0800][gc           ] GC(6) Pause Young (Normal) (G1 Evacuation Pause) 191M->143M(1024M) 57.898ms
[2021-06-19T01:02:31.390-0800][gc,cpu       ] GC(6) User=0.03s Sys=0.14s Real=0.06s
[2021-06-19T01:04:58.113-0800][gc,heap,exit ] Heap
[2021-06-19T01:04:58.114-0800][gc,heap,exit ]  garbage-first heap   total 1048576K, used 171812K [0x00000007c0000000, 0x0000000800000000)
[2021-06-19T01:04:58.114-0800][gc,heap,exit ]   region size 1024K, 29 young (29696K), 4 survivors (4096K)
[2021-06-19T01:04:58.114-0800][gc,heap,exit ]  Metaspace       used 40720K, capacity 43070K, committed 43264K, reserved 1085440K
[2021-06-19T01:04:58.114-0800][gc,heap,exit ]   class space    used 5396K, capacity 6552K, committed 6656K, reserved 1048576K
