[2021-06-19T01:06:53.686-0800][gc,heap] Heap region size: 1M
[2021-06-19T01:06:53.686-0800][gc,heap,coops] Heap address: 0x00000007c0000000, size: 1024 MB, Compressed Oops mode: Zero based, Oop shift amount: 3
[2021-06-19T01:06:53.696-0800][gc           ] Using G1
[2021-06-19T01:06:53.697-0800][gc,cds       ] Mark closed archive regions in map: [0x00000007fff00000, 0x00000007fff7aff8]
[2021-06-19T01:06:53.697-0800][gc,cds       ] Mark open archive regions in map: [0x00000007ffe00000, 0x00000007ffe50ff8]
[2021-06-19T01:06:53.715-0800][gc           ] Periodic GC disabled
[2021-06-19T01:06:54.600-0800][gc,start     ] GC(0) Pause Young (Normal) (G1 Evacuation Pause)
[2021-06-19T01:06:54.601-0800][gc,task      ] GC(0) Using 8 workers of 8 for evacuation
[2021-06-19T01:06:54.605-0800][gc,phases    ] GC(0)   Pre Evacuate Collection Set: 0.1ms
[2021-06-19T01:06:54.605-0800][gc,phases    ] GC(0)   Merge Heap Roots: 0.0ms
[2021-06-19T01:06:54.605-0800][gc,phases    ] GC(0)   Evacuate Collection Set: 3.9ms
[2021-06-19T01:06:54.605-0800][gc,phases    ] GC(0)   Post Evacuate Collection Set: 0.4ms
[2021-06-19T01:06:54.605-0800][gc,phases    ] GC(0)   Other: 0.5ms
[2021-06-19T01:06:54.605-0800][gc,heap      ] GC(0) Eden regions: 51->0(44)
[2021-06-19T01:06:54.605-0800][gc,heap      ] GC(0) Survivor regions: 0->7(7)
[2021-06-19T01:06:54.605-0800][gc,heap      ] GC(0) Old regions: 0->0
[2021-06-19T01:06:54.605-0800][gc,heap      ] GC(0) Archive regions: 2->2
[2021-06-19T01:06:54.605-0800][gc,heap      ] GC(0) Humongous regions: 0->0
[2021-06-19T01:06:54.605-0800][gc,metaspace ] GC(0) Metaspace: 14740K(15360K)->14740K(15360K) NonClass: 12875K(13312K)->12875K(13312K) Class: 1865K(2048K)->1865K(2048K)
[2021-06-19T01:06:54.605-0800][gc           ] GC(0) Pause Young (Normal) (G1 Evacuation Pause) 51M->7M(1024M) 5.014ms
[2021-06-19T01:06:54.605-0800][gc,cpu       ] GC(0) User=0.02s Sys=0.00s Real=0.00s
[2021-06-19T01:06:55.078-0800][gc,start     ] GC(1) Pause Young (Concurrent Start) (Metadata GC Threshold)
[2021-06-19T01:06:55.078-0800][gc,task      ] GC(1) Using 8 workers of 8 for evacuation
[2021-06-19T01:06:55.084-0800][gc,phases    ] GC(1)   Pre Evacuate Collection Set: 0.1ms
[2021-06-19T01:06:55.084-0800][gc,phases    ] GC(1)   Merge Heap Roots: 0.0ms
[2021-06-19T01:06:55.084-0800][gc,phases    ] GC(1)   Evacuate Collection Set: 5.1ms
[2021-06-19T01:06:55.084-0800][gc,phases    ] GC(1)   Post Evacuate Collection Set: 0.3ms
[2021-06-19T01:06:55.084-0800][gc,phases    ] GC(1)   Other: 0.2ms
[2021-06-19T01:06:55.084-0800][gc,heap      ] GC(1) Eden regions: 24->0(49)
[2021-06-19T01:06:55.084-0800][gc,heap      ] GC(1) Survivor regions: 7->2(7)
[2021-06-19T01:06:55.084-0800][gc,heap      ] GC(1) Old regions: 0->7
[2021-06-19T01:06:55.084-0800][gc,heap      ] GC(1) Archive regions: 2->2
[2021-06-19T01:06:55.084-0800][gc,heap      ] GC(1) Humongous regions: 0->0
[2021-06-19T01:06:55.084-0800][gc,metaspace ] GC(1) Metaspace: 20429K(21248K)->20429K(21248K) NonClass: 17867K(18432K)->17867K(18432K) Class: 2561K(2816K)->2561K(2816K)
[2021-06-19T01:06:55.084-0800][gc           ] GC(1) Pause Young (Concurrent Start) (Metadata GC Threshold) 31M->8M(1024M) 5.897ms
[2021-06-19T01:06:55.084-0800][gc,cpu       ] GC(1) User=0.02s Sys=0.01s Real=0.01s
[2021-06-19T01:06:55.084-0800][gc           ] GC(2) Concurrent Cycle
[2021-06-19T01:06:55.084-0800][gc,marking   ] GC(2) Concurrent Clear Claimed Marks
[2021-06-19T01:06:55.084-0800][gc,marking   ] GC(2) Concurrent Clear Claimed Marks 0.056ms
[2021-06-19T01:06:55.084-0800][gc,marking   ] GC(2) Concurrent Scan Root Regions
[2021-06-19T01:06:55.087-0800][gc,marking   ] GC(2) Concurrent Scan Root Regions 2.937ms
[2021-06-19T01:06:55.087-0800][gc,marking   ] GC(2) Concurrent Mark (1.414s)
[2021-06-19T01:06:55.087-0800][gc,marking   ] GC(2) Concurrent Mark From Roots
[2021-06-19T01:06:55.087-0800][gc,task      ] GC(2) Using 2 workers of 2 for marking
[2021-06-19T01:06:55.089-0800][gc,marking   ] GC(2) Concurrent Mark From Roots 1.454ms
[2021-06-19T01:06:55.089-0800][gc,marking   ] GC(2) Concurrent Preclean
[2021-06-19T01:06:55.089-0800][gc,marking   ] GC(2) Concurrent Preclean 0.047ms
[2021-06-19T01:06:55.089-0800][gc,marking   ] GC(2) Concurrent Mark (1.414s, 1.415s) 1.602ms
[2021-06-19T01:06:55.089-0800][gc,start     ] GC(2) Pause Remark
[2021-06-19T01:06:55.090-0800][gc           ] GC(2) Pause Remark 8M->8M(1024M) 0.847ms
[2021-06-19T01:06:55.090-0800][gc,cpu       ] GC(2) User=0.00s Sys=0.00s Real=0.01s
[2021-06-19T01:06:55.090-0800][gc,marking   ] GC(2) Concurrent Rebuild Remembered Sets
[2021-06-19T01:06:55.093-0800][gc,marking   ] GC(2) Concurrent Rebuild Remembered Sets 2.539ms
[2021-06-19T01:06:55.093-0800][gc,start     ] GC(2) Pause Cleanup
[2021-06-19T01:06:55.093-0800][gc           ] GC(2) Pause Cleanup 8M->8M(1024M) 0.154ms
[2021-06-19T01:06:55.093-0800][gc,cpu       ] GC(2) User=0.00s Sys=0.00s Real=0.00s
[2021-06-19T01:06:55.093-0800][gc,marking   ] GC(2) Concurrent Cleanup for Next Mark
[2021-06-19T01:06:55.099-0800][gc,marking   ] GC(2) Concurrent Cleanup for Next Mark 5.826ms
[2021-06-19T01:06:55.099-0800][gc           ] GC(2) Concurrent Cycle 14.920ms
[2021-06-19T01:06:55.803-0800][gc,start     ] GC(3) Pause Young (Normal) (G1 Evacuation Pause)
[2021-06-19T01:06:55.803-0800][gc,task      ] GC(3) Using 8 workers of 8 for evacuation
[2021-06-19T01:06:55.807-0800][gc,phases    ] GC(3)   Pre Evacuate Collection Set: 0.1ms
[2021-06-19T01:06:55.808-0800][gc,phases    ] GC(3)   Merge Heap Roots: 0.1ms
[2021-06-19T01:06:55.808-0800][gc,phases    ] GC(3)   Evacuate Collection Set: 3.8ms
[2021-06-19T01:06:55.808-0800][gc,phases    ] GC(3)   Post Evacuate Collection Set: 0.5ms
[2021-06-19T01:06:55.808-0800][gc,phases    ] GC(3)   Other: 0.1ms
[2021-06-19T01:06:55.808-0800][gc,heap      ] GC(3) Eden regions: 49->0(46)
[2021-06-19T01:06:55.808-0800][gc,heap      ] GC(3) Survivor regions: 2->5(7)
[2021-06-19T01:06:55.808-0800][gc,heap      ] GC(3) Old regions: 7->7
[2021-06-19T01:06:55.808-0800][gc,heap      ] GC(3) Archive regions: 2->2
[2021-06-19T01:06:55.808-0800][gc,heap      ] GC(3) Humongous regions: 129->129
[2021-06-19T01:06:55.808-0800][gc,metaspace ] GC(3) Metaspace: 29479K(30720K)->29479K(30720K) NonClass: 25886K(26624K)->25886K(26624K) Class: 3593K(4096K)->3593K(4096K)
[2021-06-19T01:06:55.808-0800][gc           ] GC(3) Pause Young (Normal) (G1 Evacuation Pause) 186M->140M(1024M) 4.897ms
[2021-06-19T01:06:55.808-0800][gc,cpu       ] GC(3) User=0.01s Sys=0.00s Real=0.00s
[2021-06-19T01:06:56.217-0800][gc,start     ] GC(4) Pause Young (Concurrent Start) (Metadata GC Threshold)
[2021-06-19T01:06:56.217-0800][gc,task      ] GC(4) Using 8 workers of 8 for evacuation
[2021-06-19T01:06:56.221-0800][gc,phases    ] GC(4)   Pre Evacuate Collection Set: 0.2ms
[2021-06-19T01:06:56.221-0800][gc,phases    ] GC(4)   Merge Heap Roots: 0.0ms
[2021-06-19T01:06:56.221-0800][gc,phases    ] GC(4)   Evacuate Collection Set: 3.7ms
[2021-06-19T01:06:56.221-0800][gc,phases    ] GC(4)   Post Evacuate Collection Set: 0.3ms
[2021-06-19T01:06:56.221-0800][gc,phases    ] GC(4)   Other: 0.2ms
[2021-06-19T01:06:56.221-0800][gc,heap      ] GC(4) Eden regions: 23->0(45)
[2021-06-19T01:06:56.221-0800][gc,heap      ] GC(4) Survivor regions: 5->6(7)
[2021-06-19T01:06:56.222-0800][gc,heap      ] GC(4) Old regions: 7->7
[2021-06-19T01:06:56.222-0800][gc,heap      ] GC(4) Archive regions: 2->2
[2021-06-19T01:06:56.222-0800][gc,heap      ] GC(4) Humongous regions: 129->129
[2021-06-19T01:06:56.222-0800][gc,metaspace ] GC(4) Metaspace: 34169K(35628K)->34169K(35628K) NonClass: 30055K(30892K)->30055K(30892K) Class: 4113K(4736K)->4113K(4736K)
[2021-06-19T01:06:56.222-0800][gc           ] GC(4) Pause Young (Concurrent Start) (Metadata GC Threshold) 162M->142M(1024M) 4.679ms
[2021-06-19T01:06:56.222-0800][gc,cpu       ] GC(4) User=0.02s Sys=0.00s Real=0.01s
[2021-06-19T01:06:56.222-0800][gc           ] GC(5) Concurrent Cycle
[2021-06-19T01:06:56.222-0800][gc,marking   ] GC(5) Concurrent Clear Claimed Marks
[2021-06-19T01:06:56.222-0800][gc,marking   ] GC(5) Concurrent Clear Claimed Marks 0.083ms
[2021-06-19T01:06:56.222-0800][gc,marking   ] GC(5) Concurrent Scan Root Regions
[2021-06-19T01:06:56.227-0800][gc,marking   ] GC(5) Concurrent Scan Root Regions 5.003ms
[2021-06-19T01:06:56.227-0800][gc,marking   ] GC(5) Concurrent Mark (2.553s)
[2021-06-19T01:06:56.227-0800][gc,marking   ] GC(5) Concurrent Mark From Roots
[2021-06-19T01:06:56.227-0800][gc,task      ] GC(5) Using 2 workers of 2 for marking
[2021-06-19T01:06:56.236-0800][gc,marking   ] GC(5) Concurrent Mark From Roots 8.911ms
[2021-06-19T01:06:56.236-0800][gc,marking   ] GC(5) Concurrent Preclean
[2021-06-19T01:06:56.236-0800][gc,marking   ] GC(5) Concurrent Preclean 0.152ms
[2021-06-19T01:06:56.236-0800][gc,marking   ] GC(5) Concurrent Mark (2.553s, 2.563s) 9.142ms
[2021-06-19T01:06:56.237-0800][gc,start     ] GC(5) Pause Remark
[2021-06-19T01:06:56.239-0800][gc           ] GC(5) Pause Remark 143M->143M(1024M) 1.760ms
[2021-06-19T01:06:56.239-0800][gc,cpu       ] GC(5) User=0.00s Sys=0.00s Real=0.00s
[2021-06-19T01:06:56.239-0800][gc,marking   ] GC(5) Concurrent Rebuild Remembered Sets
[2021-06-19T01:06:56.243-0800][gc,marking   ] GC(5) Concurrent Rebuild Remembered Sets 4.541ms
[2021-06-19T01:06:56.243-0800][gc,start     ] GC(5) Pause Cleanup
[2021-06-19T01:06:56.244-0800][gc           ] GC(5) Pause Cleanup 144M->144M(1024M) 0.155ms
[2021-06-19T01:06:56.244-0800][gc,cpu       ] GC(5) User=0.00s Sys=0.00s Real=0.00s
[2021-06-19T01:06:56.244-0800][gc,marking   ] GC(5) Concurrent Cleanup for Next Mark
[2021-06-19T01:06:56.252-0800][gc,marking   ] GC(5) Concurrent Cleanup for Next Mark 7.963ms
[2021-06-19T01:06:56.252-0800][gc           ] GC(5) Concurrent Cycle 29.910ms
[2021-06-19T01:08:55.771-0800][gc,start     ] GC(6) Pause Young (Normal) (G1 Evacuation Pause)
[2021-06-19T01:08:55.771-0800][gc,task      ] GC(6) Using 8 workers of 8 for evacuation
[2021-06-19T01:08:55.779-0800][gc,phases    ] GC(6)   Pre Evacuate Collection Set: 0.1ms
[2021-06-19T01:08:55.779-0800][gc,phases    ] GC(6)   Merge Heap Roots: 0.6ms
[2021-06-19T01:08:55.779-0800][gc,phases    ] GC(6)   Evacuate Collection Set: 6.6ms
[2021-06-19T01:08:55.779-0800][gc,phases    ] GC(6)   Post Evacuate Collection Set: 0.7ms
[2021-06-19T01:08:55.779-0800][gc,phases    ] GC(6)   Other: 0.5ms
[2021-06-19T01:08:55.780-0800][gc,heap      ] GC(6) Eden regions: 45->0(46)
[2021-06-19T01:08:55.780-0800][gc,heap      ] GC(6) Survivor regions: 6->5(7)
[2021-06-19T01:08:55.780-0800][gc,heap      ] GC(6) Old regions: 7->11
[2021-06-19T01:08:55.780-0800][gc,heap      ] GC(6) Archive regions: 2->2
[2021-06-19T01:08:55.780-0800][gc,heap      ] GC(6) Humongous regions: 129->129
[2021-06-19T01:08:55.780-0800][gc,metaspace ] GC(6) Metaspace: 39922K(42232K)->39922K(42232K) NonClass: 34634K(35756K)->34634K(35756K) Class: 5288K(6476K)->5288K(6476K)
[2021-06-19T01:08:55.780-0800][gc           ] GC(6) Pause Young (Normal) (G1 Evacuation Pause) 187M->144M(1024M) 8.776ms
[2021-06-19T01:08:55.780-0800][gc,cpu       ] GC(6) User=0.04s Sys=0.01s Real=0.01s
[2021-06-19T01:21:32.539-0800][gc,start     ] GC(7) Pause Young (Normal) (G1 Evacuation Pause)
[2021-06-19T01:21:32.541-0800][gc,task      ] GC(7) Using 8 workers of 8 for evacuation
[2021-06-19T01:21:32.636-0800][gc,mmu       ] GC(7) MMU target violated: 21.0ms (20.0ms/21.0ms)
[2021-06-19T01:21:32.636-0800][gc,phases    ] GC(7)   Pre Evacuate Collection Set: 9.2ms
[2021-06-19T01:21:32.637-0800][gc,phases    ] GC(7)   Merge Heap Roots: 6.8ms
[2021-06-19T01:21:32.637-0800][gc,phases    ] GC(7)   Evacuate Collection Set: 71.2ms
[2021-06-19T01:21:32.637-0800][gc,phases    ] GC(7)   Post Evacuate Collection Set: 6.5ms
[2021-06-19T01:21:32.637-0800][gc,phases    ] GC(7)   Other: 4.0ms
[2021-06-19T01:21:32.637-0800][gc,heap      ] GC(7) Eden regions: 46->0(46)
[2021-06-19T01:21:32.637-0800][gc,heap      ] GC(7) Survivor regions: 5->5(7)
[2021-06-19T01:21:32.637-0800][gc,heap      ] GC(7) Old regions: 11->13
[2021-06-19T01:21:32.637-0800][gc,heap      ] GC(7) Archive regions: 2->2
[2021-06-19T01:21:32.637-0800][gc,heap      ] GC(7) Humongous regions: 129->129
[2021-06-19T01:21:32.637-0800][gc,metaspace ] GC(7) Metaspace: 41787K(44536K)->41787K(44536K) NonClass: 36284K(37804K)->36284K(37804K) Class: 5502K(6732K)->5502K(6732K)
[2021-06-19T01:21:32.637-0800][gc           ] GC(7) Pause Young (Normal) (G1 Evacuation Pause) 190M->146M(1024M) 97.739ms
[2021-06-19T01:21:32.637-0800][gc,cpu       ] GC(7) User=0.04s Sys=0.21s Real=0.10s
[2021-06-19T01:36:25.259-0800][gc,start     ] GC(8) Pause Young (Normal) (G1 Evacuation Pause)
[2021-06-19T01:36:25.262-0800][gc,task      ] GC(8) Using 8 workers of 8 for evacuation
[2021-06-19T01:36:25.369-0800][gc,mmu       ] GC(8) MMU target violated: 21.0ms (20.0ms/21.0ms)
[2021-06-19T01:36:25.369-0800][gc,phases    ] GC(8)   Pre Evacuate Collection Set: 6.5ms
[2021-06-19T01:36:25.369-0800][gc,phases    ] GC(8)   Merge Heap Roots: 1.6ms
[2021-06-19T01:36:25.369-0800][gc,phases    ] GC(8)   Evacuate Collection Set: 88.5ms
[2021-06-19T01:36:25.369-0800][gc,phases    ] GC(8)   Post Evacuate Collection Set: 9.5ms
[2021-06-19T01:36:25.370-0800][gc,phases    ] GC(8)   Other: 5.5ms
[2021-06-19T01:36:25.370-0800][gc,heap      ] GC(8) Eden regions: 46->0(48)
[2021-06-19T01:36:25.370-0800][gc,heap      ] GC(8) Survivor regions: 5->3(7)
[2021-06-19T01:36:25.370-0800][gc,heap      ] GC(8) Old regions: 13->15
[2021-06-19T01:36:25.370-0800][gc,heap      ] GC(8) Archive regions: 2->2
[2021-06-19T01:36:25.370-0800][gc,heap      ] GC(8) Humongous regions: 129->129
[2021-06-19T01:36:25.370-0800][gc,metaspace ] GC(8) Metaspace: 41885K(44536K)->41885K(44536K) NonClass: 36382K(37804K)->36382K(37804K) Class: 5502K(6732K)->5502K(6732K)
[2021-06-19T01:36:25.370-0800][gc           ] GC(8) Pause Young (Normal) (G1 Evacuation Pause) 192M->146M(1024M) 110.551ms
[2021-06-19T01:36:25.370-0800][gc,cpu       ] GC(8) User=0.05s Sys=0.22s Real=0.12s
[2021-06-19T01:50:46.456-0800][gc,start     ] GC(9) Pause Young (Normal) (G1 Evacuation Pause)
[2021-06-19T01:50:46.459-0800][gc,task      ] GC(9) Using 8 workers of 8 for evacuation
[2021-06-19T01:50:46.615-0800][gc,mmu       ] GC(9) MMU target violated: 21.0ms (20.0ms/21.0ms)
[2021-06-19T01:50:46.615-0800][gc,phases    ] GC(9)   Pre Evacuate Collection Set: 7.2ms
[2021-06-19T01:50:46.615-0800][gc,phases    ] GC(9)   Merge Heap Roots: 1.1ms
[2021-06-19T01:50:46.615-0800][gc,phases    ] GC(9)   Evacuate Collection Set: 140.3ms
[2021-06-19T01:50:46.615-0800][gc,phases    ] GC(9)   Post Evacuate Collection Set: 3.7ms
[2021-06-19T01:50:46.615-0800][gc,phases    ] GC(9)   Other: 7.5ms
[2021-06-19T01:50:46.615-0800][gc,heap      ] GC(9) Eden regions: 48->0(48)
[2021-06-19T01:50:46.615-0800][gc,heap      ] GC(9) Survivor regions: 3->3(7)
[2021-06-19T01:50:46.615-0800][gc,heap      ] GC(9) Old regions: 15->15
[2021-06-19T01:50:46.615-0800][gc,heap      ] GC(9) Archive regions: 2->2
[2021-06-19T01:50:46.615-0800][gc,heap      ] GC(9) Humongous regions: 129->129
[2021-06-19T01:50:46.615-0800][gc,metaspace ] GC(9) Metaspace: 42550K(45304K)->42550K(45304K) NonClass: 36870K(38316K)->36870K(38316K) Class: 5680K(6988K)->5680K(6988K)
[2021-06-19T01:50:46.615-0800][gc           ] GC(9) Pause Young (Normal) (G1 Evacuation Pause) 194M->147M(1024M) 158.385ms
[2021-06-19T01:50:46.615-0800][gc,cpu       ] GC(9) User=0.02s Sys=0.23s Real=0.16s
[2021-06-19T02:06:56.360-0800][gc,start     ] GC(10) Pause Young (Normal) (G1 Evacuation Pause)
[2021-06-19T02:06:56.362-0800][gc,task      ] GC(10) Using 8 workers of 8 for evacuation
[2021-06-19T02:06:56.499-0800][gc,mmu       ] GC(10) MMU target violated: 21.0ms (20.0ms/21.0ms)
[2021-06-19T02:06:56.500-0800][gc,phases    ] GC(10)   Pre Evacuate Collection Set: 9.1ms
[2021-06-19T02:06:56.500-0800][gc,phases    ] GC(10)   Merge Heap Roots: 0.7ms
[2021-06-19T02:06:56.500-0800][gc,phases    ] GC(10)   Evacuate Collection Set: 120.0ms
[2021-06-19T02:06:56.500-0800][gc,phases    ] GC(10)   Post Evacuate Collection Set: 6.7ms
[2021-06-19T02:06:56.500-0800][gc,phases    ] GC(10)   Other: 3.3ms
[2021-06-19T02:06:56.500-0800][gc,heap      ] GC(10) Eden regions: 48->0(47)
[2021-06-19T02:06:56.500-0800][gc,heap      ] GC(10) Survivor regions: 3->4(7)
[2021-06-19T02:06:56.500-0800][gc,heap      ] GC(10) Old regions: 15->15
[2021-06-19T02:06:56.500-0800][gc,heap      ] GC(10) Archive regions: 2->2
[2021-06-19T02:06:56.500-0800][gc,heap      ] GC(10) Humongous regions: 129->129
[2021-06-19T02:06:56.500-0800][gc,metaspace ] GC(10) Metaspace: 42621K(45560K)->42621K(45560K) NonClass: 36939K(38572K)->36939K(38572K) Class: 5682K(6988K)->5682K(6988K)
[2021-06-19T02:06:56.500-0800][gc           ] GC(10) Pause Young (Normal) (G1 Evacuation Pause) 195M->148M(1024M) 139.421ms
[2021-06-19T02:06:56.500-0800][gc,cpu       ] GC(10) User=0.05s Sys=0.20s Real=0.14s
[2021-06-19T02:23:20.677-0800][gc,start     ] GC(11) Pause Young (Normal) (G1 Evacuation Pause)
[2021-06-19T02:23:20.678-0800][gc,task      ] GC(11) Using 8 workers of 8 for evacuation
[2021-06-19T02:23:20.757-0800][gc,mmu       ] GC(11) MMU target violated: 21.0ms (20.0ms/21.0ms)
[2021-06-19T02:23:20.757-0800][gc,phases    ] GC(11)   Pre Evacuate Collection Set: 4.5ms
[2021-06-19T02:23:20.757-0800][gc,phases    ] GC(11)   Merge Heap Roots: 4.3ms
[2021-06-19T02:23:20.757-0800][gc,phases    ] GC(11)   Evacuate Collection Set: 63.5ms
[2021-06-19T02:23:20.757-0800][gc,phases    ] GC(11)   Post Evacuate Collection Set: 6.4ms
[2021-06-19T02:23:20.757-0800][gc,phases    ] GC(11)   Other: 2.3ms
[2021-06-19T02:23:20.757-0800][gc,heap      ] GC(11) Eden regions: 47->0(47)
[2021-06-19T02:23:20.757-0800][gc,heap      ] GC(11) Survivor regions: 4->4(7)
[2021-06-19T02:23:20.757-0800][gc,heap      ] GC(11) Old regions: 15->16
[2021-06-19T02:23:20.757-0800][gc,heap      ] GC(11) Archive regions: 2->2
[2021-06-19T02:23:20.757-0800][gc,heap      ] GC(11) Humongous regions: 129->129
[2021-06-19T02:23:20.757-0800][gc,metaspace ] GC(11) Metaspace: 42700K(45560K)->42700K(45560K) NonClass: 37006K(38572K)->37006K(38572K) Class: 5693K(6988K)->5693K(6988K)
[2021-06-19T02:23:20.758-0800][gc           ] GC(11) Pause Young (Normal) (G1 Evacuation Pause) 195M->148M(1024M) 80.469ms
[2021-06-19T02:23:20.758-0800][gc,cpu       ] GC(11) User=0.03s Sys=0.12s Real=0.08s
[2021-06-19T03:42:20.661-0800][gc,start     ] GC(12) Pause Young (Normal) (G1 Evacuation Pause)
[2021-06-19T03:42:20.662-0800][gc,task      ] GC(12) Using 8 workers of 8 for evacuation
[2021-06-19T03:42:20.732-0800][gc,mmu       ] GC(12) MMU target violated: 21.0ms (20.0ms/21.0ms)
[2021-06-19T03:42:20.733-0800][gc,phases    ] GC(12)   Pre Evacuate Collection Set: 9.8ms
[2021-06-19T03:42:20.733-0800][gc,phases    ] GC(12)   Merge Heap Roots: 0.7ms
[2021-06-19T03:42:20.733-0800][gc,phases    ] GC(12)   Evacuate Collection Set: 54.0ms
[2021-06-19T03:42:20.733-0800][gc,phases    ] GC(12)   Post Evacuate Collection Set: 4.7ms
[2021-06-19T03:42:20.733-0800][gc,phases    ] GC(12)   Other: 3.6ms
[2021-06-19T03:42:20.733-0800][gc,heap      ] GC(12) Eden regions: 47->0(47)
[2021-06-19T03:42:20.733-0800][gc,heap      ] GC(12) Survivor regions: 4->4(7)
[2021-06-19T03:42:20.733-0800][gc,heap      ] GC(12) Old regions: 16->16
[2021-06-19T03:42:20.733-0800][gc,heap      ] GC(12) Archive regions: 2->2
[2021-06-19T03:42:20.733-0800][gc,heap      ] GC(12) Humongous regions: 129->129
[2021-06-19T03:42:20.733-0800][gc,metaspace ] GC(12) Metaspace: 42743K(45560K)->42743K(45560K) NonClass: 37049K(38572K)->37049K(38572K) Class: 5693K(6988K)->5693K(6988K)
[2021-06-19T03:42:20.733-0800][gc           ] GC(12) Pause Young (Normal) (G1 Evacuation Pause) 195M->148M(1024M) 72.114ms
[2021-06-19T03:42:20.733-0800][gc,cpu       ] GC(12) User=0.04s Sys=0.15s Real=0.07s
[2021-06-19T04:27:20.432-0800][gc,start     ] GC(13) Pause Young (Normal) (G1 Evacuation Pause)
[2021-06-19T04:27:20.433-0800][gc,task      ] GC(13) Using 8 workers of 8 for evacuation
[2021-06-19T04:27:20.522-0800][gc,mmu       ] GC(13) MMU target violated: 21.0ms (20.0ms/21.0ms)
[2021-06-19T04:27:20.522-0800][gc,phases    ] GC(13)   Pre Evacuate Collection Set: 0.9ms
[2021-06-19T04:27:20.522-0800][gc,phases    ] GC(13)   Merge Heap Roots: 0.5ms
[2021-06-19T04:27:20.522-0800][gc,phases    ] GC(13)   Evacuate Collection Set: 80.5ms
[2021-06-19T04:27:20.522-0800][gc,phases    ] GC(13)   Post Evacuate Collection Set: 6.4ms
[2021-06-19T04:27:20.523-0800][gc,phases    ] GC(13)   Other: 1.9ms
[2021-06-19T04:27:20.523-0800][gc,heap      ] GC(13) Eden regions: 47->0(47)
[2021-06-19T04:27:20.523-0800][gc,heap      ] GC(13) Survivor regions: 4->4(7)
[2021-06-19T04:27:20.523-0800][gc,heap      ] GC(13) Old regions: 16->16
[2021-06-19T04:27:20.523-0800][gc,heap      ] GC(13) Archive regions: 2->2
[2021-06-19T04:27:20.523-0800][gc,heap      ] GC(13) Humongous regions: 129->129
[2021-06-19T04:27:20.523-0800][gc,metaspace ] GC(13) Metaspace: 42763K(45560K)->42763K(45560K) NonClass: 37070K(38572K)->37070K(38572K) Class: 5693K(6988K)->5693K(6988K)
[2021-06-19T04:27:20.525-0800][gc           ] GC(13) Pause Young (Normal) (G1 Evacuation Pause) 195M->148M(1024M) 92.752ms
[2021-06-19T04:27:20.525-0800][gc,cpu       ] GC(13) User=0.15s Sys=0.34s Real=0.09s
[2021-06-19T08:52:01.867-0800][gc,start     ] GC(14) Pause Young (Normal) (G1 Evacuation Pause)
[2021-06-19T08:52:01.868-0800][gc,task      ] GC(14) Using 8 workers of 8 for evacuation
[2021-06-19T08:52:02.094-0800][gc,mmu       ] GC(14) MMU target violated: 21.0ms (20.0ms/21.0ms)
[2021-06-19T08:52:02.095-0800][gc,phases    ] GC(14)   Pre Evacuate Collection Set: 11.0ms
[2021-06-19T08:52:02.095-0800][gc,phases    ] GC(14)   Merge Heap Roots: 12.6ms
[2021-06-19T08:52:02.095-0800][gc,phases    ] GC(14)   Evacuate Collection Set: 193.9ms
[2021-06-19T08:52:02.095-0800][gc,phases    ] GC(14)   Post Evacuate Collection Set: 4.9ms
[2021-06-19T08:52:02.095-0800][gc,phases    ] GC(14)   Other: 7.2ms
[2021-06-19T08:52:02.095-0800][gc,heap      ] GC(14) Eden regions: 47->0(47)
[2021-06-19T08:52:02.095-0800][gc,heap      ] GC(14) Survivor regions: 4->4(7)
[2021-06-19T08:52:02.095-0800][gc,heap      ] GC(14) Old regions: 16->16
[2021-06-19T08:52:02.095-0800][gc,heap      ] GC(14) Archive regions: 2->2
[2021-06-19T08:52:02.095-0800][gc,heap      ] GC(14) Humongous regions: 129->129
[2021-06-19T08:52:02.095-0800][gc,metaspace ] GC(14) Metaspace: 42813K(45560K)->42813K(45560K) NonClass: 37119K(38572K)->37119K(38572K) Class: 5693K(6988K)->5693K(6988K)
[2021-06-19T08:52:02.095-0800][gc           ] GC(14) Pause Young (Normal) (G1 Evacuation Pause) 195M->148M(1024M) 228.836ms
[2021-06-19T08:52:02.095-0800][gc,cpu       ] GC(14) User=0.05s Sys=0.19s Real=0.23s
[2021-06-19T09:08:54.997-0800][gc,start     ] GC(15) Pause Young (Normal) (G1 Evacuation Pause)
[2021-06-19T09:08:55.000-0800][gc,task      ] GC(15) Using 8 workers of 8 for evacuation
[2021-06-19T09:08:55.095-0800][gc,mmu       ] GC(15) MMU target violated: 21.0ms (20.0ms/21.0ms)
[2021-06-19T09:08:55.095-0800][gc,phases    ] GC(15)   Pre Evacuate Collection Set: 12.7ms
[2021-06-19T09:08:55.095-0800][gc,phases    ] GC(15)   Merge Heap Roots: 5.6ms
[2021-06-19T09:08:55.095-0800][gc,phases    ] GC(15)   Evacuate Collection Set: 70.0ms
[2021-06-19T09:08:55.095-0800][gc,phases    ] GC(15)   Post Evacuate Collection Set: 2.6ms
[2021-06-19T09:08:55.095-0800][gc,phases    ] GC(15)   Other: 8.2ms
[2021-06-19T09:08:55.095-0800][gc,heap      ] GC(15) Eden regions: 47->0(47)
[2021-06-19T09:08:55.095-0800][gc,heap      ] GC(15) Survivor regions: 4->4(7)
[2021-06-19T09:08:55.095-0800][gc,heap      ] GC(15) Old regions: 16->16
[2021-06-19T09:08:55.095-0800][gc,heap      ] GC(15) Archive regions: 2->2
[2021-06-19T09:08:55.095-0800][gc,heap      ] GC(15) Humongous regions: 129->129
[2021-06-19T09:08:55.095-0800][gc,metaspace ] GC(15) Metaspace: 42837K(45560K)->42837K(45560K) NonClass: 37144K(38572K)->37144K(38572K) Class: 5693K(6988K)->5693K(6988K)
[2021-06-19T09:08:55.095-0800][gc           ] GC(15) Pause Young (Normal) (G1 Evacuation Pause) 195M->148M(1024M) 98.295ms
[2021-06-19T09:08:55.095-0800][gc,cpu       ] GC(15) User=0.04s Sys=0.18s Real=0.10s
[2021-06-19T09:25:46.442-0800][gc,start     ] GC(16) Pause Young (Normal) (G1 Evacuation Pause)
[2021-06-19T09:25:46.443-0800][gc,task      ] GC(16) Using 8 workers of 8 for evacuation
[2021-06-19T09:25:46.496-0800][gc,mmu       ] GC(16) MMU target violated: 21.0ms (20.0ms/21.0ms)
[2021-06-19T09:25:46.496-0800][gc,phases    ] GC(16)   Pre Evacuate Collection Set: 6.9ms
[2021-06-19T09:25:46.496-0800][gc,phases    ] GC(16)   Merge Heap Roots: 1.8ms
[2021-06-19T09:25:46.496-0800][gc,phases    ] GC(16)   Evacuate Collection Set: 40.1ms
[2021-06-19T09:25:46.496-0800][gc,phases    ] GC(16)   Post Evacuate Collection Set: 4.1ms
[2021-06-19T09:25:46.496-0800][gc,phases    ] GC(16)   Other: 2.5ms
[2021-06-19T09:25:46.496-0800][gc,heap      ] GC(16) Eden regions: 47->0(47)
[2021-06-19T09:25:46.496-0800][gc,heap      ] GC(16) Survivor regions: 4->4(7)
[2021-06-19T09:25:46.496-0800][gc,heap      ] GC(16) Old regions: 16->16
[2021-06-19T09:25:46.496-0800][gc,heap      ] GC(16) Archive regions: 2->2
[2021-06-19T09:25:46.496-0800][gc,heap      ] GC(16) Humongous regions: 129->129
[2021-06-19T09:25:46.496-0800][gc,metaspace ] GC(16) Metaspace: 42839K(45560K)->42839K(45560K) NonClass: 37145K(38572K)->37145K(38572K) Class: 5693K(6988K)->5693K(6988K)
[2021-06-19T09:25:46.496-0800][gc           ] GC(16) Pause Young (Normal) (G1 Evacuation Pause) 195M->148M(1024M) 54.298ms
[2021-06-19T09:25:46.496-0800][gc,cpu       ] GC(16) User=0.02s Sys=0.11s Real=0.05s
[2021-06-19T09:42:39.490-0800][gc,start     ] GC(17) Pause Young (Normal) (G1 Evacuation Pause)
[2021-06-19T09:42:39.492-0800][gc,task      ] GC(17) Using 8 workers of 8 for evacuation
[2021-06-19T09:42:39.545-0800][gc,mmu       ] GC(17) MMU target violated: 21.0ms (20.0ms/21.0ms)
[2021-06-19T09:42:39.545-0800][gc,phases    ] GC(17)   Pre Evacuate Collection Set: 7.2ms
[2021-06-19T09:42:39.545-0800][gc,phases    ] GC(17)   Merge Heap Roots: 1.0ms
[2021-06-19T09:42:39.545-0800][gc,phases    ] GC(17)   Evacuate Collection Set: 41.2ms
[2021-06-19T09:42:39.545-0800][gc,phases    ] GC(17)   Post Evacuate Collection Set: 2.3ms
[2021-06-19T09:42:39.545-0800][gc,phases    ] GC(17)   Other: 4.0ms
[2021-06-19T09:42:39.545-0800][gc,heap      ] GC(17) Eden regions: 47->0(47)
[2021-06-19T09:42:39.545-0800][gc,heap      ] GC(17) Survivor regions: 4->4(7)
[2021-06-19T09:42:39.545-0800][gc,heap      ] GC(17) Old regions: 16->16
[2021-06-19T09:42:39.545-0800][gc,heap      ] GC(17) Archive regions: 2->2
[2021-06-19T09:42:39.545-0800][gc,heap      ] GC(17) Humongous regions: 129->129
[2021-06-19T09:42:39.545-0800][gc,metaspace ] GC(17) Metaspace: 42841K(45560K)->42841K(45560K) NonClass: 37148K(38572K)->37148K(38572K) Class: 5693K(6988K)->5693K(6988K)
[2021-06-19T09:42:39.546-0800][gc           ] GC(17) Pause Young (Normal) (G1 Evacuation Pause) 195M->148M(1024M) 55.608ms
[2021-06-19T09:42:39.546-0800][gc,cpu       ] GC(17) User=0.04s Sys=0.09s Real=0.05s
[2021-06-19T09:58:30.740-0800][gc,start     ] GC(18) Pause Young (Normal) (G1 Evacuation Pause)
[2021-06-19T09:58:30.741-0800][gc,task      ] GC(18) Using 8 workers of 8 for evacuation
[2021-06-19T09:58:30.820-0800][gc,mmu       ] GC(18) MMU target violated: 21.0ms (20.0ms/21.0ms)
[2021-06-19T09:58:30.820-0800][gc,phases    ] GC(18)   Pre Evacuate Collection Set: 15.9ms
[2021-06-19T09:58:30.820-0800][gc,phases    ] GC(18)   Merge Heap Roots: 2.0ms
[2021-06-19T09:58:30.820-0800][gc,phases    ] GC(18)   Evacuate Collection Set: 58.8ms
[2021-06-19T09:58:30.820-0800][gc,phases    ] GC(18)   Post Evacuate Collection Set: 1.7ms
[2021-06-19T09:58:30.820-0800][gc,phases    ] GC(18)   Other: 1.8ms
[2021-06-19T09:58:30.820-0800][gc,heap      ] GC(18) Eden regions: 47->0(47)
[2021-06-19T09:58:30.820-0800][gc,heap      ] GC(18) Survivor regions: 4->4(7)
[2021-06-19T09:58:30.820-0800][gc,heap      ] GC(18) Old regions: 16->16
[2021-06-19T09:58:30.820-0800][gc,heap      ] GC(18) Archive regions: 2->2
[2021-06-19T09:58:30.820-0800][gc,heap      ] GC(18) Humongous regions: 129->129
[2021-06-19T09:58:30.820-0800][gc,metaspace ] GC(18) Metaspace: 42842K(45560K)->42842K(45560K) NonClass: 37149K(38572K)->37149K(38572K) Class: 5693K(6988K)->5693K(6988K)
[2021-06-19T09:58:30.820-0800][gc           ] GC(18) Pause Young (Normal) (G1 Evacuation Pause) 195M->147M(1024M) 80.225ms
[2021-06-19T09:58:30.820-0800][gc,cpu       ] GC(18) User=0.03s Sys=0.15s Real=0.08s
[2021-06-19T10:15:21.921-0800][gc,start     ] GC(19) Pause Young (Normal) (G1 Evacuation Pause)
[2021-06-19T10:15:21.923-0800][gc,task      ] GC(19) Using 8 workers of 8 for evacuation
[2021-06-19T10:15:21.980-0800][gc,mmu       ] GC(19) MMU target violated: 21.0ms (20.0ms/21.0ms)
[2021-06-19T10:15:21.981-0800][gc,phases    ] GC(19)   Pre Evacuate Collection Set: 10.7ms
[2021-06-19T10:15:21.981-0800][gc,phases    ] GC(19)   Merge Heap Roots: 2.4ms
[2021-06-19T10:15:21.981-0800][gc,phases    ] GC(19)   Evacuate Collection Set: 36.5ms
[2021-06-19T10:15:21.981-0800][gc,phases    ] GC(19)   Post Evacuate Collection Set: 6.6ms
[2021-06-19T10:15:21.981-0800][gc,phases    ] GC(19)   Other: 4.3ms
[2021-06-19T10:15:21.981-0800][gc,heap      ] GC(19) Eden regions: 47->0(47)
[2021-06-19T10:15:21.981-0800][gc,heap      ] GC(19) Survivor regions: 4->4(7)
[2021-06-19T10:15:21.981-0800][gc,heap      ] GC(19) Old regions: 16->16
[2021-06-19T10:15:21.981-0800][gc,heap      ] GC(19) Archive regions: 2->2
[2021-06-19T10:15:21.981-0800][gc,heap      ] GC(19) Humongous regions: 129->129
[2021-06-19T10:15:21.981-0800][gc,metaspace ] GC(19) Metaspace: 42844K(45560K)->42844K(45560K) NonClass: 37150K(38572K)->37150K(38572K) Class: 5693K(6988K)->5693K(6988K)
[2021-06-19T10:15:21.981-0800][gc           ] GC(19) Pause Young (Normal) (G1 Evacuation Pause) 194M->148M(1024M) 60.384ms
[2021-06-19T10:15:21.981-0800][gc,cpu       ] GC(19) User=0.03s Sys=0.10s Real=0.06s
[2021-06-19T10:32:14.016-0800][gc,start     ] GC(20) Pause Young (Normal) (G1 Evacuation Pause)
[2021-06-19T10:32:14.017-0800][gc,task      ] GC(20) Using 8 workers of 8 for evacuation
[2021-06-19T10:32:14.061-0800][gc,mmu       ] GC(20) MMU target violated: 21.0ms (20.0ms/21.0ms)
[2021-06-19T10:32:14.061-0800][gc,phases    ] GC(20)   Pre Evacuate Collection Set: 2.6ms
[2021-06-19T10:32:14.061-0800][gc,phases    ] GC(20)   Merge Heap Roots: 0.2ms
[2021-06-19T10:32:14.061-0800][gc,phases    ] GC(20)   Evacuate Collection Set: 38.4ms
[2021-06-19T10:32:14.061-0800][gc,phases    ] GC(20)   Post Evacuate Collection Set: 3.2ms
[2021-06-19T10:32:14.061-0800][gc,phases    ] GC(20)   Other: 1.9ms
[2021-06-19T10:32:14.061-0800][gc,heap      ] GC(20) Eden regions: 47->0(47)
[2021-06-19T10:32:14.061-0800][gc,heap      ] GC(20) Survivor regions: 4->4(7)
[2021-06-19T10:32:14.061-0800][gc,heap      ] GC(20) Old regions: 16->16
[2021-06-19T10:32:14.061-0800][gc,heap      ] GC(20) Archive regions: 2->2
[2021-06-19T10:32:14.061-0800][gc,heap      ] GC(20) Humongous regions: 129->129
[2021-06-19T10:32:14.061-0800][gc,metaspace ] GC(20) Metaspace: 42864K(45560K)->42864K(45560K) NonClass: 37170K(38572K)->37170K(38572K) Class: 5693K(6988K)->5693K(6988K)
[2021-06-19T10:32:14.062-0800][gc           ] GC(20) Pause Young (Normal) (G1 Evacuation Pause) 195M->148M(1024M) 45.320ms
[2021-06-19T10:32:14.062-0800][gc,cpu       ] GC(20) User=0.02s Sys=0.09s Real=0.05s
[2021-06-19T10:48:05.135-0800][gc,start     ] GC(21) Pause Young (Normal) (G1 Evacuation Pause)
[2021-06-19T10:48:05.135-0800][gc,task      ] GC(21) Using 8 workers of 8 for evacuation
[2021-06-19T10:48:05.172-0800][gc,mmu       ] GC(21) MMU target violated: 21.0ms (20.0ms/21.0ms)
[2021-06-19T10:48:05.172-0800][gc,phases    ] GC(21)   Pre Evacuate Collection Set: 4.9ms
[2021-06-19T10:48:05.172-0800][gc,phases    ] GC(21)   Merge Heap Roots: 0.9ms
[2021-06-19T10:48:05.172-0800][gc,phases    ] GC(21)   Evacuate Collection Set: 29.1ms
[2021-06-19T10:48:05.172-0800][gc,phases    ] GC(21)   Post Evacuate Collection Set: 1.8ms
[2021-06-19T10:48:05.172-0800][gc,phases    ] GC(21)   Other: 1.5ms
[2021-06-19T10:48:05.172-0800][gc,heap      ] GC(21) Eden regions: 47->0(47)
[2021-06-19T10:48:05.172-0800][gc,heap      ] GC(21) Survivor regions: 4->4(7)
[2021-06-19T10:48:05.172-0800][gc,heap      ] GC(21) Old regions: 16->16
[2021-06-19T10:48:05.172-0800][gc,heap      ] GC(21) Archive regions: 2->2
[2021-06-19T10:48:05.172-0800][gc,heap      ] GC(21) Humongous regions: 129->129
[2021-06-19T10:48:05.172-0800][gc,metaspace ] GC(21) Metaspace: 42865K(45560K)->42865K(45560K) NonClass: 37171K(38572K)->37171K(38572K) Class: 5693K(6988K)->5693K(6988K)
[2021-06-19T10:48:05.173-0800][gc           ] GC(21) Pause Young (Normal) (G1 Evacuation Pause) 195M->147M(1024M) 37.640ms
[2021-06-19T10:48:05.173-0800][gc,cpu       ] GC(21) User=0.03s Sys=0.11s Real=0.04s
[2021-06-19T11:04:52.017-0800][gc,start     ] GC(22) Pause Young (Normal) (G1 Evacuation Pause)
[2021-06-19T11:04:52.017-0800][gc,task      ] GC(22) Using 8 workers of 8 for evacuation
[2021-06-19T11:04:52.087-0800][gc,mmu       ] GC(22) MMU target violated: 21.0ms (20.0ms/21.0ms)
[2021-06-19T11:04:52.087-0800][gc,phases    ] GC(22)   Pre Evacuate Collection Set: 5.9ms
[2021-06-19T11:04:52.087-0800][gc,phases    ] GC(22)   Merge Heap Roots: 1.2ms
[2021-06-19T11:04:52.087-0800][gc,phases    ] GC(22)   Evacuate Collection Set: 58.0ms
[2021-06-19T11:04:52.087-0800][gc,phases    ] GC(22)   Post Evacuate Collection Set: 4.2ms
[2021-06-19T11:04:52.087-0800][gc,phases    ] GC(22)   Other: 2.8ms
[2021-06-19T11:04:52.087-0800][gc,heap      ] GC(22) Eden regions: 47->0(47)
[2021-06-19T11:04:52.087-0800][gc,heap      ] GC(22) Survivor regions: 4->4(7)
[2021-06-19T11:04:52.087-0800][gc,heap      ] GC(22) Old regions: 16->16
[2021-06-19T11:04:52.087-0800][gc,heap      ] GC(22) Archive regions: 2->2
[2021-06-19T11:04:52.087-0800][gc,heap      ] GC(22) Humongous regions: 129->129
[2021-06-19T11:04:52.087-0800][gc,metaspace ] GC(22) Metaspace: 42877K(45560K)->42877K(45560K) NonClass: 37183K(38572K)->37183K(38572K) Class: 5693K(6988K)->5693K(6988K)
[2021-06-19T11:04:52.087-0800][gc           ] GC(22) Pause Young (Normal) (G1 Evacuation Pause) 194M->148M(1024M) 70.790ms
[2021-06-19T11:04:52.087-0800][gc,cpu       ] GC(22) User=0.02s Sys=0.07s Real=0.07s
[2021-06-19T11:21:47.030-0800][gc,start     ] GC(23) Pause Young (Normal) (G1 Evacuation Pause)
[2021-06-19T11:21:47.032-0800][gc,task      ] GC(23) Using 8 workers of 8 for evacuation
[2021-06-19T11:21:47.087-0800][gc,mmu       ] GC(23) MMU target violated: 21.0ms (20.0ms/21.0ms)
[2021-06-19T11:21:47.087-0800][gc,phases    ] GC(23)   Pre Evacuate Collection Set: 5.7ms
[2021-06-19T11:21:47.087-0800][gc,phases    ] GC(23)   Merge Heap Roots: 1.4ms
[2021-06-19T11:21:47.087-0800][gc,phases    ] GC(23)   Evacuate Collection Set: 42.4ms
[2021-06-19T11:21:47.087-0800][gc,phases    ] GC(23)   Post Evacuate Collection Set: 3.7ms
[2021-06-19T11:21:47.087-0800][gc,phases    ] GC(23)   Other: 3.9ms
[2021-06-19T11:21:47.087-0800][gc,heap      ] GC(23) Eden regions: 47->0(47)
[2021-06-19T11:21:47.087-0800][gc,heap      ] GC(23) Survivor regions: 4->4(7)
[2021-06-19T11:21:47.087-0800][gc,heap      ] GC(23) Old regions: 16->16
[2021-06-19T11:21:47.087-0800][gc,heap      ] GC(23) Archive regions: 2->2
[2021-06-19T11:21:47.087-0800][gc,heap      ] GC(23) Humongous regions: 129->129
[2021-06-19T11:21:47.087-0800][gc,metaspace ] GC(23) Metaspace: 42880K(45560K)->42880K(45560K) NonClass: 37186K(38572K)->37186K(38572K) Class: 5693K(6988K)->5693K(6988K)
[2021-06-19T11:21:47.088-0800][gc           ] GC(23) Pause Young (Normal) (G1 Evacuation Pause) 195M->147M(1024M) 58.235ms
[2021-06-19T11:21:47.088-0800][gc,cpu       ] GC(23) User=0.03s Sys=0.09s Real=0.05s
[2021-06-19T11:38:41.236-0800][gc,start     ] GC(24) Pause Young (Normal) (G1 Evacuation Pause)
[2021-06-19T11:38:41.236-0800][gc,task      ] GC(24) Using 8 workers of 8 for evacuation
[2021-06-19T11:38:41.263-0800][gc,mmu       ] GC(24) MMU target violated: 21.0ms (20.0ms/21.0ms)
[2021-06-19T11:38:41.263-0800][gc,phases    ] GC(24)   Pre Evacuate Collection Set: 2.4ms
[2021-06-19T11:38:41.263-0800][gc,phases    ] GC(24)   Merge Heap Roots: 0.6ms
[2021-06-19T11:38:41.263-0800][gc,phases    ] GC(24)   Evacuate Collection Set: 18.0ms
[2021-06-19T11:38:41.263-0800][gc,phases    ] GC(24)   Post Evacuate Collection Set: 3.5ms
[2021-06-19T11:38:41.263-0800][gc,phases    ] GC(24)   Other: 2.2ms
[2021-06-19T11:38:41.263-0800][gc,heap      ] GC(24) Eden regions: 47->0(48)
[2021-06-19T11:38:41.263-0800][gc,heap      ] GC(24) Survivor regions: 4->3(7)
[2021-06-19T11:38:41.263-0800][gc,heap      ] GC(24) Old regions: 16->16
[2021-06-19T11:38:41.263-0800][gc,heap      ] GC(24) Archive regions: 2->2
[2021-06-19T11:38:41.263-0800][gc,heap      ] GC(24) Humongous regions: 129->129
[2021-06-19T11:38:41.263-0800][gc,metaspace ] GC(24) Metaspace: 42889K(45560K)->42889K(45560K) NonClass: 37195K(38572K)->37195K(38572K) Class: 5693K(6988K)->5693K(6988K)
[2021-06-19T11:38:41.263-0800][gc           ] GC(24) Pause Young (Normal) (G1 Evacuation Pause) 194M->148M(1024M) 26.944ms
[2021-06-19T11:38:41.263-0800][gc,cpu       ] GC(24) User=0.02s Sys=0.05s Real=0.03s
[2021-06-19T11:54:52.084-0800][gc,start     ] GC(25) Pause Young (Normal) (G1 Evacuation Pause)
[2021-06-19T11:54:52.085-0800][gc,task      ] GC(25) Using 8 workers of 8 for evacuation
[2021-06-19T11:54:52.096-0800][gc,phases    ] GC(25)   Pre Evacuate Collection Set: 1.2ms
[2021-06-19T11:54:52.096-0800][gc,phases    ] GC(25)   Merge Heap Roots: 0.1ms
[2021-06-19T11:54:52.096-0800][gc,phases    ] GC(25)   Evacuate Collection Set: 9.9ms
[2021-06-19T11:54:52.096-0800][gc,phases    ] GC(25)   Post Evacuate Collection Set: 0.3ms
[2021-06-19T11:54:52.096-0800][gc,phases    ] GC(25)   Other: 0.9ms
[2021-06-19T11:54:52.096-0800][gc,heap      ] GC(25) Eden regions: 48->0(48)
[2021-06-19T11:54:52.096-0800][gc,heap      ] GC(25) Survivor regions: 3->3(7)
[2021-06-19T11:54:52.096-0800][gc,heap      ] GC(25) Old regions: 16->16
[2021-06-19T11:54:52.096-0800][gc,heap      ] GC(25) Archive regions: 2->2
[2021-06-19T11:54:52.096-0800][gc,heap      ] GC(25) Humongous regions: 129->129
[2021-06-19T11:54:52.096-0800][gc,metaspace ] GC(25) Metaspace: 42896K(45560K)->42896K(45560K) NonClass: 37202K(38572K)->37202K(38572K) Class: 5693K(6988K)->5693K(6988K)
[2021-06-19T11:54:52.096-0800][gc           ] GC(25) Pause Young (Normal) (G1 Evacuation Pause) 196M->147M(1024M) 12.560ms
[2021-06-19T11:54:52.097-0800][gc,cpu       ] GC(25) User=0.02s Sys=0.02s Real=0.01s
[2021-06-19T12:12:14.205-0800][gc,start     ] GC(26) Pause Young (Normal) (G1 Evacuation Pause)
[2021-06-19T12:12:14.206-0800][gc,task      ] GC(26) Using 8 workers of 8 for evacuation
[2021-06-19T12:12:14.256-0800][gc,mmu       ] GC(26) MMU target violated: 21.0ms (20.0ms/21.0ms)
[2021-06-19T12:12:14.256-0800][gc,phases    ] GC(26)   Pre Evacuate Collection Set: 7.7ms
[2021-06-19T12:12:14.256-0800][gc,phases    ] GC(26)   Merge Heap Roots: 2.0ms
[2021-06-19T12:12:14.256-0800][gc,phases    ] GC(26)   Evacuate Collection Set: 34.6ms
[2021-06-19T12:12:14.256-0800][gc,phases    ] GC(26)   Post Evacuate Collection Set: 4.0ms
[2021-06-19T12:12:14.256-0800][gc,phases    ] GC(26)   Other: 3.2ms
[2021-06-19T12:12:14.256-0800][gc,heap      ] GC(26) Eden regions: 48->0(48)
[2021-06-19T12:12:14.256-0800][gc,heap      ] GC(26) Survivor regions: 3->3(7)
[2021-06-19T12:12:14.256-0800][gc,heap      ] GC(26) Old regions: 16->16
[2021-06-19T12:12:14.256-0800][gc,heap      ] GC(26) Archive regions: 2->2
[2021-06-19T12:12:14.256-0800][gc,heap      ] GC(26) Humongous regions: 129->129
[2021-06-19T12:12:14.256-0800][gc,metaspace ] GC(26) Metaspace: 42898K(45560K)->42898K(45560K) NonClass: 37204K(38572K)->37204K(38572K) Class: 5693K(6988K)->5693K(6988K)
[2021-06-19T12:12:14.256-0800][gc           ] GC(26) Pause Young (Normal) (G1 Evacuation Pause) 195M->148M(1024M) 51.699ms
[2021-06-19T12:12:14.256-0800][gc,cpu       ] GC(26) User=0.04s Sys=0.11s Real=0.05s
[2021-06-19T12:29:37.194-0800][gc,start     ] GC(27) Pause Young (Normal) (G1 Evacuation Pause)
[2021-06-19T12:29:37.194-0800][gc,task      ] GC(27) Using 8 workers of 8 for evacuation
[2021-06-19T12:29:37.208-0800][gc,phases    ] GC(27)   Pre Evacuate Collection Set: 0.1ms
[2021-06-19T12:29:37.208-0800][gc,phases    ] GC(27)   Merge Heap Roots: 0.1ms
[2021-06-19T12:29:37.208-0800][gc,phases    ] GC(27)   Evacuate Collection Set: 12.7ms
[2021-06-19T12:29:37.208-0800][gc,phases    ] GC(27)   Post Evacuate Collection Set: 0.4ms
[2021-06-19T12:29:37.208-0800][gc,phases    ] GC(27)   Other: 0.6ms
[2021-06-19T12:29:37.208-0800][gc,heap      ] GC(27) Eden regions: 48->0(48)
[2021-06-19T12:29:37.208-0800][gc,heap      ] GC(27) Survivor regions: 3->3(7)
[2021-06-19T12:29:37.208-0800][gc,heap      ] GC(27) Old regions: 16->16
[2021-06-19T12:29:37.208-0800][gc,heap      ] GC(27) Archive regions: 2->2
[2021-06-19T12:29:37.208-0800][gc,heap      ] GC(27) Humongous regions: 129->129
[2021-06-19T12:29:37.208-0800][gc,metaspace ] GC(27) Metaspace: 42900K(45560K)->42900K(45560K) NonClass: 37207K(38572K)->37207K(38572K) Class: 5693K(6988K)->5693K(6988K)
[2021-06-19T12:29:37.209-0800][gc           ] GC(27) Pause Young (Normal) (G1 Evacuation Pause) 196M->148M(1024M) 14.791ms
[2021-06-19T12:29:37.209-0800][gc,cpu       ] GC(27) User=0.02s Sys=0.03s Real=0.01s
[2021-06-19T12:46:03.762-0800][gc,start     ] GC(28) Pause Young (Normal) (G1 Evacuation Pause)
[2021-06-19T12:46:03.762-0800][gc,task      ] GC(28) Using 8 workers of 8 for evacuation
[2021-06-19T12:46:03.792-0800][gc,mmu       ] GC(28) MMU target violated: 21.0ms (20.0ms/21.0ms)
[2021-06-19T12:46:03.792-0800][gc,phases    ] GC(28)   Pre Evacuate Collection Set: 6.6ms
[2021-06-19T12:46:03.792-0800][gc,phases    ] GC(28)   Merge Heap Roots: 0.2ms
[2021-06-19T12:46:03.792-0800][gc,phases    ] GC(28)   Evacuate Collection Set: 19.5ms
[2021-06-19T12:46:03.792-0800][gc,phases    ] GC(28)   Post Evacuate Collection Set: 2.4ms
[2021-06-19T12:46:03.792-0800][gc,phases    ] GC(28)   Other: 1.5ms
[2021-06-19T12:46:03.792-0800][gc,heap      ] GC(28) Eden regions: 48->0(48)
[2021-06-19T12:46:03.792-0800][gc,heap      ] GC(28) Survivor regions: 3->3(7)
[2021-06-19T12:46:03.792-0800][gc,heap      ] GC(28) Old regions: 16->16
[2021-06-19T12:46:03.792-0800][gc,heap      ] GC(28) Archive regions: 2->2
[2021-06-19T12:46:03.792-0800][gc,heap      ] GC(28) Humongous regions: 129->129
[2021-06-19T12:46:03.792-0800][gc,metaspace ] GC(28) Metaspace: 42901K(45560K)->42901K(45560K) NonClass: 37208K(38572K)->37208K(38572K) Class: 5693K(6988K)->5693K(6988K)
[2021-06-19T12:46:03.792-0800][gc           ] GC(28) Pause Young (Normal) (G1 Evacuation Pause) 196M->148M(1024M) 30.545ms
[2021-06-19T12:46:03.793-0800][gc,cpu       ] GC(28) User=0.02s Sys=0.07s Real=0.03s
[2021-06-19T13:02:45.445-0800][gc,start     ] GC(29) Pause Young (Normal) (G1 Evacuation Pause)
[2021-06-19T13:02:45.445-0800][gc,task      ] GC(29) Using 8 workers of 8 for evacuation
[2021-06-19T13:02:45.465-0800][gc,phases    ] GC(29)   Pre Evacuate Collection Set: 1.3ms
[2021-06-19T13:02:45.465-0800][gc,phases    ] GC(29)   Merge Heap Roots: 0.6ms
[2021-06-19T13:02:45.465-0800][gc,phases    ] GC(29)   Evacuate Collection Set: 13.5ms
[2021-06-19T13:02:45.465-0800][gc,phases    ] GC(29)   Post Evacuate Collection Set: 4.1ms
[2021-06-19T13:02:45.465-0800][gc,phases    ] GC(29)   Other: 0.5ms
[2021-06-19T13:02:45.465-0800][gc,heap      ] GC(29) Eden regions: 48->0(48)
[2021-06-19T13:02:45.465-0800][gc,heap      ] GC(29) Survivor regions: 3->3(7)
[2021-06-19T13:02:45.465-0800][gc,heap      ] GC(29) Old regions: 16->16
[2021-06-19T13:02:45.465-0800][gc,heap      ] GC(29) Archive regions: 2->2
[2021-06-19T13:02:45.465-0800][gc,heap      ] GC(29) Humongous regions: 129->129
[2021-06-19T13:02:45.465-0800][gc,metaspace ] GC(29) Metaspace: 42906K(45560K)->42906K(45560K) NonClass: 37213K(38572K)->37213K(38572K) Class: 5693K(6988K)->5693K(6988K)
[2021-06-19T13:02:45.466-0800][gc           ] GC(29) Pause Young (Normal) (G1 Evacuation Pause) 196M->148M(1024M) 21.119ms
[2021-06-19T13:02:45.466-0800][gc,cpu       ] GC(29) User=0.02s Sys=0.04s Real=0.02s
[2021-06-19T13:20:00.628-0800][gc,start     ] GC(30) Pause Young (Normal) (G1 Evacuation Pause)
[2021-06-19T13:20:00.629-0800][gc,task      ] GC(30) Using 8 workers of 8 for evacuation
[2021-06-19T13:20:00.656-0800][gc,mmu       ] GC(30) MMU target violated: 21.0ms (20.0ms/21.0ms)
[2021-06-19T13:20:00.656-0800][gc,phases    ] GC(30)   Pre Evacuate Collection Set: 5.1ms
[2021-06-19T13:20:00.656-0800][gc,phases    ] GC(30)   Merge Heap Roots: 1.2ms
[2021-06-19T13:20:00.656-0800][gc,phases    ] GC(30)   Evacuate Collection Set: 19.3ms
[2021-06-19T13:20:00.656-0800][gc,phases    ] GC(30)   Post Evacuate Collection Set: 1.4ms
[2021-06-19T13:20:00.656-0800][gc,phases    ] GC(30)   Other: 1.8ms
[2021-06-19T13:20:00.656-0800][gc,heap      ] GC(30) Eden regions: 48->0(48)
[2021-06-19T13:20:00.656-0800][gc,heap      ] GC(30) Survivor regions: 3->3(7)
[2021-06-19T13:20:00.656-0800][gc,heap      ] GC(30) Old regions: 16->16
[2021-06-19T13:20:00.656-0800][gc,heap      ] GC(30) Archive regions: 2->2
[2021-06-19T13:20:00.656-0800][gc,heap      ] GC(30) Humongous regions: 129->129
[2021-06-19T13:20:00.656-0800][gc,metaspace ] GC(30) Metaspace: 42913K(45560K)->42913K(45560K) NonClass: 37220K(38572K)->37220K(38572K) Class: 5693K(6988K)->5693K(6988K)
[2021-06-19T13:20:00.656-0800][gc           ] GC(30) Pause Young (Normal) (G1 Evacuation Pause) 196M->148M(1024M) 27.795ms
[2021-06-19T13:20:00.656-0800][gc,cpu       ] GC(30) User=0.02s Sys=0.06s Real=0.03s
[2021-06-19T13:37:13.783-0800][gc,start     ] GC(31) Pause Young (Normal) (G1 Evacuation Pause)
[2021-06-19T13:37:13.784-0800][gc,task      ] GC(31) Using 8 workers of 8 for evacuation
[2021-06-19T13:37:13.840-0800][gc,mmu       ] GC(31) MMU target violated: 21.0ms (20.0ms/21.0ms)
[2021-06-19T13:37:13.840-0800][gc,phases    ] GC(31)   Pre Evacuate Collection Set: 4.3ms
[2021-06-19T13:37:13.840-0800][gc,phases    ] GC(31)   Merge Heap Roots: 1.3ms
[2021-06-19T13:37:13.840-0800][gc,phases    ] GC(31)   Evacuate Collection Set: 44.5ms
[2021-06-19T13:37:13.840-0800][gc,phases    ] GC(31)   Post Evacuate Collection Set: 2.9ms
[2021-06-19T13:37:13.840-0800][gc,phases    ] GC(31)   Other: 3.9ms
[2021-06-19T13:37:13.840-0800][gc,heap      ] GC(31) Eden regions: 48->0(48)
[2021-06-19T13:37:13.840-0800][gc,heap      ] GC(31) Survivor regions: 3->3(7)
[2021-06-19T13:37:13.840-0800][gc,heap      ] GC(31) Old regions: 16->16
[2021-06-19T13:37:13.840-0800][gc,heap      ] GC(31) Archive regions: 2->2
[2021-06-19T13:37:13.840-0800][gc,heap      ] GC(31) Humongous regions: 129->129
[2021-06-19T13:37:13.840-0800][gc,metaspace ] GC(31) Metaspace: 42915K(45560K)->42915K(45560K) NonClass: 37222K(38572K)->37222K(38572K) Class: 5693K(6988K)->5693K(6988K)
[2021-06-19T13:37:13.841-0800][gc           ] GC(31) Pause Young (Normal) (G1 Evacuation Pause) 196M->148M(1024M) 57.775ms
[2021-06-19T13:37:13.841-0800][gc,cpu       ] GC(31) User=0.02s Sys=0.14s Real=0.06s
[2021-06-19T13:53:25.287-0800][gc,start     ] GC(32) Pause Young (Normal) (G1 Evacuation Pause)
[2021-06-19T13:53:25.287-0800][gc,task      ] GC(32) Using 8 workers of 8 for evacuation
[2021-06-19T13:53:25.305-0800][gc,phases    ] GC(32)   Pre Evacuate Collection Set: 2.1ms
[2021-06-19T13:53:25.305-0800][gc,phases    ] GC(32)   Merge Heap Roots: 0.1ms
[2021-06-19T13:53:25.305-0800][gc,phases    ] GC(32)   Evacuate Collection Set: 14.6ms
[2021-06-19T13:53:25.305-0800][gc,phases    ] GC(32)   Post Evacuate Collection Set: 0.9ms
[2021-06-19T13:53:25.305-0800][gc,phases    ] GC(32)   Other: 0.5ms
[2021-06-19T13:53:25.305-0800][gc,heap      ] GC(32) Eden regions: 48->0(48)
[2021-06-19T13:53:25.305-0800][gc,heap      ] GC(32) Survivor regions: 3->3(7)
[2021-06-19T13:53:25.305-0800][gc,heap      ] GC(32) Old regions: 16->16
[2021-06-19T13:53:25.305-0800][gc,heap      ] GC(32) Archive regions: 2->2
[2021-06-19T13:53:25.305-0800][gc,heap      ] GC(32) Humongous regions: 129->129
[2021-06-19T13:53:25.305-0800][gc,metaspace ] GC(32) Metaspace: 42919K(45560K)->42919K(45560K) NonClass: 37226K(38572K)->37226K(38572K) Class: 5693K(6988K)->5693K(6988K)
[2021-06-19T13:53:25.305-0800][gc           ] GC(32) Pause Young (Normal) (G1 Evacuation Pause) 196M->148M(1024M) 18.338ms
[2021-06-19T13:53:25.305-0800][gc,cpu       ] GC(32) User=0.02s Sys=0.05s Real=0.02s
[2021-06-19T14:10:36.545-0800][gc,start     ] GC(33) Pause Young (Normal) (G1 Evacuation Pause)
[2021-06-19T14:10:36.545-0800][gc,task      ] GC(33) Using 8 workers of 8 for evacuation
[2021-06-19T14:10:36.562-0800][gc,phases    ] GC(33)   Pre Evacuate Collection Set: 1.2ms
[2021-06-19T14:10:36.562-0800][gc,phases    ] GC(33)   Merge Heap Roots: 1.9ms
[2021-06-19T14:10:36.562-0800][gc,phases    ] GC(33)   Evacuate Collection Set: 12.0ms
[2021-06-19T14:10:36.562-0800][gc,phases    ] GC(33)   Post Evacuate Collection Set: 1.3ms
[2021-06-19T14:10:36.562-0800][gc,phases    ] GC(33)   Other: 0.7ms
[2021-06-19T14:10:36.562-0800][gc,heap      ] GC(33) Eden regions: 48->0(48)
[2021-06-19T14:10:36.562-0800][gc,heap      ] GC(33) Survivor regions: 3->3(7)
[2021-06-19T14:10:36.562-0800][gc,heap      ] GC(33) Old regions: 16->16
[2021-06-19T14:10:36.562-0800][gc,heap      ] GC(33) Archive regions: 2->2
[2021-06-19T14:10:36.562-0800][gc,heap      ] GC(33) Humongous regions: 129->129
[2021-06-19T14:10:36.562-0800][gc,metaspace ] GC(33) Metaspace: 42922K(45560K)->42922K(45560K) NonClass: 37229K(38572K)->37229K(38572K) Class: 5693K(6988K)->5693K(6988K)
[2021-06-19T14:10:36.563-0800][gc           ] GC(33) Pause Young (Normal) (G1 Evacuation Pause) 196M->148M(1024M) 18.108ms
[2021-06-19T14:10:36.563-0800][gc,cpu       ] GC(33) User=0.02s Sys=0.03s Real=0.02s
[2021-06-19T14:27:47.260-0800][gc,start     ] GC(34) Pause Young (Normal) (G1 Evacuation Pause)
[2021-06-19T14:27:47.261-0800][gc,task      ] GC(34) Using 8 workers of 8 for evacuation
[2021-06-19T14:27:47.292-0800][gc,mmu       ] GC(34) MMU target violated: 21.0ms (20.0ms/21.0ms)
[2021-06-19T14:27:47.292-0800][gc,phases    ] GC(34)   Pre Evacuate Collection Set: 6.4ms
[2021-06-19T14:27:47.292-0800][gc,phases    ] GC(34)   Merge Heap Roots: 1.0ms
[2021-06-19T14:27:47.292-0800][gc,phases    ] GC(34)   Evacuate Collection Set: 21.6ms
[2021-06-19T14:27:47.292-0800][gc,phases    ] GC(34)   Post Evacuate Collection Set: 2.0ms
[2021-06-19T14:27:47.292-0800][gc,phases    ] GC(34)   Other: 1.7ms
[2021-06-19T14:27:47.292-0800][gc,heap      ] GC(34) Eden regions: 48->0(48)
[2021-06-19T14:27:47.292-0800][gc,heap      ] GC(34) Survivor regions: 3->3(7)
[2021-06-19T14:27:47.292-0800][gc,heap      ] GC(34) Old regions: 16->16
[2021-06-19T14:27:47.292-0800][gc,heap      ] GC(34) Archive regions: 2->2
[2021-06-19T14:27:47.292-0800][gc,heap      ] GC(34) Humongous regions: 129->129
[2021-06-19T14:27:47.292-0800][gc,metaspace ] GC(34) Metaspace: 42923K(45560K)->42923K(45560K) NonClass: 37230K(38572K)->37230K(38572K) Class: 5693K(6988K)->5693K(6988K)
[2021-06-19T14:27:47.292-0800][gc           ] GC(34) Pause Young (Normal) (G1 Evacuation Pause) 196M->148M(1024M) 31.974ms
[2021-06-19T14:27:47.292-0800][gc,cpu       ] GC(34) User=0.02s Sys=0.08s Real=0.03s
[2021-06-19T14:45:04.705-0800][gc,start     ] GC(35) Pause Young (Normal) (G1 Evacuation Pause)
[2021-06-19T14:45:04.706-0800][gc,task      ] GC(35) Using 8 workers of 8 for evacuation
[2021-06-19T14:45:04.771-0800][gc,mmu       ] GC(35) MMU target violated: 21.0ms (20.0ms/21.0ms)
[2021-06-19T14:45:04.771-0800][gc,phases    ] GC(35)   Pre Evacuate Collection Set: 5.7ms
[2021-06-19T14:45:04.771-0800][gc,phases    ] GC(35)   Merge Heap Roots: 0.1ms
[2021-06-19T14:45:04.771-0800][gc,phases    ] GC(35)   Evacuate Collection Set: 56.8ms
[2021-06-19T14:45:04.771-0800][gc,phases    ] GC(35)   Post Evacuate Collection Set: 2.0ms
[2021-06-19T14:45:04.771-0800][gc,phases    ] GC(35)   Other: 2.5ms
[2021-06-19T14:45:04.771-0800][gc,heap      ] GC(35) Eden regions: 48->0(47)
[2021-06-19T14:45:04.771-0800][gc,heap      ] GC(35) Survivor regions: 3->4(7)
[2021-06-19T14:45:04.771-0800][gc,heap      ] GC(35) Old regions: 16->16
[2021-06-19T14:45:04.771-0800][gc,heap      ] GC(35) Archive regions: 2->2
[2021-06-19T14:45:04.771-0800][gc,heap      ] GC(35) Humongous regions: 129->129
[2021-06-19T14:45:04.771-0800][gc,metaspace ] GC(35) Metaspace: 42929K(45816K)->42929K(45816K) NonClass: 37236K(38828K)->37236K(38828K) Class: 5693K(6988K)->5693K(6988K)
[2021-06-19T14:45:04.772-0800][gc           ] GC(35) Pause Young (Normal) (G1 Evacuation Pause) 196M->148M(1024M) 67.002ms
[2021-06-19T14:45:04.772-0800][gc,cpu       ] GC(35) User=0.04s Sys=0.10s Real=0.07s
[2021-06-19T15:00:52.301-0800][gc,start     ] GC(36) Pause Young (Normal) (G1 Evacuation Pause)
[2021-06-19T15:00:52.302-0800][gc,task      ] GC(36) Using 8 workers of 8 for evacuation
[2021-06-19T15:00:52.388-0800][gc,mmu       ] GC(36) MMU target violated: 21.0ms (20.0ms/21.0ms)
[2021-06-19T15:00:52.388-0800][gc,phases    ] GC(36)   Pre Evacuate Collection Set: 5.4ms
[2021-06-19T15:00:52.388-0800][gc,phases    ] GC(36)   Merge Heap Roots: 0.6ms
[2021-06-19T15:00:52.388-0800][gc,phases    ] GC(36)   Evacuate Collection Set: 76.8ms
[2021-06-19T15:00:52.388-0800][gc,phases    ] GC(36)   Post Evacuate Collection Set: 2.4ms
[2021-06-19T15:00:52.388-0800][gc,phases    ] GC(36)   Other: 3.0ms
[2021-06-19T15:00:52.388-0800][gc,heap      ] GC(36) Eden regions: 47->0(48)
[2021-06-19T15:00:52.388-0800][gc,heap      ] GC(36) Survivor regions: 4->3(7)
[2021-06-19T15:00:52.388-0800][gc,heap      ] GC(36) Old regions: 16->16
[2021-06-19T15:00:52.388-0800][gc,heap      ] GC(36) Archive regions: 2->2
[2021-06-19T15:00:52.388-0800][gc,heap      ] GC(36) Humongous regions: 129->129
[2021-06-19T15:00:52.388-0800][gc,metaspace ] GC(36) Metaspace: 42929K(45816K)->42929K(45816K) NonClass: 37236K(38828K)->37236K(38828K) Class: 5693K(6988K)->5693K(6988K)
[2021-06-19T15:00:52.388-0800][gc           ] GC(36) Pause Young (Normal) (G1 Evacuation Pause) 195M->148M(1024M) 86.762ms
[2021-06-19T15:00:52.388-0800][gc,cpu       ] GC(36) User=0.03s Sys=0.11s Real=0.08s
[2021-06-19T15:18:02.325-0800][gc,start     ] GC(37) Pause Young (Normal) (G1 Evacuation Pause)
[2021-06-19T15:18:02.325-0800][gc,task      ] GC(37) Using 8 workers of 8 for evacuation
[2021-06-19T15:18:02.394-0800][gc,mmu       ] GC(37) MMU target violated: 21.0ms (20.0ms/21.0ms)
[2021-06-19T15:18:02.394-0800][gc,phases    ] GC(37)   Pre Evacuate Collection Set: 4.3ms
[2021-06-19T15:18:02.394-0800][gc,phases    ] GC(37)   Merge Heap Roots: 0.1ms
[2021-06-19T15:18:02.394-0800][gc,phases    ] GC(37)   Evacuate Collection Set: 61.7ms
[2021-06-19T15:18:02.394-0800][gc,phases    ] GC(37)   Post Evacuate Collection Set: 2.0ms
[2021-06-19T15:18:02.394-0800][gc,phases    ] GC(37)   Other: 0.7ms
[2021-06-19T15:18:02.394-0800][gc,heap      ] GC(37) Eden regions: 48->0(48)
[2021-06-19T15:18:02.394-0800][gc,heap      ] GC(37) Survivor regions: 3->3(7)
[2021-06-19T15:18:02.394-0800][gc,heap      ] GC(37) Old regions: 16->16
[2021-06-19T15:18:02.394-0800][gc,heap      ] GC(37) Archive regions: 2->2
[2021-06-19T15:18:02.394-0800][gc,heap      ] GC(37) Humongous regions: 129->129
[2021-06-19T15:18:02.394-0800][gc,metaspace ] GC(37) Metaspace: 42952K(45816K)->42952K(45816K) NonClass: 37259K(38828K)->37259K(38828K) Class: 5693K(6988K)->5693K(6988K)
[2021-06-19T15:18:02.394-0800][gc           ] GC(37) Pause Young (Normal) (G1 Evacuation Pause) 196M->148M(1024M) 69.408ms
[2021-06-19T15:18:02.394-0800][gc,cpu       ] GC(37) User=0.05s Sys=0.07s Real=0.07s
[2021-06-19T15:35:17.344-0800][gc,start     ] GC(38) Pause Young (Normal) (G1 Evacuation Pause)
[2021-06-19T15:35:17.344-0800][gc,task      ] GC(38) Using 8 workers of 8 for evacuation
[2021-06-19T15:35:17.405-0800][gc,mmu       ] GC(38) MMU target violated: 21.0ms (20.0ms/21.0ms)
[2021-06-19T15:35:17.405-0800][gc,phases    ] GC(38)   Pre Evacuate Collection Set: 5.5ms
[2021-06-19T15:35:17.405-0800][gc,phases    ] GC(38)   Merge Heap Roots: 0.6ms
[2021-06-19T15:35:17.405-0800][gc,phases    ] GC(38)   Evacuate Collection Set: 49.5ms
[2021-06-19T15:35:17.405-0800][gc,phases    ] GC(38)   Post Evacuate Collection Set: 2.5ms
[2021-06-19T15:35:17.405-0800][gc,phases    ] GC(38)   Other: 3.7ms
[2021-06-19T15:35:17.405-0800][gc,heap      ] GC(38) Eden regions: 48->0(47)
[2021-06-19T15:35:17.405-0800][gc,heap      ] GC(38) Survivor regions: 3->4(7)
[2021-06-19T15:35:17.405-0800][gc,heap      ] GC(38) Old regions: 16->16
[2021-06-19T15:35:17.405-0800][gc,heap      ] GC(38) Archive regions: 2->2
[2021-06-19T15:35:17.405-0800][gc,heap      ] GC(38) Humongous regions: 129->129
[2021-06-19T15:35:17.405-0800][gc,metaspace ] GC(38) Metaspace: 42956K(45816K)->42956K(45816K) NonClass: 37262K(38828K)->37262K(38828K) Class: 5694K(6988K)->5694K(6988K)
[2021-06-19T15:35:17.405-0800][gc           ] GC(38) Pause Young (Normal) (G1 Evacuation Pause) 196M->148M(1024M) 60.860ms
[2021-06-19T15:35:17.405-0800][gc,cpu       ] GC(38) User=0.03s Sys=0.11s Real=0.06s
[2021-06-19T15:51:02.127-0800][gc,start     ] GC(39) Pause Young (Normal) (G1 Evacuation Pause)
[2021-06-19T15:51:02.129-0800][gc,task      ] GC(39) Using 8 workers of 8 for evacuation
[2021-06-19T15:51:02.194-0800][gc,mmu       ] GC(39) MMU target violated: 21.0ms (20.0ms/21.0ms)
[2021-06-19T15:51:02.194-0800][gc,phases    ] GC(39)   Pre Evacuate Collection Set: 9.2ms
[2021-06-19T15:51:02.194-0800][gc,phases    ] GC(39)   Merge Heap Roots: 1.1ms
[2021-06-19T15:51:02.194-0800][gc,phases    ] GC(39)   Evacuate Collection Set: 49.7ms
[2021-06-19T15:51:02.194-0800][gc,phases    ] GC(39)   Post Evacuate Collection Set: 3.4ms
[2021-06-19T15:51:02.194-0800][gc,phases    ] GC(39)   Other: 3.4ms
[2021-06-19T15:51:02.194-0800][gc,heap      ] GC(39) Eden regions: 47->0(48)
[2021-06-19T15:51:02.194-0800][gc,heap      ] GC(39) Survivor regions: 4->3(7)
[2021-06-19T15:51:02.194-0800][gc,heap      ] GC(39) Old regions: 16->16
[2021-06-19T15:51:02.194-0800][gc,heap      ] GC(39) Archive regions: 2->2
[2021-06-19T15:51:02.194-0800][gc,heap      ] GC(39) Humongous regions: 129->129
[2021-06-19T15:51:02.194-0800][gc,metaspace ] GC(39) Metaspace: 42956K(45816K)->42956K(45816K) NonClass: 37262K(38828K)->37262K(38828K) Class: 5694K(6988K)->5694K(6988K)
[2021-06-19T15:51:02.194-0800][gc           ] GC(39) Pause Young (Normal) (G1 Evacuation Pause) 195M->148M(1024M) 67.208ms
[2021-06-19T15:51:02.195-0800][gc,cpu       ] GC(39) User=0.03s Sys=0.11s Real=0.07s
[2021-06-19T16:08:10.367-0800][gc,start     ] GC(40) Pause Young (Normal) (G1 Evacuation Pause)
[2021-06-19T16:08:10.368-0800][gc,task      ] GC(40) Using 8 workers of 8 for evacuation
[2021-06-19T16:08:10.459-0800][gc,mmu       ] GC(40) MMU target violated: 21.0ms (20.0ms/21.0ms)
[2021-06-19T16:08:10.459-0800][gc,phases    ] GC(40)   Pre Evacuate Collection Set: 11.7ms
[2021-06-19T16:08:10.459-0800][gc,phases    ] GC(40)   Merge Heap Roots: 3.4ms
[2021-06-19T16:08:10.459-0800][gc,phases    ] GC(40)   Evacuate Collection Set: 69.8ms
[2021-06-19T16:08:10.459-0800][gc,phases    ] GC(40)   Post Evacuate Collection Set: 5.2ms
[2021-06-19T16:08:10.460-0800][gc,phases    ] GC(40)   Other: 3.5ms
[2021-06-19T16:08:10.460-0800][gc,heap      ] GC(40) Eden regions: 48->0(48)
[2021-06-19T16:08:10.460-0800][gc,heap      ] GC(40) Survivor regions: 3->3(7)
[2021-06-19T16:08:10.460-0800][gc,heap      ] GC(40) Old regions: 16->16
[2021-06-19T16:08:10.460-0800][gc,heap      ] GC(40) Archive regions: 2->2
[2021-06-19T16:08:10.460-0800][gc,heap      ] GC(40) Humongous regions: 129->129
[2021-06-19T16:08:10.460-0800][gc,metaspace ] GC(40) Metaspace: 42957K(45816K)->42957K(45816K) NonClass: 37263K(38828K)->37263K(38828K) Class: 5694K(6988K)->5694K(6988K)
[2021-06-19T16:08:10.460-0800][gc           ] GC(40) Pause Young (Normal) (G1 Evacuation Pause) 196M->148M(1024M) 92.757ms
[2021-06-19T16:08:10.460-0800][gc,cpu       ] GC(40) User=0.05s Sys=0.10s Real=0.10s
[2021-06-19T16:25:24.251-0800][gc,start     ] GC(41) Pause Young (Normal) (G1 Evacuation Pause)
[2021-06-19T16:25:24.252-0800][gc,task      ] GC(41) Using 8 workers of 8 for evacuation
[2021-06-19T16:25:24.356-0800][gc,mmu       ] GC(41) MMU target violated: 21.0ms (20.0ms/21.0ms)
[2021-06-19T16:25:24.356-0800][gc,phases    ] GC(41)   Pre Evacuate Collection Set: 5.1ms
[2021-06-19T16:25:24.356-0800][gc,phases    ] GC(41)   Merge Heap Roots: 0.8ms
[2021-06-19T16:25:24.356-0800][gc,phases    ] GC(41)   Evacuate Collection Set: 90.0ms
[2021-06-19T16:25:24.356-0800][gc,phases    ] GC(41)   Post Evacuate Collection Set: 6.8ms
[2021-06-19T16:25:24.356-0800][gc,phases    ] GC(41)   Other: 2.5ms
[2021-06-19T16:25:24.356-0800][gc,heap      ] GC(41) Eden regions: 48->0(47)
[2021-06-19T16:25:24.356-0800][gc,heap      ] GC(41) Survivor regions: 3->4(7)
[2021-06-19T16:25:24.356-0800][gc,heap      ] GC(41) Old regions: 16->16
[2021-06-19T16:25:24.356-0800][gc,heap      ] GC(41) Archive regions: 2->2
[2021-06-19T16:25:24.356-0800][gc,heap      ] GC(41) Humongous regions: 129->129
[2021-06-19T16:25:24.356-0800][gc,metaspace ] GC(41) Metaspace: 42961K(45816K)->42961K(45816K) NonClass: 37267K(38828K)->37267K(38828K) Class: 5694K(6988K)->5694K(6988K)
[2021-06-19T16:25:24.358-0800][gc           ] GC(41) Pause Young (Normal) (G1 Evacuation Pause) 196M->148M(1024M) 107.151ms
[2021-06-19T16:25:24.358-0800][gc,cpu       ] GC(41) User=0.03s Sys=0.11s Real=0.10s
[2021-06-19T16:42:14.212-0800][gc,start     ] GC(42) Pause Young (Normal) (G1 Evacuation Pause)
[2021-06-19T16:42:14.214-0800][gc,task      ] GC(42) Using 8 workers of 8 for evacuation
[2021-06-19T16:42:14.258-0800][gc,mmu       ] GC(42) MMU target violated: 21.0ms (20.0ms/21.0ms)
[2021-06-19T16:42:14.258-0800][gc,phases    ] GC(42)   Pre Evacuate Collection Set: 6.9ms
[2021-06-19T16:42:14.258-0800][gc,phases    ] GC(42)   Merge Heap Roots: 0.1ms
[2021-06-19T16:42:14.258-0800][gc,phases    ] GC(42)   Evacuate Collection Set: 34.3ms
[2021-06-19T16:42:14.258-0800][gc,phases    ] GC(42)   Post Evacuate Collection Set: 1.5ms
[2021-06-19T16:42:14.258-0800][gc,phases    ] GC(42)   Other: 4.4ms
[2021-06-19T16:42:14.258-0800][gc,heap      ] GC(42) Eden regions: 47->0(48)
[2021-06-19T16:42:14.258-0800][gc,heap      ] GC(42) Survivor regions: 4->3(7)
[2021-06-19T16:42:14.258-0800][gc,heap      ] GC(42) Old regions: 16->16
[2021-06-19T16:42:14.258-0800][gc,heap      ] GC(42) Archive regions: 2->2
[2021-06-19T16:42:14.258-0800][gc,heap      ] GC(42) Humongous regions: 129->129
[2021-06-19T16:42:14.258-0800][gc,metaspace ] GC(42) Metaspace: 42962K(45816K)->42962K(45816K) NonClass: 37268K(38828K)->37268K(38828K) Class: 5694K(6988K)->5694K(6988K)
[2021-06-19T16:42:14.258-0800][gc           ] GC(42) Pause Young (Normal) (G1 Evacuation Pause) 195M->148M(1024M) 45.746ms
[2021-06-19T16:42:14.258-0800][gc,cpu       ] GC(42) User=0.03s Sys=0.13s Real=0.04s
[2021-06-19T16:58:19.239-0800][gc,start     ] GC(43) Pause Young (Normal) (G1 Evacuation Pause)
[2021-06-19T16:58:19.240-0800][gc,task      ] GC(43) Using 8 workers of 8 for evacuation
[2021-06-19T16:58:19.395-0800][gc,mmu       ] GC(43) MMU target violated: 21.0ms (20.0ms/21.0ms)
[2021-06-19T16:58:19.395-0800][gc,phases    ] GC(43)   Pre Evacuate Collection Set: 15.0ms
[2021-06-19T16:58:19.395-0800][gc,phases    ] GC(43)   Merge Heap Roots: 1.3ms
[2021-06-19T16:58:19.395-0800][gc,phases    ] GC(43)   Evacuate Collection Set: 129.3ms
[2021-06-19T16:58:19.395-0800][gc,phases    ] GC(43)   Post Evacuate Collection Set: 5.7ms
[2021-06-19T16:58:19.395-0800][gc,phases    ] GC(43)   Other: 6.6ms
[2021-06-19T16:58:19.395-0800][gc,heap      ] GC(43) Eden regions: 48->0(48)
[2021-06-19T16:58:19.395-0800][gc,heap      ] GC(43) Survivor regions: 3->3(7)
[2021-06-19T16:58:19.395-0800][gc,heap      ] GC(43) Old regions: 16->16
[2021-06-19T16:58:19.395-0800][gc,heap      ] GC(43) Archive regions: 2->2
[2021-06-19T16:58:19.395-0800][gc,heap      ] GC(43) Humongous regions: 129->129
[2021-06-19T16:58:19.395-0800][gc,metaspace ] GC(43) Metaspace: 42965K(45816K)->42965K(45816K) NonClass: 37271K(38828K)->37271K(38828K) Class: 5694K(6988K)->5694K(6988K)
[2021-06-19T16:58:19.395-0800][gc           ] GC(43) Pause Young (Normal) (G1 Evacuation Pause) 196M->148M(1024M) 156.879ms
[2021-06-19T16:58:19.395-0800][gc,cpu       ] GC(43) User=0.08s Sys=0.21s Real=0.16s
[2021-06-19T17:15:31.280-0800][gc,start     ] GC(44) Pause Young (Normal) (G1 Evacuation Pause)
[2021-06-19T17:15:31.281-0800][gc,task      ] GC(44) Using 8 workers of 8 for evacuation
[2021-06-19T17:15:31.431-0800][gc,mmu       ] GC(44) MMU target violated: 21.0ms (20.0ms/21.0ms)
[2021-06-19T17:15:31.431-0800][gc,phases    ] GC(44)   Pre Evacuate Collection Set: 6.5ms
[2021-06-19T17:15:31.431-0800][gc,phases    ] GC(44)   Merge Heap Roots: 1.0ms
[2021-06-19T17:15:31.431-0800][gc,phases    ] GC(44)   Evacuate Collection Set: 136.0ms
[2021-06-19T17:15:31.431-0800][gc,phases    ] GC(44)   Post Evacuate Collection Set: 4.5ms
[2021-06-19T17:15:31.431-0800][gc,phases    ] GC(44)   Other: 4.7ms
[2021-06-19T17:15:31.431-0800][gc,heap      ] GC(44) Eden regions: 48->0(48)
[2021-06-19T17:15:31.431-0800][gc,heap      ] GC(44) Survivor regions: 3->3(7)
[2021-06-19T17:15:31.431-0800][gc,heap      ] GC(44) Old regions: 16->16
[2021-06-19T17:15:31.431-0800][gc,heap      ] GC(44) Archive regions: 2->2
[2021-06-19T17:15:31.431-0800][gc,heap      ] GC(44) Humongous regions: 129->129
[2021-06-19T17:15:31.431-0800][gc,metaspace ] GC(44) Metaspace: 42968K(45816K)->42968K(45816K) NonClass: 37274K(38828K)->37274K(38828K) Class: 5694K(6988K)->5694K(6988K)
[2021-06-19T17:15:31.431-0800][gc           ] GC(44) Pause Young (Normal) (G1 Evacuation Pause) 196M->148M(1024M) 151.192ms
[2021-06-19T17:15:31.431-0800][gc,cpu       ] GC(44) User=0.04s Sys=0.18s Real=0.15s
[2021-06-19T17:32:38.402-0800][gc,start     ] GC(45) Pause Young (Normal) (G1 Evacuation Pause)
[2021-06-19T17:32:38.403-0800][gc,task      ] GC(45) Using 8 workers of 8 for evacuation
[2021-06-19T17:32:38.516-0800][gc,mmu       ] GC(45) MMU target violated: 21.0ms (20.0ms/21.0ms)
[2021-06-19T17:32:38.516-0800][gc,phases    ] GC(45)   Pre Evacuate Collection Set: 12.2ms
[2021-06-19T17:32:38.516-0800][gc,phases    ] GC(45)   Merge Heap Roots: 0.9ms
[2021-06-19T17:32:38.516-0800][gc,phases    ] GC(45)   Evacuate Collection Set: 94.1ms
[2021-06-19T17:32:38.516-0800][gc,phases    ] GC(45)   Post Evacuate Collection Set: 3.7ms
[2021-06-19T17:32:38.516-0800][gc,phases    ] GC(45)   Other: 3.7ms
[2021-06-19T17:32:38.516-0800][gc,heap      ] GC(45) Eden regions: 48->0(48)
[2021-06-19T17:32:38.516-0800][gc,heap      ] GC(45) Survivor regions: 3->3(7)
[2021-06-19T17:32:38.516-0800][gc,heap      ] GC(45) Old regions: 16->16
[2021-06-19T17:32:38.516-0800][gc,heap      ] GC(45) Archive regions: 2->2
[2021-06-19T17:32:38.516-0800][gc,heap      ] GC(45) Humongous regions: 129->129
[2021-06-19T17:32:38.516-0800][gc,metaspace ] GC(45) Metaspace: 42970K(45816K)->42970K(45816K) NonClass: 37276K(38828K)->37276K(38828K) Class: 5694K(6988K)->5694K(6988K)
[2021-06-19T17:32:38.517-0800][gc           ] GC(45) Pause Young (Normal) (G1 Evacuation Pause) 196M->148M(1024M) 114.452ms
[2021-06-19T17:32:38.517-0800][gc,cpu       ] GC(45) User=0.04s Sys=0.20s Real=0.11s
[2021-06-19T17:46:56.404-0800][gc,start     ] GC(46) Pause Young (Normal) (G1 Evacuation Pause)
[2021-06-19T17:46:56.412-0800][gc,task      ] GC(46) Using 8 workers of 8 for evacuation
[2021-06-19T17:46:56.574-0800][gc,mmu       ] GC(46) MMU target violated: 21.0ms (20.0ms/21.0ms)
[2021-06-19T17:46:56.574-0800][gc,phases    ] GC(46)   Pre Evacuate Collection Set: 6.3ms
[2021-06-19T17:46:56.574-0800][gc,phases    ] GC(46)   Merge Heap Roots: 0.7ms
[2021-06-19T17:46:56.574-0800][gc,phases    ] GC(46)   Evacuate Collection Set: 144.2ms
[2021-06-19T17:46:56.574-0800][gc,phases    ] GC(46)   Post Evacuate Collection Set: 9.8ms
[2021-06-19T17:46:56.574-0800][gc,phases    ] GC(46)   Other: 8.8ms
[2021-06-19T17:46:56.574-0800][gc,heap      ] GC(46) Eden regions: 48->0(48)
[2021-06-19T17:46:56.574-0800][gc,heap      ] GC(46) Survivor regions: 3->3(7)
[2021-06-19T17:46:56.574-0800][gc,heap      ] GC(46) Old regions: 16->16
[2021-06-19T17:46:56.574-0800][gc,heap      ] GC(46) Archive regions: 2->2
[2021-06-19T17:46:56.574-0800][gc,heap      ] GC(46) Humongous regions: 129->129
[2021-06-19T17:46:56.574-0800][gc,metaspace ] GC(46) Metaspace: 43038K(45816K)->43038K(45816K) NonClass: 37339K(38828K)->37339K(38828K) Class: 5699K(6988K)->5699K(6988K)
[2021-06-19T17:46:56.574-0800][gc           ] GC(46) Pause Young (Normal) (G1 Evacuation Pause) 196M->148M(1024M) 170.082ms
[2021-06-19T17:46:56.574-0800][gc,cpu       ] GC(46) User=0.04s Sys=0.13s Real=0.17s
[2021-06-19T17:56:01.045-0800][gc,start     ] GC(47) Pause Young (Normal) (G1 Evacuation Pause)
[2021-06-19T17:56:01.081-0800][gc,task      ] GC(47) Using 8 workers of 8 for evacuation
[2021-06-19T17:56:01.767-0800][gc,mmu       ] GC(47) MMU target violated: 21.0ms (20.0ms/21.0ms)
[2021-06-19T17:56:01.770-0800][gc,phases    ] GC(47)   Pre Evacuate Collection Set: 112.8ms
[2021-06-19T17:56:01.770-0800][gc,phases    ] GC(47)   Merge Heap Roots: 15.8ms
[2021-06-19T17:56:01.770-0800][gc,phases    ] GC(47)   Evacuate Collection Set: 483.3ms
[2021-06-19T17:56:01.770-0800][gc,phases    ] GC(47)   Post Evacuate Collection Set: 33.6ms
[2021-06-19T17:56:01.770-0800][gc,phases    ] GC(47)   Other: 155.5ms
[2021-06-19T17:56:01.770-0800][gc,heap      ] GC(47) Eden regions: 48->0(47)
[2021-06-19T17:56:01.770-0800][gc,heap      ] GC(47) Survivor regions: 3->4(7)
[2021-06-19T17:56:01.770-0800][gc,heap      ] GC(47) Old regions: 16->16
[2021-06-19T17:56:01.771-0800][gc,heap      ] GC(47) Archive regions: 2->2
[2021-06-19T17:56:01.771-0800][gc,heap      ] GC(47) Humongous regions: 129->129
[2021-06-19T17:56:01.771-0800][gc,metaspace ] GC(47) Metaspace: 43281K(46200K)->43281K(46200K) NonClass: 37566K(39084K)->37566K(39084K) Class: 5715K(7116K)->5715K(7116K)
[2021-06-19T17:56:01.776-0800][gc           ] GC(47) Pause Young (Normal) (G1 Evacuation Pause) 196M->148M(1024M) 741.955ms
[2021-06-19T17:56:01.777-0800][gc,cpu       ] GC(47) User=0.05s Sys=0.28s Real=0.74s
[2021-06-19T18:56:53.743-0800][gc,start     ] GC(48) Pause Young (Normal) (G1 Evacuation Pause)
[2021-06-19T18:56:53.750-0800][gc,task      ] GC(48) Using 8 workers of 8 for evacuation
[2021-06-19T18:56:54.155-0800][gc,mmu       ] GC(48) MMU target violated: 21.0ms (20.0ms/21.0ms)
[2021-06-19T18:56:54.156-0800][gc,phases    ] GC(48)   Pre Evacuate Collection Set: 22.5ms
[2021-06-19T18:56:54.156-0800][gc,phases    ] GC(48)   Merge Heap Roots: 6.5ms
[2021-06-19T18:56:54.156-0800][gc,phases    ] GC(48)   Evacuate Collection Set: 310.4ms
[2021-06-19T18:56:54.156-0800][gc,phases    ] GC(48)   Post Evacuate Collection Set: 58.6ms
[2021-06-19T18:56:54.157-0800][gc,phases    ] GC(48)   Other: 20.6ms
[2021-06-19T18:56:54.157-0800][gc,heap      ] GC(48) Eden regions: 47->0(48)
[2021-06-19T18:56:54.157-0800][gc,heap      ] GC(48) Survivor regions: 4->3(7)
[2021-06-19T18:56:54.157-0800][gc,heap      ] GC(48) Old regions: 16->16
[2021-06-19T18:56:54.157-0800][gc,heap      ] GC(48) Archive regions: 2->2
[2021-06-19T18:56:54.157-0800][gc,heap      ] GC(48) Humongous regions: 129->129
[2021-06-19T18:56:54.157-0800][gc,metaspace ] GC(48) Metaspace: 43303K(46200K)->43303K(46200K) NonClass: 37587K(39084K)->37587K(39084K) Class: 5715K(7116K)->5715K(7116K)
[2021-06-19T18:56:54.157-0800][gc           ] GC(48) Pause Young (Normal) (G1 Evacuation Pause) 195M->148M(1024M) 415.330ms
[2021-06-19T18:56:54.157-0800][gc,cpu       ] GC(48) User=0.07s Sys=0.32s Real=0.41s
[2021-06-19T19:13:44.897-0800][gc,start     ] GC(49) Pause Young (Normal) (G1 Evacuation Pause)
[2021-06-19T19:13:44.898-0800][gc,task      ] GC(49) Using 8 workers of 8 for evacuation
[2021-06-19T19:13:45.007-0800][gc,mmu       ] GC(49) MMU target violated: 21.0ms (20.0ms/21.0ms)
[2021-06-19T19:13:45.022-0800][gc,phases    ] GC(49)   Pre Evacuate Collection Set: 10.0ms
[2021-06-19T19:13:45.022-0800][gc,phases    ] GC(49)   Merge Heap Roots: 1.4ms
[2021-06-19T19:13:45.022-0800][gc,phases    ] GC(49)   Evacuate Collection Set: 83.2ms
[2021-06-19T19:13:45.022-0800][gc,phases    ] GC(49)   Post Evacuate Collection Set: 11.3ms
[2021-06-19T19:13:45.023-0800][gc,phases    ] GC(49)   Other: 19.5ms
[2021-06-19T19:13:45.023-0800][gc,heap      ] GC(49) Eden regions: 48->0(47)
[2021-06-19T19:13:45.023-0800][gc,heap      ] GC(49) Survivor regions: 3->4(7)
[2021-06-19T19:13:45.023-0800][gc,heap      ] GC(49) Old regions: 16->16
[2021-06-19T19:13:45.023-0800][gc,heap      ] GC(49) Archive regions: 2->2
[2021-06-19T19:13:45.023-0800][gc,heap      ] GC(49) Humongous regions: 129->129
[2021-06-19T19:13:45.023-0800][gc,metaspace ] GC(49) Metaspace: 43303K(46200K)->43303K(46200K) NonClass: 37587K(39084K)->37587K(39084K) Class: 5715K(7116K)->5715K(7116K)
[2021-06-19T19:13:45.024-0800][gc           ] GC(49) Pause Young (Normal) (G1 Evacuation Pause) 196M->148M(1024M) 126.739ms
[2021-06-19T19:13:45.024-0800][gc,cpu       ] GC(49) User=0.04s Sys=0.19s Real=0.13s
[2021-06-19T19:30:09.905-0800][gc,start     ] GC(50) Pause Young (Normal) (G1 Evacuation Pause)
[2021-06-19T19:30:09.907-0800][gc,task      ] GC(50) Using 8 workers of 8 for evacuation
[2021-06-19T19:30:09.962-0800][gc,mmu       ] GC(50) MMU target violated: 21.0ms (20.0ms/21.0ms)
[2021-06-19T19:30:09.962-0800][gc,phases    ] GC(50)   Pre Evacuate Collection Set: 4.9ms
[2021-06-19T19:30:09.962-0800][gc,phases    ] GC(50)   Merge Heap Roots: 1.5ms
[2021-06-19T19:30:09.962-0800][gc,phases    ] GC(50)   Evacuate Collection Set: 42.7ms
[2021-06-19T19:30:09.962-0800][gc,phases    ] GC(50)   Post Evacuate Collection Set: 4.2ms
[2021-06-19T19:30:09.962-0800][gc,phases    ] GC(50)   Other: 6.2ms
[2021-06-19T19:30:09.962-0800][gc,heap      ] GC(50) Eden regions: 47->0(48)
[2021-06-19T19:30:09.962-0800][gc,heap      ] GC(50) Survivor regions: 4->3(7)
[2021-06-19T19:30:09.962-0800][gc,heap      ] GC(50) Old regions: 16->16
[2021-06-19T19:30:09.962-0800][gc,heap      ] GC(50) Archive regions: 2->2
[2021-06-19T19:30:09.962-0800][gc,heap      ] GC(50) Humongous regions: 129->129
[2021-06-19T19:30:09.962-0800][gc,metaspace ] GC(50) Metaspace: 43307K(46200K)->43307K(46200K) NonClass: 37591K(39084K)->37591K(39084K) Class: 5715K(7116K)->5715K(7116K)
[2021-06-19T19:30:09.962-0800][gc           ] GC(50) Pause Young (Normal) (G1 Evacuation Pause) 195M->148M(1024M) 57.387ms
[2021-06-19T19:30:09.962-0800][gc,cpu       ] GC(50) User=0.02s Sys=0.12s Real=0.06s
[2021-06-19T19:45:53.733-0800][gc,start     ] GC(51) Pause Young (Normal) (G1 Evacuation Pause)
[2021-06-19T19:45:53.734-0800][gc,task      ] GC(51) Using 8 workers of 8 for evacuation
[2021-06-19T19:45:53.773-0800][gc,mmu       ] GC(51) MMU target violated: 21.0ms (20.0ms/21.0ms)
[2021-06-19T19:45:53.773-0800][gc,phases    ] GC(51)   Pre Evacuate Collection Set: 4.0ms
[2021-06-19T19:45:53.773-0800][gc,phases    ] GC(51)   Merge Heap Roots: 0.6ms
[2021-06-19T19:45:53.773-0800][gc,phases    ] GC(51)   Evacuate Collection Set: 29.8ms
[2021-06-19T19:45:53.773-0800][gc,phases    ] GC(51)   Post Evacuate Collection Set: 3.4ms
[2021-06-19T19:45:53.773-0800][gc,phases    ] GC(51)   Other: 2.3ms
[2021-06-19T19:45:53.773-0800][gc,heap      ] GC(51) Eden regions: 48->0(48)
[2021-06-19T19:45:53.773-0800][gc,heap      ] GC(51) Survivor regions: 3->3(7)
[2021-06-19T19:45:53.773-0800][gc,heap      ] GC(51) Old regions: 16->16
[2021-06-19T19:45:53.773-0800][gc,heap      ] GC(51) Archive regions: 2->2
[2021-06-19T19:45:53.773-0800][gc,heap      ] GC(51) Humongous regions: 129->129
[2021-06-19T19:45:53.773-0800][gc,metaspace ] GC(51) Metaspace: 43315K(46200K)->43315K(46200K) NonClass: 37599K(39084K)->37599K(39084K) Class: 5715K(7116K)->5715K(7116K)
[2021-06-19T19:45:53.773-0800][gc           ] GC(51) Pause Young (Normal) (G1 Evacuation Pause) 196M->148M(1024M) 40.116ms
[2021-06-19T19:45:53.773-0800][gc,cpu       ] GC(51) User=0.01s Sys=0.09s Real=0.04s
[2021-06-19T20:02:42.534-0800][gc,start     ] GC(52) Pause Young (Normal) (G1 Evacuation Pause)
[2021-06-19T20:02:42.535-0800][gc,task      ] GC(52) Using 8 workers of 8 for evacuation
[2021-06-19T20:02:42.587-0800][gc,mmu       ] GC(52) MMU target violated: 21.0ms (20.0ms/21.0ms)
[2021-06-19T20:02:42.587-0800][gc,phases    ] GC(52)   Pre Evacuate Collection Set: 4.4ms
[2021-06-19T20:02:42.587-0800][gc,phases    ] GC(52)   Merge Heap Roots: 1.6ms
[2021-06-19T20:02:42.587-0800][gc,phases    ] GC(52)   Evacuate Collection Set: 38.8ms
[2021-06-19T20:02:42.587-0800][gc,phases    ] GC(52)   Post Evacuate Collection Set: 5.6ms
[2021-06-19T20:02:42.587-0800][gc,phases    ] GC(52)   Other: 3.6ms
[2021-06-19T20:02:42.587-0800][gc,heap      ] GC(52) Eden regions: 48->0(48)
[2021-06-19T20:02:42.587-0800][gc,heap      ] GC(52) Survivor regions: 3->3(7)
[2021-06-19T20:02:42.587-0800][gc,heap      ] GC(52) Old regions: 16->16
[2021-06-19T20:02:42.587-0800][gc,heap      ] GC(52) Archive regions: 2->2
[2021-06-19T20:02:42.587-0800][gc,heap      ] GC(52) Humongous regions: 129->129
[2021-06-19T20:02:42.587-0800][gc,metaspace ] GC(52) Metaspace: 43318K(46200K)->43318K(46200K) NonClass: 37603K(39084K)->37603K(39084K) Class: 5715K(7116K)->5715K(7116K)
[2021-06-19T20:02:42.587-0800][gc           ] GC(52) Pause Young (Normal) (G1 Evacuation Pause) 196M->148M(1024M) 53.472ms
[2021-06-19T20:02:42.587-0800][gc,cpu       ] GC(52) User=0.02s Sys=0.11s Real=0.05s
[2021-06-19T20:19:38.023-0800][gc,start     ] GC(53) Pause Young (Normal) (G1 Evacuation Pause)
[2021-06-19T20:19:38.023-0800][gc,task      ] GC(53) Using 8 workers of 8 for evacuation
[2021-06-19T20:19:38.039-0800][gc,phases    ] GC(53)   Pre Evacuate Collection Set: 0.7ms
[2021-06-19T20:19:38.039-0800][gc,phases    ] GC(53)   Merge Heap Roots: 2.1ms
[2021-06-19T20:19:38.039-0800][gc,phases    ] GC(53)   Evacuate Collection Set: 9.3ms
[2021-06-19T20:19:38.039-0800][gc,phases    ] GC(53)   Post Evacuate Collection Set: 2.3ms
[2021-06-19T20:19:38.039-0800][gc,phases    ] GC(53)   Other: 2.1ms
[2021-06-19T20:19:38.039-0800][gc,heap      ] GC(53) Eden regions: 48->0(48)
[2021-06-19T20:19:38.039-0800][gc,heap      ] GC(53) Survivor regions: 3->3(7)
[2021-06-19T20:19:38.039-0800][gc,heap      ] GC(53) Old regions: 16->16
[2021-06-19T20:19:38.039-0800][gc,heap      ] GC(53) Archive regions: 2->2
[2021-06-19T20:19:38.039-0800][gc,heap      ] GC(53) Humongous regions: 129->129
[2021-06-19T20:19:38.039-0800][gc,metaspace ] GC(53) Metaspace: 43319K(46456K)->43319K(46456K) NonClass: 37603K(39340K)->37603K(39340K) Class: 5715K(7116K)->5715K(7116K)
[2021-06-19T20:19:38.040-0800][gc           ] GC(53) Pause Young (Normal) (G1 Evacuation Pause) 196M->148M(1024M) 17.367ms
[2021-06-19T20:19:38.040-0800][gc,cpu       ] GC(53) User=0.01s Sys=0.01s Real=0.02s
[2021-06-19T20:35:29.991-0800][gc,start     ] GC(54) Pause Young (Normal) (G1 Evacuation Pause)
[2021-06-19T20:35:29.992-0800][gc,task      ] GC(54) Using 8 workers of 8 for evacuation
[2021-06-19T20:35:30.002-0800][gc,phases    ] GC(54)   Pre Evacuate Collection Set: 0.6ms
[2021-06-19T20:35:30.002-0800][gc,phases    ] GC(54)   Merge Heap Roots: 0.1ms
[2021-06-19T20:35:30.002-0800][gc,phases    ] GC(54)   Evacuate Collection Set: 7.3ms
[2021-06-19T20:35:30.002-0800][gc,phases    ] GC(54)   Post Evacuate Collection Set: 1.6ms
[2021-06-19T20:35:30.002-0800][gc,phases    ] GC(54)   Other: 0.5ms
[2021-06-19T20:35:30.002-0800][gc,heap      ] GC(54) Eden regions: 48->0(48)
[2021-06-19T20:35:30.002-0800][gc,heap      ] GC(54) Survivor regions: 3->3(7)
[2021-06-19T20:35:30.002-0800][gc,heap      ] GC(54) Old regions: 16->16
[2021-06-19T20:35:30.002-0800][gc,heap      ] GC(54) Archive regions: 2->2
[2021-06-19T20:35:30.002-0800][gc,heap      ] GC(54) Humongous regions: 129->129
[2021-06-19T20:35:30.002-0800][gc,metaspace ] GC(54) Metaspace: 43320K(46456K)->43320K(46456K) NonClass: 37605K(39340K)->37605K(39340K) Class: 5715K(7116K)->5715K(7116K)
[2021-06-19T20:35:30.002-0800][gc           ] GC(54) Pause Young (Normal) (G1 Evacuation Pause) 196M->147M(1024M) 10.352ms
[2021-06-19T20:35:30.002-0800][gc,cpu       ] GC(54) User=0.02s Sys=0.02s Real=0.01s
[2021-06-19T20:52:14.482-0800][gc,start     ] GC(55) Pause Young (Normal) (G1 Evacuation Pause)
[2021-06-19T20:52:14.483-0800][gc,task      ] GC(55) Using 8 workers of 8 for evacuation
[2021-06-19T20:52:14.505-0800][gc,mmu       ] GC(55) MMU target violated: 21.0ms (20.0ms/21.0ms)
[2021-06-19T20:52:14.505-0800][gc,phases    ] GC(55)   Pre Evacuate Collection Set: 6.4ms
[2021-06-19T20:52:14.505-0800][gc,phases    ] GC(55)   Merge Heap Roots: 0.7ms
[2021-06-19T20:52:14.505-0800][gc,phases    ] GC(55)   Evacuate Collection Set: 12.7ms
[2021-06-19T20:52:14.505-0800][gc,phases    ] GC(55)   Post Evacuate Collection Set: 1.6ms
[2021-06-19T20:52:14.505-0800][gc,phases    ] GC(55)   Other: 1.3ms
[2021-06-19T20:52:14.505-0800][gc,heap      ] GC(55) Eden regions: 48->0(48)
[2021-06-19T20:52:14.505-0800][gc,heap      ] GC(55) Survivor regions: 3->3(7)
[2021-06-19T20:52:14.505-0800][gc,heap      ] GC(55) Old regions: 16->16
[2021-06-19T20:52:14.505-0800][gc,heap      ] GC(55) Archive regions: 2->2
[2021-06-19T20:52:14.505-0800][gc,heap      ] GC(55) Humongous regions: 129->129
[2021-06-19T20:52:14.505-0800][gc,metaspace ] GC(55) Metaspace: 43334K(46456K)->43334K(46456K) NonClass: 37618K(39340K)->37618K(39340K) Class: 5715K(7116K)->5715K(7116K)
[2021-06-19T20:52:14.506-0800][gc           ] GC(55) Pause Young (Normal) (G1 Evacuation Pause) 195M->148M(1024M) 23.494ms
[2021-06-19T20:52:14.506-0800][gc,cpu       ] GC(55) User=0.02s Sys=0.05s Real=0.02s
[2021-06-19T21:09:10.040-0800][gc,start     ] GC(56) Pause Young (Normal) (G1 Evacuation Pause)
[2021-06-19T21:09:10.040-0800][gc,task      ] GC(56) Using 8 workers of 8 for evacuation
[2021-06-19T21:09:10.065-0800][gc,mmu       ] GC(56) MMU target violated: 21.0ms (20.0ms/21.0ms)
[2021-06-19T21:09:10.065-0800][gc,phases    ] GC(56)   Pre Evacuate Collection Set: 1.8ms
[2021-06-19T21:09:10.065-0800][gc,phases    ] GC(56)   Merge Heap Roots: 0.1ms
[2021-06-19T21:09:10.065-0800][gc,phases    ] GC(56)   Evacuate Collection Set: 18.1ms
[2021-06-19T21:09:10.065-0800][gc,phases    ] GC(56)   Post Evacuate Collection Set: 4.5ms
[2021-06-19T21:09:10.065-0800][gc,phases    ] GC(56)   Other: 0.8ms
[2021-06-19T21:09:10.065-0800][gc,heap      ] GC(56) Eden regions: 48->0(48)
[2021-06-19T21:09:10.065-0800][gc,heap      ] GC(56) Survivor regions: 3->3(7)
[2021-06-19T21:09:10.065-0800][gc,heap      ] GC(56) Old regions: 16->16
[2021-06-19T21:09:10.065-0800][gc,heap      ] GC(56) Archive regions: 2->2
[2021-06-19T21:09:10.065-0800][gc,heap      ] GC(56) Humongous regions: 129->129
[2021-06-19T21:09:10.065-0800][gc,metaspace ] GC(56) Metaspace: 43335K(46456K)->43335K(46456K) NonClass: 37619K(39340K)->37619K(39340K) Class: 5715K(7116K)->5715K(7116K)
[2021-06-19T21:09:10.065-0800][gc           ] GC(56) Pause Young (Normal) (G1 Evacuation Pause) 196M->148M(1024M) 25.495ms
[2021-06-19T21:09:10.065-0800][gc,cpu       ] GC(56) User=0.02s Sys=0.06s Real=0.02s
[2021-06-19T21:26:00.063-0800][gc,start     ] GC(57) Pause Young (Normal) (G1 Evacuation Pause)
[2021-06-19T21:26:00.064-0800][gc,task      ] GC(57) Using 8 workers of 8 for evacuation
[2021-06-19T21:26:00.072-0800][gc,phases    ] GC(57)   Pre Evacuate Collection Set: 0.8ms
[2021-06-19T21:26:00.072-0800][gc,phases    ] GC(57)   Merge Heap Roots: 0.1ms
[2021-06-19T21:26:00.072-0800][gc,phases    ] GC(57)   Evacuate Collection Set: 6.0ms
[2021-06-19T21:26:00.072-0800][gc,phases    ] GC(57)   Post Evacuate Collection Set: 1.4ms
[2021-06-19T21:26:00.072-0800][gc,phases    ] GC(57)   Other: 0.5ms
[2021-06-19T21:26:00.072-0800][gc,heap      ] GC(57) Eden regions: 48->0(48)
[2021-06-19T21:26:00.072-0800][gc,heap      ] GC(57) Survivor regions: 3->3(7)
[2021-06-19T21:26:00.072-0800][gc,heap      ] GC(57) Old regions: 16->16
[2021-06-19T21:26:00.072-0800][gc,heap      ] GC(57) Archive regions: 2->2
[2021-06-19T21:26:00.072-0800][gc,heap      ] GC(57) Humongous regions: 129->129
[2021-06-19T21:26:00.072-0800][gc,metaspace ] GC(57) Metaspace: 43338K(46456K)->43338K(46456K) NonClass: 37622K(39340K)->37622K(39340K) Class: 5715K(7116K)->5715K(7116K)
[2021-06-19T21:26:00.073-0800][gc           ] GC(57) Pause Young (Normal) (G1 Evacuation Pause) 196M->148M(1024M) 9.451ms
[2021-06-19T21:26:00.073-0800][gc,cpu       ] GC(57) User=0.02s Sys=0.01s Real=0.01s
[2021-06-19T21:41:50.081-0800][gc,start     ] GC(58) Pause Young (Normal) (G1 Evacuation Pause)
[2021-06-19T21:41:50.082-0800][gc,task      ] GC(58) Using 8 workers of 8 for evacuation
[2021-06-19T21:41:50.086-0800][gc,phases    ] GC(58)   Pre Evacuate Collection Set: 0.1ms
[2021-06-19T21:41:50.086-0800][gc,phases    ] GC(58)   Merge Heap Roots: 0.1ms
[2021-06-19T21:41:50.086-0800][gc,phases    ] GC(58)   Evacuate Collection Set: 2.6ms
[2021-06-19T21:41:50.086-0800][gc,phases    ] GC(58)   Post Evacuate Collection Set: 1.7ms
[2021-06-19T21:41:50.086-0800][gc,phases    ] GC(58)   Other: 0.9ms
[2021-06-19T21:41:50.086-0800][gc,heap      ] GC(58) Eden regions: 48->0(48)
[2021-06-19T21:41:50.086-0800][gc,heap      ] GC(58) Survivor regions: 3->3(7)
[2021-06-19T21:41:50.086-0800][gc,heap      ] GC(58) Old regions: 16->16
[2021-06-19T21:41:50.086-0800][gc,heap      ] GC(58) Archive regions: 2->2
[2021-06-19T21:41:50.086-0800][gc,heap      ] GC(58) Humongous regions: 129->129
[2021-06-19T21:41:50.086-0800][gc,metaspace ] GC(58) Metaspace: 43338K(46456K)->43338K(46456K) NonClass: 37622K(39340K)->37622K(39340K) Class: 5715K(7116K)->5715K(7116K)
[2021-06-19T21:41:50.086-0800][gc           ] GC(58) Pause Young (Normal) (G1 Evacuation Pause) 196M->147M(1024M) 5.546ms
[2021-06-19T21:41:50.086-0800][gc,cpu       ] GC(58) User=0.01s Sys=0.01s Real=0.00s
[2021-06-19T21:58:35.097-0800][gc,start     ] GC(59) Pause Young (Normal) (G1 Evacuation Pause)
[2021-06-19T21:58:35.098-0800][gc,task      ] GC(59) Using 8 workers of 8 for evacuation
[2021-06-19T21:58:35.145-0800][gc,mmu       ] GC(59) MMU target violated: 21.0ms (20.0ms/21.0ms)
[2021-06-19T21:58:35.145-0800][gc,phases    ] GC(59)   Pre Evacuate Collection Set: 9.2ms
[2021-06-19T21:58:35.145-0800][gc,phases    ] GC(59)   Merge Heap Roots: 2.7ms
[2021-06-19T21:58:35.145-0800][gc,phases    ] GC(59)   Evacuate Collection Set: 27.5ms
[2021-06-19T21:58:35.145-0800][gc,phases    ] GC(59)   Post Evacuate Collection Set: 5.6ms
[2021-06-19T21:58:35.146-0800][gc,phases    ] GC(59)   Other: 4.0ms
[2021-06-19T21:58:35.146-0800][gc,heap      ] GC(59) Eden regions: 48->0(48)
[2021-06-19T21:58:35.146-0800][gc,heap      ] GC(59) Survivor regions: 3->3(7)
[2021-06-19T21:58:35.146-0800][gc,heap      ] GC(59) Old regions: 16->16
[2021-06-19T21:58:35.146-0800][gc,heap      ] GC(59) Archive regions: 2->2
[2021-06-19T21:58:35.146-0800][gc,heap      ] GC(59) Humongous regions: 129->129
[2021-06-19T21:58:35.146-0800][gc,metaspace ] GC(59) Metaspace: 43338K(46456K)->43338K(46456K) NonClass: 37623K(39340K)->37623K(39340K) Class: 5715K(7116K)->5715K(7116K)
[2021-06-19T21:58:35.146-0800][gc           ] GC(59) Pause Young (Normal) (G1 Evacuation Pause) 195M->147M(1024M) 49.173ms
[2021-06-19T21:58:35.146-0800][gc,cpu       ] GC(59) User=0.02s Sys=0.08s Real=0.05s
[2021-06-19T22:15:20.147-0800][gc,start     ] GC(60) Pause Young (Normal) (G1 Evacuation Pause)
[2021-06-19T22:15:20.149-0800][gc,task      ] GC(60) Using 8 workers of 8 for evacuation
[2021-06-19T22:15:20.586-0800][gc,mmu       ] GC(60) MMU target violated: 21.0ms (20.0ms/21.0ms)
[2021-06-19T22:15:20.586-0800][gc,phases    ] GC(60)   Pre Evacuate Collection Set: 63.5ms
[2021-06-19T22:15:20.586-0800][gc,phases    ] GC(60)   Merge Heap Roots: 19.1ms
[2021-06-19T22:15:20.586-0800][gc,phases    ] GC(60)   Evacuate Collection Set: 333.6ms
[2021-06-19T22:15:20.586-0800][gc,phases    ] GC(60)   Post Evacuate Collection Set: 8.9ms
[2021-06-19T22:15:20.586-0800][gc,phases    ] GC(60)   Other: 19.2ms
[2021-06-19T22:15:20.586-0800][gc,heap      ] GC(60) Eden regions: 48->0(48)
[2021-06-19T22:15:20.586-0800][gc,heap      ] GC(60) Survivor regions: 3->3(7)
[2021-06-19T22:15:20.586-0800][gc,heap      ] GC(60) Old regions: 16->16
[2021-06-19T22:15:20.586-0800][gc,heap      ] GC(60) Archive regions: 2->2
[2021-06-19T22:15:20.586-0800][gc,heap      ] GC(60) Humongous regions: 129->129
[2021-06-19T22:15:20.586-0800][gc,metaspace ] GC(60) Metaspace: 43341K(46456K)->43341K(46456K) NonClass: 37625K(39340K)->37625K(39340K) Class: 5715K(7116K)->5715K(7116K)
[2021-06-19T22:15:20.587-0800][gc           ] GC(60) Pause Young (Normal) (G1 Evacuation Pause) 195M->147M(1024M) 440.249ms
[2021-06-19T22:15:20.587-0800][gc,cpu       ] GC(60) User=0.04s Sys=0.26s Real=0.44s
[2021-06-19T22:31:12.318-0800][gc,start     ] GC(61) Pause Young (Normal) (G1 Evacuation Pause)
[2021-06-19T22:31:12.321-0800][gc,task      ] GC(61) Using 8 workers of 8 for evacuation
[2021-06-19T22:31:12.397-0800][gc,mmu       ] GC(61) MMU target violated: 21.0ms (20.0ms/21.0ms)
[2021-06-19T22:31:12.397-0800][gc,phases    ] GC(61)   Pre Evacuate Collection Set: 14.4ms
[2021-06-19T22:31:12.397-0800][gc,phases    ] GC(61)   Merge Heap Roots: 1.4ms
[2021-06-19T22:31:12.397-0800][gc,phases    ] GC(61)   Evacuate Collection Set: 50.6ms
[2021-06-19T22:31:12.397-0800][gc,phases    ] GC(61)   Post Evacuate Collection Set: 6.6ms
[2021-06-19T22:31:12.397-0800][gc,phases    ] GC(61)   Other: 5.6ms
[2021-06-19T22:31:12.397-0800][gc,heap      ] GC(61) Eden regions: 48->0(47)
[2021-06-19T22:31:12.397-0800][gc,heap      ] GC(61) Survivor regions: 3->4(7)
[2021-06-19T22:31:12.397-0800][gc,heap      ] GC(61) Old regions: 16->16
[2021-06-19T22:31:12.397-0800][gc,heap      ] GC(61) Archive regions: 2->2
[2021-06-19T22:31:12.397-0800][gc,heap      ] GC(61) Humongous regions: 129->129
[2021-06-19T22:31:12.397-0800][gc,metaspace ] GC(61) Metaspace: 43341K(46456K)->43341K(46456K) NonClass: 37625K(39340K)->37625K(39340K) Class: 5715K(7116K)->5715K(7116K)
[2021-06-19T22:31:12.397-0800][gc           ] GC(61) Pause Young (Normal) (G1 Evacuation Pause) 195M->149M(1024M) 79.289ms
[2021-06-19T22:31:12.397-0800][gc,cpu       ] GC(61) User=0.02s Sys=0.15s Real=0.08s
[2021-06-19T22:47:35.157-0800][gc,start     ] GC(62) Pause Young (Normal) (G1 Evacuation Pause)
[2021-06-19T22:47:35.158-0800][gc,task      ] GC(62) Using 8 workers of 8 for evacuation
[2021-06-19T22:47:35.270-0800][gc,mmu       ] GC(62) MMU target violated: 21.0ms (20.0ms/21.0ms)
[2021-06-19T22:47:35.270-0800][gc,phases    ] GC(62)   Pre Evacuate Collection Set: 5.6ms
[2021-06-19T22:47:35.270-0800][gc,phases    ] GC(62)   Merge Heap Roots: 1.8ms
[2021-06-19T22:47:35.270-0800][gc,phases    ] GC(62)   Evacuate Collection Set: 99.7ms
[2021-06-19T22:47:35.270-0800][gc,phases    ] GC(62)   Post Evacuate Collection Set: 3.2ms
[2021-06-19T22:47:35.271-0800][gc,phases    ] GC(62)   Other: 4.2ms
[2021-06-19T22:47:35.271-0800][gc,heap      ] GC(62) Eden regions: 47->0(47)
[2021-06-19T22:47:35.271-0800][gc,heap      ] GC(62) Survivor regions: 4->4(7)
[2021-06-19T22:47:35.271-0800][gc,heap      ] GC(62) Old regions: 16->17
[2021-06-19T22:47:35.271-0800][gc,heap      ] GC(62) Archive regions: 2->2
[2021-06-19T22:47:35.271-0800][gc,heap      ] GC(62) Humongous regions: 129->129
[2021-06-19T22:47:35.271-0800][gc,metaspace ] GC(62) Metaspace: 43349K(46456K)->43349K(46456K) NonClass: 37633K(39340K)->37633K(39340K) Class: 5715K(7116K)->5715K(7116K)
[2021-06-19T22:47:35.271-0800][gc           ] GC(62) Pause Young (Normal) (G1 Evacuation Pause) 196M->149M(1024M) 114.552ms
[2021-06-19T22:47:35.271-0800][gc,cpu       ] GC(62) User=0.06s Sys=0.16s Real=0.12s
[2021-06-19T23:04:05.179-0800][gc,start     ] GC(63) Pause Young (Normal) (G1 Evacuation Pause)
[2021-06-19T23:04:05.180-0800][gc,task      ] GC(63) Using 8 workers of 8 for evacuation
[2021-06-19T23:04:05.259-0800][gc,mmu       ] GC(63) MMU target violated: 21.0ms (20.0ms/21.0ms)
[2021-06-19T23:04:05.259-0800][gc,phases    ] GC(63)   Pre Evacuate Collection Set: 11.8ms
[2021-06-19T23:04:05.259-0800][gc,phases    ] GC(63)   Merge Heap Roots: 3.5ms
[2021-06-19T23:04:05.259-0800][gc,phases    ] GC(63)   Evacuate Collection Set: 58.6ms
[2021-06-19T23:04:05.259-0800][gc,phases    ] GC(63)   Post Evacuate Collection Set: 4.4ms
[2021-06-19T23:04:05.260-0800][gc,phases    ] GC(63)   Other: 2.4ms
[2021-06-19T23:04:05.260-0800][gc,heap      ] GC(63) Eden regions: 47->0(47)
[2021-06-19T23:04:05.260-0800][gc,heap      ] GC(63) Survivor regions: 4->4(7)
[2021-06-19T23:04:05.260-0800][gc,heap      ] GC(63) Old regions: 17->17
[2021-06-19T23:04:05.260-0800][gc,heap      ] GC(63) Archive regions: 2->2
[2021-06-19T23:04:05.260-0800][gc,heap      ] GC(63) Humongous regions: 129->129
[2021-06-19T23:04:05.260-0800][gc,metaspace ] GC(63) Metaspace: 43350K(46456K)->43350K(46456K) NonClass: 37634K(39340K)->37634K(39340K) Class: 5715K(7116K)->5715K(7116K)
[2021-06-19T23:04:05.260-0800][gc           ] GC(63) Pause Young (Normal) (G1 Evacuation Pause) 196M->149M(1024M) 81.037ms
[2021-06-19T23:04:05.260-0800][gc,cpu       ] GC(63) User=0.04s Sys=0.12s Real=0.09s
[2021-06-19T23:20:32.466-0800][gc,start     ] GC(64) Pause Young (Normal) (G1 Evacuation Pause)
[2021-06-19T23:20:32.467-0800][gc,task      ] GC(64) Using 8 workers of 8 for evacuation
[2021-06-19T23:20:32.501-0800][gc,mmu       ] GC(64) MMU target violated: 21.0ms (20.0ms/21.0ms)
[2021-06-19T23:20:32.502-0800][gc,phases    ] GC(64)   Pre Evacuate Collection Set: 3.7ms
[2021-06-19T23:20:32.502-0800][gc,phases    ] GC(64)   Merge Heap Roots: 0.9ms
[2021-06-19T23:20:32.502-0800][gc,phases    ] GC(64)   Evacuate Collection Set: 24.5ms
[2021-06-19T23:20:32.502-0800][gc,phases    ] GC(64)   Post Evacuate Collection Set: 5.4ms
[2021-06-19T23:20:32.502-0800][gc,phases    ] GC(64)   Other: 1.4ms
[2021-06-19T23:20:32.502-0800][gc,heap      ] GC(64) Eden regions: 47->0(47)
[2021-06-19T23:20:32.502-0800][gc,heap      ] GC(64) Survivor regions: 4->4(7)
[2021-06-19T23:20:32.502-0800][gc,heap      ] GC(64) Old regions: 17->17
[2021-06-19T23:20:32.502-0800][gc,heap      ] GC(64) Archive regions: 2->2
[2021-06-19T23:20:32.502-0800][gc,heap      ] GC(64) Humongous regions: 129->129
[2021-06-19T23:20:32.502-0800][gc,metaspace ] GC(64) Metaspace: 43350K(46456K)->43350K(46456K) NonClass: 37634K(39340K)->37634K(39340K) Class: 5715K(7116K)->5715K(7116K)
[2021-06-19T23:20:32.502-0800][gc           ] GC(64) Pause Young (Normal) (G1 Evacuation Pause) 196M->149M(1024M) 35.670ms
[2021-06-19T23:20:32.502-0800][gc,cpu       ] GC(64) User=0.02s Sys=0.07s Real=0.04s
[2021-06-19T23:36:00.211-0800][gc,start     ] GC(65) Pause Young (Normal) (G1 Evacuation Pause)
[2021-06-19T23:36:00.212-0800][gc,task      ] GC(65) Using 8 workers of 8 for evacuation
[2021-06-19T23:36:00.257-0800][gc,mmu       ] GC(65) MMU target violated: 21.0ms (20.0ms/21.0ms)
[2021-06-19T23:36:00.257-0800][gc,phases    ] GC(65)   Pre Evacuate Collection Set: 9.3ms
[2021-06-19T23:36:00.257-0800][gc,phases    ] GC(65)   Merge Heap Roots: 1.3ms
[2021-06-19T23:36:00.257-0800][gc,phases    ] GC(65)   Evacuate Collection Set: 27.7ms
[2021-06-19T23:36:00.257-0800][gc,phases    ] GC(65)   Post Evacuate Collection Set: 6.3ms
[2021-06-19T23:36:00.257-0800][gc,phases    ] GC(65)   Other: 2.4ms
[2021-06-19T23:36:00.257-0800][gc,heap      ] GC(65) Eden regions: 47->0(47)
[2021-06-19T23:36:00.257-0800][gc,heap      ] GC(65) Survivor regions: 4->4(7)
[2021-06-19T23:36:00.257-0800][gc,heap      ] GC(65) Old regions: 17->17
[2021-06-19T23:36:00.257-0800][gc,heap      ] GC(65) Archive regions: 2->2
[2021-06-19T23:36:00.257-0800][gc,heap      ] GC(65) Humongous regions: 129->129
[2021-06-19T23:36:00.257-0800][gc,metaspace ] GC(65) Metaspace: 43350K(46456K)->43350K(46456K) NonClass: 37635K(39340K)->37635K(39340K) Class: 5715K(7116K)->5715K(7116K)
[2021-06-19T23:36:00.258-0800][gc           ] GC(65) Pause Young (Normal) (G1 Evacuation Pause) 196M->148M(1024M) 46.511ms
[2021-06-19T23:36:00.258-0800][gc,cpu       ] GC(65) User=0.02s Sys=0.06s Real=0.04s
[2021-06-19T23:52:22.287-0800][gc,start     ] GC(66) Pause Young (Normal) (G1 Evacuation Pause)
[2021-06-19T23:52:22.288-0800][gc,task      ] GC(66) Using 8 workers of 8 for evacuation
[2021-06-19T23:52:22.351-0800][gc,mmu       ] GC(66) MMU target violated: 21.0ms (20.0ms/21.0ms)
[2021-06-19T23:52:22.352-0800][gc,phases    ] GC(66)   Pre Evacuate Collection Set: 8.0ms
[2021-06-19T23:52:22.352-0800][gc,phases    ] GC(66)   Merge Heap Roots: 0.6ms
[2021-06-19T23:52:22.352-0800][gc,phases    ] GC(66)   Evacuate Collection Set: 48.3ms
[2021-06-19T23:52:22.352-0800][gc,phases    ] GC(66)   Post Evacuate Collection Set: 3.9ms
[2021-06-19T23:52:22.352-0800][gc,phases    ] GC(66)   Other: 5.0ms
[2021-06-19T23:52:22.352-0800][gc,heap      ] GC(66) Eden regions: 47->0(48)
[2021-06-19T23:52:22.352-0800][gc,heap      ] GC(66) Survivor regions: 4->3(7)
[2021-06-19T23:52:22.352-0800][gc,heap      ] GC(66) Old regions: 17->17
[2021-06-19T23:52:22.352-0800][gc,heap      ] GC(66) Archive regions: 2->2
[2021-06-19T23:52:22.352-0800][gc,heap      ] GC(66) Humongous regions: 129->129
[2021-06-19T23:52:22.352-0800][gc,metaspace ] GC(66) Metaspace: 43351K(46456K)->43351K(46456K) NonClass: 37635K(39340K)->37635K(39340K) Class: 5715K(7116K)->5715K(7116K)
[2021-06-19T23:52:22.352-0800][gc           ] GC(66) Pause Young (Normal) (G1 Evacuation Pause) 195M->148M(1024M) 64.863ms
[2021-06-19T23:52:22.352-0800][gc,cpu       ] GC(66) User=0.02s Sys=0.07s Real=0.07s
[2021-06-20T00:09:08.674-0800][gc,start     ] GC(67) Pause Young (Normal) (G1 Evacuation Pause)
[2021-06-20T00:09:08.676-0800][gc,task      ] GC(67) Using 8 workers of 8 for evacuation
[2021-06-20T00:09:08.839-0800][gc,mmu       ] GC(67) MMU target violated: 21.0ms (20.0ms/21.0ms)
[2021-06-20T00:09:08.839-0800][gc,phases    ] GC(67)   Pre Evacuate Collection Set: 12.7ms
[2021-06-20T00:09:08.839-0800][gc,phases    ] GC(67)   Merge Heap Roots: 2.7ms
[2021-06-20T00:09:08.839-0800][gc,phases    ] GC(67)   Evacuate Collection Set: 135.0ms
[2021-06-20T00:09:08.839-0800][gc,phases    ] GC(67)   Post Evacuate Collection Set: 10.4ms
[2021-06-20T00:09:08.839-0800][gc,phases    ] GC(67)   Other: 6.2ms
[2021-06-20T00:09:08.839-0800][gc,heap      ] GC(67) Eden regions: 48->0(48)
[2021-06-20T00:09:08.839-0800][gc,heap      ] GC(67) Survivor regions: 3->3(7)
[2021-06-20T00:09:08.839-0800][gc,heap      ] GC(67) Old regions: 17->17
[2021-06-20T00:09:08.839-0800][gc,heap      ] GC(67) Archive regions: 2->2
[2021-06-20T00:09:08.839-0800][gc,heap      ] GC(67) Humongous regions: 129->129
[2021-06-20T00:09:08.839-0800][gc,metaspace ] GC(67) Metaspace: 43352K(46456K)->43352K(46456K) NonClass: 37636K(39340K)->37636K(39340K) Class: 5715K(7116K)->5715K(7116K)
[2021-06-20T00:09:08.840-0800][gc           ] GC(67) Pause Young (Normal) (G1 Evacuation Pause) 196M->148M(1024M) 166.433ms
[2021-06-20T00:09:08.840-0800][gc,cpu       ] GC(67) User=0.08s Sys=0.21s Real=0.17s
[2021-06-20T00:24:30.312-0800][gc,start     ] GC(68) Pause Young (Normal) (G1 Evacuation Pause)
[2021-06-20T00:24:30.313-0800][gc,task      ] GC(68) Using 8 workers of 8 for evacuation
[2021-06-20T00:24:30.457-0800][gc,mmu       ] GC(68) MMU target violated: 21.0ms (20.0ms/21.0ms)
[2021-06-20T00:24:30.457-0800][gc,phases    ] GC(68)   Pre Evacuate Collection Set: 8.0ms
[2021-06-20T00:24:30.457-0800][gc,phases    ] GC(68)   Merge Heap Roots: 1.3ms
[2021-06-20T00:24:30.457-0800][gc,phases    ] GC(68)   Evacuate Collection Set: 129.8ms
[2021-06-20T00:24:30.457-0800][gc,phases    ] GC(68)   Post Evacuate Collection Set: 2.8ms
[2021-06-20T00:24:30.457-0800][gc,phases    ] GC(68)   Other: 4.1ms
[2021-06-20T00:24:30.457-0800][gc,heap      ] GC(68) Eden regions: 48->0(47)
[2021-06-20T00:24:30.457-0800][gc,heap      ] GC(68) Survivor regions: 3->4(7)
[2021-06-20T00:24:30.457-0800][gc,heap      ] GC(68) Old regions: 17->17
[2021-06-20T00:24:30.457-0800][gc,heap      ] GC(68) Archive regions: 2->2
[2021-06-20T00:24:30.457-0800][gc,heap      ] GC(68) Humongous regions: 129->129
[2021-06-20T00:24:30.457-0800][gc,metaspace ] GC(68) Metaspace: 43369K(46456K)->43369K(46456K) NonClass: 37653K(39340K)->37653K(39340K) Class: 5715K(7116K)->5715K(7116K)
[2021-06-20T00:24:30.457-0800][gc           ] GC(68) Pause Young (Normal) (G1 Evacuation Pause) 196M->148M(1024M) 144.869ms
[2021-06-20T00:24:30.457-0800][gc,cpu       ] GC(68) User=0.08s Sys=0.17s Real=0.14s
[2021-06-20T00:33:34.924-0800][gc,start     ] GC(69) Pause Young (Normal) (G1 Evacuation Pause)
[2021-06-20T00:33:34.925-0800][gc,task      ] GC(69) Using 8 workers of 8 for evacuation
[2021-06-20T00:33:35.061-0800][gc,mmu       ] GC(69) MMU target violated: 21.0ms (20.0ms/21.0ms)
[2021-06-20T00:33:35.061-0800][gc,phases    ] GC(69)   Pre Evacuate Collection Set: 16.3ms
[2021-06-20T00:33:35.061-0800][gc,phases    ] GC(69)   Merge Heap Roots: 2.6ms
[2021-06-20T00:33:35.061-0800][gc,phases    ] GC(69)   Evacuate Collection Set: 110.8ms
[2021-06-20T00:33:35.061-0800][gc,phases    ] GC(69)   Post Evacuate Collection Set: 2.8ms
[2021-06-20T00:33:35.062-0800][gc,phases    ] GC(69)   Other: 5.9ms
[2021-06-20T00:33:35.062-0800][gc,heap      ] GC(69) Eden regions: 47->0(47)
[2021-06-20T00:33:35.062-0800][gc,heap      ] GC(69) Survivor regions: 4->4(7)
[2021-06-20T00:33:35.062-0800][gc,heap      ] GC(69) Old regions: 17->17
[2021-06-20T00:33:35.062-0800][gc,heap      ] GC(69) Archive regions: 2->2
[2021-06-20T00:33:35.062-0800][gc,heap      ] GC(69) Humongous regions: 129->129
[2021-06-20T00:33:35.062-0800][gc,metaspace ] GC(69) Metaspace: 43444K(46456K)->43444K(46456K) NonClass: 37729K(39340K)->37729K(39340K) Class: 5715K(7116K)->5715K(7116K)
[2021-06-20T00:33:35.062-0800][gc           ] GC(69) Pause Young (Normal) (G1 Evacuation Pause) 195M->148M(1024M) 138.364ms
[2021-06-20T00:33:35.062-0800][gc,cpu       ] GC(69) User=0.04s Sys=0.22s Real=0.14s
[2021-06-20T00:42:05.133-0800][gc,start     ] GC(70) Pause Young (Normal) (G1 Evacuation Pause)
[2021-06-20T00:42:05.134-0800][gc,task      ] GC(70) Using 8 workers of 8 for evacuation
[2021-06-20T00:42:05.174-0800][gc,mmu       ] GC(70) MMU target violated: 21.0ms (20.0ms/21.0ms)
[2021-06-20T00:42:05.174-0800][gc,phases    ] GC(70)   Pre Evacuate Collection Set: 6.3ms
[2021-06-20T00:42:05.174-0800][gc,phases    ] GC(70)   Merge Heap Roots: 0.7ms
[2021-06-20T00:42:05.174-0800][gc,phases    ] GC(70)   Evacuate Collection Set: 30.1ms
[2021-06-20T00:42:05.174-0800][gc,phases    ] GC(70)   Post Evacuate Collection Set: 1.9ms
[2021-06-20T00:42:05.174-0800][gc,phases    ] GC(70)   Other: 2.7ms
[2021-06-20T00:42:05.174-0800][gc,heap      ] GC(70) Eden regions: 47->0(47)
[2021-06-20T00:42:05.174-0800][gc,heap      ] GC(70) Survivor regions: 4->4(7)
[2021-06-20T00:42:05.174-0800][gc,heap      ] GC(70) Old regions: 17->17
[2021-06-20T00:42:05.174-0800][gc,heap      ] GC(70) Archive regions: 2->2
[2021-06-20T00:42:05.174-0800][gc,heap      ] GC(70) Humongous regions: 129->129
[2021-06-20T00:42:05.174-0800][gc,metaspace ] GC(70) Metaspace: 43678K(46712K)->43678K(46712K) NonClass: 37962K(39596K)->37962K(39596K) Class: 5715K(7116K)->5715K(7116K)
[2021-06-20T00:42:05.174-0800][gc           ] GC(70) Pause Young (Normal) (G1 Evacuation Pause) 195M->149M(1024M) 40.775ms
[2021-06-20T00:42:05.174-0800][gc,cpu       ] GC(70) User=0.02s Sys=0.09s Real=0.04s
[2021-06-20T00:50:38.997-0800][gc,start     ] GC(71) Pause Young (Normal) (G1 Evacuation Pause)
[2021-06-20T00:50:38.999-0800][gc,task      ] GC(71) Using 8 workers of 8 for evacuation
[2021-06-20T00:50:39.052-0800][gc,mmu       ] GC(71) MMU target violated: 21.0ms (20.0ms/21.0ms)
[2021-06-20T00:50:39.052-0800][gc,phases    ] GC(71)   Pre Evacuate Collection Set: 3.2ms
[2021-06-20T00:50:39.052-0800][gc,phases    ] GC(71)   Merge Heap Roots: 1.3ms
[2021-06-20T00:50:39.052-0800][gc,phases    ] GC(71)   Evacuate Collection Set: 46.6ms
[2021-06-20T00:50:39.053-0800][gc,phases    ] GC(71)   Post Evacuate Collection Set: 2.6ms
[2021-06-20T00:50:39.053-0800][gc,phases    ] GC(71)   Other: 1.7ms
[2021-06-20T00:50:39.053-0800][gc,heap      ] GC(71) Eden regions: 47->0(47)
[2021-06-20T00:50:39.053-0800][gc,heap      ] GC(71) Survivor regions: 4->4(7)
[2021-06-20T00:50:39.053-0800][gc,heap      ] GC(71) Old regions: 17->17
[2021-06-20T00:50:39.053-0800][gc,heap      ] GC(71) Archive regions: 2->2
[2021-06-20T00:50:39.053-0800][gc,heap      ] GC(71) Humongous regions: 129->129
[2021-06-20T00:50:39.053-0800][gc,metaspace ] GC(71) Metaspace: 43685K(46712K)->43685K(46712K) NonClass: 37969K(39596K)->37969K(39596K) Class: 5715K(7116K)->5715K(7116K)
[2021-06-20T00:50:39.053-0800][gc           ] GC(71) Pause Young (Normal) (G1 Evacuation Pause) 196M->149M(1024M) 55.914ms
[2021-06-20T00:50:39.053-0800][gc,cpu       ] GC(71) User=0.03s Sys=0.14s Real=0.06s
[2021-06-20T00:59:10.305-0800][gc,start     ] GC(72) Pause Young (Normal) (G1 Evacuation Pause)
[2021-06-20T00:59:10.306-0800][gc,task      ] GC(72) Using 8 workers of 8 for evacuation
[2021-06-20T00:59:10.346-0800][gc,mmu       ] GC(72) MMU target violated: 21.0ms (20.0ms/21.0ms)
[2021-06-20T00:59:10.346-0800][gc,phases    ] GC(72)   Pre Evacuate Collection Set: 5.3ms
[2021-06-20T00:59:10.346-0800][gc,phases    ] GC(72)   Merge Heap Roots: 0.7ms
[2021-06-20T00:59:10.346-0800][gc,phases    ] GC(72)   Evacuate Collection Set: 30.7ms
[2021-06-20T00:59:10.346-0800][gc,phases    ] GC(72)   Post Evacuate Collection Set: 2.6ms
[2021-06-20T00:59:10.346-0800][gc,phases    ] GC(72)   Other: 1.5ms
[2021-06-20T00:59:10.346-0800][gc,heap      ] GC(72) Eden regions: 47->0(47)
[2021-06-20T00:59:10.346-0800][gc,heap      ] GC(72) Survivor regions: 4->4(7)
[2021-06-20T00:59:10.346-0800][gc,heap      ] GC(72) Old regions: 17->17
[2021-06-20T00:59:10.346-0800][gc,heap      ] GC(72) Archive regions: 2->2
[2021-06-20T00:59:10.346-0800][gc,heap      ] GC(72) Humongous regions: 129->129
[2021-06-20T00:59:10.346-0800][gc,metaspace ] GC(72) Metaspace: 43696K(46712K)->43696K(46712K) NonClass: 37979K(39596K)->37979K(39596K) Class: 5716K(7116K)->5716K(7116K)
[2021-06-20T00:59:10.346-0800][gc           ] GC(72) Pause Young (Normal) (G1 Evacuation Pause) 196M->149M(1024M) 40.999ms
[2021-06-20T00:59:10.346-0800][gc,cpu       ] GC(72) User=0.02s Sys=0.10s Real=0.04s
[2021-06-20T01:07:40.318-0800][gc,start     ] GC(73) Pause Young (Normal) (G1 Evacuation Pause)
[2021-06-20T01:07:40.320-0800][gc,task      ] GC(73) Using 8 workers of 8 for evacuation
[2021-06-20T01:07:40.459-0800][gc,mmu       ] GC(73) MMU target violated: 21.0ms (20.0ms/21.0ms)
[2021-06-20T01:07:40.459-0800][gc,phases    ] GC(73)   Pre Evacuate Collection Set: 17.3ms
[2021-06-20T01:07:40.459-0800][gc,phases    ] GC(73)   Merge Heap Roots: 3.9ms
[2021-06-20T01:07:40.459-0800][gc,phases    ] GC(73)   Evacuate Collection Set: 107.4ms
[2021-06-20T01:07:40.459-0800][gc,phases    ] GC(73)   Post Evacuate Collection Set: 5.7ms
[2021-06-20T01:07:40.459-0800][gc,phases    ] GC(73)   Other: 6.4ms
[2021-06-20T01:07:40.459-0800][gc,heap      ] GC(73) Eden regions: 47->0(47)
[2021-06-20T01:07:40.459-0800][gc,heap      ] GC(73) Survivor regions: 4->4(7)
[2021-06-20T01:07:40.459-0800][gc,heap      ] GC(73) Old regions: 17->17
[2021-06-20T01:07:40.459-0800][gc,heap      ] GC(73) Archive regions: 2->2
[2021-06-20T01:07:40.459-0800][gc,heap      ] GC(73) Humongous regions: 129->129
[2021-06-20T01:07:40.459-0800][gc,metaspace ] GC(73) Metaspace: 43706K(46712K)->43706K(46712K) NonClass: 37989K(39596K)->37989K(39596K) Class: 5716K(7116K)->5716K(7116K)
[2021-06-20T01:07:40.459-0800][gc           ] GC(73) Pause Young (Normal) (G1 Evacuation Pause) 196M->149M(1024M) 141.334ms
[2021-06-20T01:07:40.459-0800][gc,cpu       ] GC(73) User=0.04s Sys=0.27s Real=0.14s
[2021-06-20T01:16:11.926-0800][gc,start     ] GC(74) Pause Young (Normal) (G1 Evacuation Pause)
[2021-06-20T01:16:11.926-0800][gc,task      ] GC(74) Using 8 workers of 8 for evacuation
[2021-06-20T01:16:11.981-0800][gc,mmu       ] GC(74) MMU target violated: 21.0ms (20.0ms/21.0ms)
[2021-06-20T01:16:11.981-0800][gc,phases    ] GC(74)   Pre Evacuate Collection Set: 6.8ms
[2021-06-20T01:16:11.981-0800][gc,phases    ] GC(74)   Merge Heap Roots: 1.9ms
[2021-06-20T01:16:11.981-0800][gc,phases    ] GC(74)   Evacuate Collection Set: 42.1ms
[2021-06-20T01:16:11.981-0800][gc,phases    ] GC(74)   Post Evacuate Collection Set: 2.1ms
[2021-06-20T01:16:11.981-0800][gc,phases    ] GC(74)   Other: 4.0ms
[2021-06-20T01:16:11.981-0800][gc,heap      ] GC(74) Eden regions: 47->0(47)
[2021-06-20T01:16:11.981-0800][gc,heap      ] GC(74) Survivor regions: 4->4(7)
[2021-06-20T01:16:11.981-0800][gc,heap      ] GC(74) Old regions: 17->17
[2021-06-20T01:16:11.981-0800][gc,heap      ] GC(74) Archive regions: 2->2
[2021-06-20T01:16:11.981-0800][gc,heap      ] GC(74) Humongous regions: 129->129
[2021-06-20T01:16:11.981-0800][gc,metaspace ] GC(74) Metaspace: 43708K(46712K)->43708K(46712K) NonClass: 37992K(39596K)->37992K(39596K) Class: 5716K(7116K)->5716K(7116K)
[2021-06-20T01:16:11.981-0800][gc           ] GC(74) Pause Young (Normal) (G1 Evacuation Pause) 196M->149M(1024M) 55.947ms
[2021-06-20T01:16:11.982-0800][gc,cpu       ] GC(74) User=0.02s Sys=0.12s Real=0.06s
[2021-06-20T01:25:51.563-0800][gc,start     ] GC(75) Pause Young (Normal) (G1 Evacuation Pause)
[2021-06-20T01:25:51.568-0800][gc,task      ] GC(75) Using 8 workers of 8 for evacuation
[2021-06-20T01:25:51.703-0800][gc,mmu       ] GC(75) MMU target violated: 21.0ms (20.0ms/21.0ms)
[2021-06-20T01:25:51.703-0800][gc,phases    ] GC(75)   Pre Evacuate Collection Set: 15.8ms
[2021-06-20T01:25:51.703-0800][gc,phases    ] GC(75)   Merge Heap Roots: 4.1ms
[2021-06-20T01:25:51.703-0800][gc,phases    ] GC(75)   Evacuate Collection Set: 105.4ms
[2021-06-20T01:25:51.703-0800][gc,phases    ] GC(75)   Post Evacuate Collection Set: 5.3ms
[2021-06-20T01:25:51.703-0800][gc,phases    ] GC(75)   Other: 10.6ms
[2021-06-20T01:25:51.703-0800][gc,heap      ] GC(75) Eden regions: 47->0(47)
[2021-06-20T01:25:51.703-0800][gc,heap      ] GC(75) Survivor regions: 4->4(7)
[2021-06-20T01:25:51.703-0800][gc,heap      ] GC(75) Old regions: 17->17
[2021-06-20T01:25:51.703-0800][gc,heap      ] GC(75) Archive regions: 2->2
[2021-06-20T01:25:51.703-0800][gc,heap      ] GC(75) Humongous regions: 129->129
[2021-06-20T01:25:51.703-0800][gc,metaspace ] GC(75) Metaspace: 43726K(46712K)->43726K(46712K) NonClass: 38009K(39596K)->38009K(39596K) Class: 5716K(7116K)->5716K(7116K)
[2021-06-20T01:25:51.704-0800][gc           ] GC(75) Pause Young (Normal) (G1 Evacuation Pause) 196M->149M(1024M) 140.563ms
[2021-06-20T01:25:51.704-0800][gc,cpu       ] GC(75) User=0.04s Sys=0.24s Real=0.14s
[2021-06-20T01:33:50.350-0800][gc,start     ] GC(76) Pause Young (Normal) (G1 Evacuation Pause)
[2021-06-20T01:33:50.351-0800][gc,task      ] GC(76) Using 8 workers of 8 for evacuation
[2021-06-20T01:33:50.411-0800][gc,mmu       ] GC(76) MMU target violated: 21.0ms (20.0ms/21.0ms)
[2021-06-20T01:33:50.411-0800][gc,phases    ] GC(76)   Pre Evacuate Collection Set: 6.7ms
[2021-06-20T01:33:50.411-0800][gc,phases    ] GC(76)   Merge Heap Roots: 1.6ms
[2021-06-20T01:33:50.411-0800][gc,phases    ] GC(76)   Evacuate Collection Set: 43.3ms
[2021-06-20T01:33:50.411-0800][gc,phases    ] GC(76)   Post Evacuate Collection Set: 6.4ms
[2021-06-20T01:33:50.411-0800][gc,phases    ] GC(76)   Other: 5.0ms
[2021-06-20T01:33:50.411-0800][gc,heap      ] GC(76) Eden regions: 47->0(47)
[2021-06-20T01:33:50.411-0800][gc,heap      ] GC(76) Survivor regions: 4->4(7)
[2021-06-20T01:33:50.411-0800][gc,heap      ] GC(76) Old regions: 17->17
[2021-06-20T01:33:50.411-0800][gc,heap      ] GC(76) Archive regions: 2->2
[2021-06-20T01:33:50.411-0800][gc,heap      ] GC(76) Humongous regions: 129->129
[2021-06-20T01:33:50.411-0800][gc,metaspace ] GC(76) Metaspace: 43729K(46712K)->43729K(46712K) NonClass: 38013K(39596K)->38013K(39596K) Class: 5716K(7116K)->5716K(7116K)
[2021-06-20T01:33:50.411-0800][gc           ] GC(76) Pause Young (Normal) (G1 Evacuation Pause) 196M->149M(1024M) 61.237ms
[2021-06-20T01:33:50.411-0800][gc,cpu       ] GC(76) User=0.02s Sys=0.14s Real=0.06s
[2021-06-20T01:42:14.005-0800][gc,start     ] GC(77) Pause Young (Normal) (G1 Evacuation Pause)
[2021-06-20T01:42:14.006-0800][gc,task      ] GC(77) Using 8 workers of 8 for evacuation
[2021-06-20T01:42:14.092-0800][gc,mmu       ] GC(77) MMU target violated: 21.0ms (20.0ms/21.0ms)
[2021-06-20T01:42:14.092-0800][gc,phases    ] GC(77)   Pre Evacuate Collection Set: 9.1ms
[2021-06-20T01:42:14.092-0800][gc,phases    ] GC(77)   Merge Heap Roots: 1.6ms
[2021-06-20T01:42:14.092-0800][gc,phases    ] GC(77)   Evacuate Collection Set: 66.9ms
[2021-06-20T01:42:14.092-0800][gc,phases    ] GC(77)   Post Evacuate Collection Set: 3.0ms
[2021-06-20T01:42:14.092-0800][gc,phases    ] GC(77)   Other: 5.7ms
[2021-06-20T01:42:14.092-0800][gc,heap      ] GC(77) Eden regions: 47->0(47)
[2021-06-20T01:42:14.092-0800][gc,heap      ] GC(77) Survivor regions: 4->4(7)
[2021-06-20T01:42:14.092-0800][gc,heap      ] GC(77) Old regions: 17->17
[2021-06-20T01:42:14.092-0800][gc,heap      ] GC(77) Archive regions: 2->2
[2021-06-20T01:42:14.092-0800][gc,heap      ] GC(77) Humongous regions: 129->129
[2021-06-20T01:42:14.092-0800][gc,metaspace ] GC(77) Metaspace: 43734K(46712K)->43734K(46712K) NonClass: 38017K(39596K)->38017K(39596K) Class: 5716K(7116K)->5716K(7116K)
[2021-06-20T01:42:14.092-0800][gc           ] GC(77) Pause Young (Normal) (G1 Evacuation Pause) 196M->149M(1024M) 86.929ms
[2021-06-20T01:42:14.092-0800][gc,cpu       ] GC(77) User=0.03s Sys=0.17s Real=0.09s
[2021-06-20T01:50:47.779-0800][gc,start     ] GC(78) Pause Young (Normal) (G1 Evacuation Pause)
[2021-06-20T01:50:47.781-0800][gc,task      ] GC(78) Using 8 workers of 8 for evacuation
[2021-06-20T01:50:47.966-0800][gc,mmu       ] GC(78) MMU target violated: 21.0ms (20.0ms/21.0ms)
[2021-06-20T01:50:47.966-0800][gc,phases    ] GC(78)   Pre Evacuate Collection Set: 9.1ms
[2021-06-20T01:50:47.966-0800][gc,phases    ] GC(78)   Merge Heap Roots: 1.5ms
[2021-06-20T01:50:47.966-0800][gc,phases    ] GC(78)   Evacuate Collection Set: 170.2ms
[2021-06-20T01:50:47.966-0800][gc,phases    ] GC(78)   Post Evacuate Collection Set: 3.0ms
[2021-06-20T01:50:47.966-0800][gc,phases    ] GC(78)   Other: 4.6ms
[2021-06-20T01:50:47.966-0800][gc,heap      ] GC(78) Eden regions: 47->0(47)
[2021-06-20T01:50:47.966-0800][gc,heap      ] GC(78) Survivor regions: 4->4(7)
[2021-06-20T01:50:47.966-0800][gc,heap      ] GC(78) Old regions: 17->17
[2021-06-20T01:50:47.966-0800][gc,heap      ] GC(78) Archive regions: 2->2
[2021-06-20T01:50:47.966-0800][gc,heap      ] GC(78) Humongous regions: 129->129
[2021-06-20T01:50:47.966-0800][gc,metaspace ] GC(78) Metaspace: 43772K(46712K)->43772K(46712K) NonClass: 38055K(39596K)->38055K(39596K) Class: 5716K(7116K)->5716K(7116K)
[2021-06-20T01:50:47.966-0800][gc           ] GC(78) Pause Young (Normal) (G1 Evacuation Pause) 196M->149M(1024M) 187.857ms
[2021-06-20T01:50:47.966-0800][gc,cpu       ] GC(78) User=0.04s Sys=0.27s Real=0.19s
[2021-06-20T01:59:05.376-0800][gc,start     ] GC(79) Pause Young (Normal) (G1 Evacuation Pause)
[2021-06-20T01:59:05.377-0800][gc,task      ] GC(79) Using 8 workers of 8 for evacuation
[2021-06-20T01:59:05.512-0800][gc,mmu       ] GC(79) MMU target violated: 21.0ms (20.0ms/21.0ms)
[2021-06-20T01:59:05.512-0800][gc,phases    ] GC(79)   Pre Evacuate Collection Set: 12.5ms
[2021-06-20T01:59:05.512-0800][gc,phases    ] GC(79)   Merge Heap Roots: 2.9ms
[2021-06-20T01:59:05.512-0800][gc,phases    ] GC(79)   Evacuate Collection Set: 107.7ms
[2021-06-20T01:59:05.512-0800][gc,phases    ] GC(79)   Post Evacuate Collection Set: 7.9ms
[2021-06-20T01:59:05.512-0800][gc,phases    ] GC(79)   Other: 7.5ms
[2021-06-20T01:59:05.512-0800][gc,heap      ] GC(79) Eden regions: 47->0(47)
[2021-06-20T01:59:05.512-0800][gc,heap      ] GC(79) Survivor regions: 4->4(7)
[2021-06-20T01:59:05.512-0800][gc,heap      ] GC(79) Old regions: 17->17
[2021-06-20T01:59:05.512-0800][gc,heap      ] GC(79) Archive regions: 2->2
[2021-06-20T01:59:05.512-0800][gc,heap      ] GC(79) Humongous regions: 129->129
[2021-06-20T01:59:05.512-0800][gc,metaspace ] GC(79) Metaspace: 43777K(46712K)->43777K(46712K) NonClass: 38060K(39596K)->38060K(39596K) Class: 5716K(7116K)->5716K(7116K)
[2021-06-20T01:59:05.513-0800][gc           ] GC(79) Pause Young (Normal) (G1 Evacuation Pause) 196M->149M(1024M) 137.830ms
[2021-06-20T01:59:05.513-0800][gc,cpu       ] GC(79) User=0.06s Sys=0.19s Real=0.14s
[2021-06-20T02:07:29.796-0800][gc,start     ] GC(80) Pause Young (Normal) (G1 Evacuation Pause)
[2021-06-20T02:07:29.797-0800][gc,task      ] GC(80) Using 8 workers of 8 for evacuation
[2021-06-20T02:07:29.880-0800][gc,mmu       ] GC(80) MMU target violated: 21.0ms (20.0ms/21.0ms)
[2021-06-20T02:07:29.880-0800][gc,phases    ] GC(80)   Pre Evacuate Collection Set: 10.3ms
[2021-06-20T02:07:29.880-0800][gc,phases    ] GC(80)   Merge Heap Roots: 0.9ms
[2021-06-20T02:07:29.880-0800][gc,phases    ] GC(80)   Evacuate Collection Set: 65.1ms
[2021-06-20T02:07:29.880-0800][gc,phases    ] GC(80)   Post Evacuate Collection Set: 3.8ms
[2021-06-20T02:07:29.880-0800][gc,phases    ] GC(80)   Other: 5.8ms
[2021-06-20T02:07:29.880-0800][gc,heap      ] GC(80) Eden regions: 47->0(47)
[2021-06-20T02:07:29.880-0800][gc,heap      ] GC(80) Survivor regions: 4->4(7)
[2021-06-20T02:07:29.880-0800][gc,heap      ] GC(80) Old regions: 17->17
[2021-06-20T02:07:29.880-0800][gc,heap      ] GC(80) Archive regions: 2->2
[2021-06-20T02:07:29.880-0800][gc,heap      ] GC(80) Humongous regions: 129->129
[2021-06-20T02:07:29.880-0800][gc,metaspace ] GC(80) Metaspace: 43782K(46712K)->43782K(46712K) NonClass: 38065K(39596K)->38065K(39596K) Class: 5716K(7116K)->5716K(7116K)
[2021-06-20T02:07:29.880-0800][gc           ] GC(80) Pause Young (Normal) (G1 Evacuation Pause) 196M->149M(1024M) 84.845ms
[2021-06-20T02:07:29.880-0800][gc,cpu       ] GC(80) User=0.02s Sys=0.19s Real=0.09s
[2021-06-20T02:15:50.388-0800][gc,start     ] GC(81) Pause Young (Normal) (G1 Evacuation Pause)
[2021-06-20T02:15:50.389-0800][gc,task      ] GC(81) Using 8 workers of 8 for evacuation
[2021-06-20T02:15:50.490-0800][gc,mmu       ] GC(81) MMU target violated: 21.0ms (20.0ms/21.0ms)
[2021-06-20T02:15:50.490-0800][gc,phases    ] GC(81)   Pre Evacuate Collection Set: 11.1ms
[2021-06-20T02:15:50.491-0800][gc,phases    ] GC(81)   Merge Heap Roots: 1.3ms
[2021-06-20T02:15:50.491-0800][gc,phases    ] GC(81)   Evacuate Collection Set: 84.6ms
[2021-06-20T02:15:50.491-0800][gc,phases    ] GC(81)   Post Evacuate Collection Set: 2.6ms
[2021-06-20T02:15:50.491-0800][gc,phases    ] GC(81)   Other: 3.1ms
[2021-06-20T02:15:50.491-0800][gc,heap      ] GC(81) Eden regions: 47->0(47)
[2021-06-20T02:15:50.491-0800][gc,heap      ] GC(81) Survivor regions: 4->4(7)
[2021-06-20T02:15:50.491-0800][gc,heap      ] GC(81) Old regions: 17->17
[2021-06-20T02:15:50.491-0800][gc,heap      ] GC(81) Archive regions: 2->2
[2021-06-20T02:15:50.491-0800][gc,heap      ] GC(81) Humongous regions: 129->129
[2021-06-20T02:15:50.491-0800][gc,metaspace ] GC(81) Metaspace: 43785K(46968K)->43785K(46968K) NonClass: 38068K(39852K)->38068K(39852K) Class: 5716K(7116K)->5716K(7116K)
[2021-06-20T02:15:50.491-0800][gc           ] GC(81) Pause Young (Normal) (G1 Evacuation Pause) 196M->149M(1024M) 103.300ms
[2021-06-20T02:15:50.491-0800][gc,cpu       ] GC(81) User=0.03s Sys=0.17s Real=0.11s
[2021-06-20T03:42:01.837-0800][gc,start     ] GC(82) Pause Young (Normal) (G1 Evacuation Pause)
[2021-06-20T03:42:01.853-0800][gc,task      ] GC(82) Using 8 workers of 8 for evacuation
[2021-06-20T03:42:03.143-0800][gc,mmu       ] GC(82) MMU target violated: 21.0ms (20.0ms/21.0ms)
[2021-06-20T03:42:03.144-0800][gc,phases    ] GC(82)   Pre Evacuate Collection Set: 111.5ms
[2021-06-20T03:42:03.144-0800][gc,phases    ] GC(82)   Merge Heap Roots: 29.2ms
[2021-06-20T03:42:03.144-0800][gc,phases    ] GC(82)   Evacuate Collection Set: 1077.8ms
[2021-06-20T03:42:03.144-0800][gc,phases    ] GC(82)   Post Evacuate Collection Set: 32.1ms
[2021-06-20T03:42:03.146-0800][gc,phases    ] GC(82)   Other: 77.2ms
[2021-06-20T03:42:03.146-0800][gc,heap      ] GC(82) Eden regions: 47->0(47)
[2021-06-20T03:42:03.147-0800][gc,heap      ] GC(82) Survivor regions: 4->4(7)
[2021-06-20T03:42:03.147-0800][gc,heap      ] GC(82) Old regions: 17->17
[2021-06-20T03:42:03.147-0800][gc,heap      ] GC(82) Archive regions: 2->2
[2021-06-20T03:42:03.147-0800][gc,heap      ] GC(82) Humongous regions: 129->129
[2021-06-20T03:42:03.147-0800][gc,metaspace ] GC(82) Metaspace: 43788K(46968K)->43788K(46968K) NonClass: 38072K(39852K)->38072K(39852K) Class: 5716K(7116K)->5716K(7116K)
[2021-06-20T03:42:03.148-0800][gc           ] GC(82) Pause Young (Normal) (G1 Evacuation Pause) 196M->148M(1024M) 1315.643ms
[2021-06-20T03:42:03.148-0800][gc,cpu       ] GC(82) User=0.28s Sys=1.87s Real=1.31s
[2021-06-20T06:01:48.789-0800][gc,start     ] GC(83) Pause Young (Normal) (G1 Evacuation Pause)
[2021-06-20T06:01:48.814-0800][gc,task      ] GC(83) Using 8 workers of 8 for evacuation
[2021-06-20T06:01:50.903-0800][gc,mmu       ] GC(83) MMU target violated: 21.0ms (20.0ms/21.0ms)
[2021-06-20T06:01:50.903-0800][gc,phases    ] GC(83)   Pre Evacuate Collection Set: 80.3ms
[2021-06-20T06:01:50.904-0800][gc,phases    ] GC(83)   Merge Heap Roots: 27.4ms
[2021-06-20T06:01:50.904-0800][gc,phases    ] GC(83)   Evacuate Collection Set: 1930.8ms
[2021-06-20T06:01:50.904-0800][gc,phases    ] GC(83)   Post Evacuate Collection Set: 31.9ms
[2021-06-20T06:01:50.904-0800][gc,phases    ] GC(83)   Other: 47.3ms
[2021-06-20T06:01:50.904-0800][gc,heap      ] GC(83) Eden regions: 47->0(46)
[2021-06-20T06:01:50.905-0800][gc,heap      ] GC(83) Survivor regions: 4->5(7)
[2021-06-20T06:01:50.905-0800][gc,heap      ] GC(83) Old regions: 17->17
[2021-06-20T06:01:50.905-0800][gc,heap      ] GC(83) Archive regions: 2->2
[2021-06-20T06:01:50.905-0800][gc,heap      ] GC(83) Humongous regions: 129->129
[2021-06-20T06:01:50.905-0800][gc,metaspace ] GC(83) Metaspace: 43811K(46968K)->43811K(46968K) NonClass: 38094K(39852K)->38094K(39852K) Class: 5716K(7116K)->5716K(7116K)
[2021-06-20T06:01:50.909-0800][gc           ] GC(83) Pause Young (Normal) (G1 Evacuation Pause) 195M->150M(1024M) 2122.410ms
[2021-06-20T06:01:50.910-0800][gc,cpu       ] GC(83) User=0.90s Sys=3.00s Real=2.13s
[2021-06-20T07:08:07.660-0800][gc,start     ] GC(84) Pause Young (Normal) (G1 Evacuation Pause)
[2021-06-20T07:08:07.663-0800][gc,task      ] GC(84) Using 8 workers of 8 for evacuation
[2021-06-20T07:08:07.832-0800][gc,mmu       ] GC(84) MMU target violated: 21.0ms (20.0ms/21.0ms)
[2021-06-20T07:08:07.832-0800][gc,phases    ] GC(84)   Pre Evacuate Collection Set: 18.2ms
[2021-06-20T07:08:07.832-0800][gc,phases    ] GC(84)   Merge Heap Roots: 5.2ms
[2021-06-20T07:08:07.832-0800][gc,phases    ] GC(84)   Evacuate Collection Set: 131.5ms
[2021-06-20T07:08:07.832-0800][gc,phases    ] GC(84)   Post Evacuate Collection Set: 11.2ms
[2021-06-20T07:08:07.832-0800][gc,phases    ] GC(84)   Other: 7.7ms
[2021-06-20T07:08:07.832-0800][gc,heap      ] GC(84) Eden regions: 46->0(47)
[2021-06-20T07:08:07.832-0800][gc,heap      ] GC(84) Survivor regions: 5->4(7)
[2021-06-20T07:08:07.832-0800][gc,heap      ] GC(84) Old regions: 17->17
[2021-06-20T07:08:07.832-0800][gc,heap      ] GC(84) Archive regions: 2->2
[2021-06-20T07:08:07.832-0800][gc,heap      ] GC(84) Humongous regions: 129->129
[2021-06-20T07:08:07.833-0800][gc,metaspace ] GC(84) Metaspace: 43817K(46968K)->43817K(46968K) NonClass: 38100K(39852K)->38100K(39852K) Class: 5716K(7116K)->5716K(7116K)
[2021-06-20T07:08:07.833-0800][gc           ] GC(84) Pause Young (Normal) (G1 Evacuation Pause) 196M->149M(1024M) 173.104ms
[2021-06-20T07:08:07.833-0800][gc,cpu       ] GC(84) User=0.05s Sys=0.27s Real=0.18s
[2021-06-20T07:24:05.976-0800][gc,start     ] GC(85) Pause Young (Normal) (G1 Evacuation Pause)
[2021-06-20T07:24:05.977-0800][gc,task      ] GC(85) Using 8 workers of 8 for evacuation
[2021-06-20T07:24:06.018-0800][gc,mmu       ] GC(85) MMU target violated: 21.0ms (20.0ms/21.0ms)
[2021-06-20T07:24:06.018-0800][gc,phases    ] GC(85)   Pre Evacuate Collection Set: 4.5ms
[2021-06-20T07:24:06.018-0800][gc,phases    ] GC(85)   Merge Heap Roots: 0.7ms
[2021-06-20T07:24:06.018-0800][gc,phases    ] GC(85)   Evacuate Collection Set: 31.3ms
[2021-06-20T07:24:06.018-0800][gc,phases    ] GC(85)   Post Evacuate Collection Set: 3.2ms
[2021-06-20T07:24:06.018-0800][gc,phases    ] GC(85)   Other: 2.0ms
[2021-06-20T07:24:06.018-0800][gc,heap      ] GC(85) Eden regions: 47->0(47)
[2021-06-20T07:24:06.018-0800][gc,heap      ] GC(85) Survivor regions: 4->4(7)
[2021-06-20T07:24:06.018-0800][gc,heap      ] GC(85) Old regions: 17->17
[2021-06-20T07:24:06.018-0800][gc,heap      ] GC(85) Archive regions: 2->2
[2021-06-20T07:24:06.018-0800][gc,heap      ] GC(85) Humongous regions: 129->129
[2021-06-20T07:24:06.018-0800][gc,metaspace ] GC(85) Metaspace: 43853K(46968K)->43853K(46968K) NonClass: 38136K(39852K)->38136K(39852K) Class: 5716K(7116K)->5716K(7116K)
[2021-06-20T07:24:06.018-0800][gc           ] GC(85) Pause Young (Normal) (G1 Evacuation Pause) 196M->149M(1024M) 42.275ms
[2021-06-20T07:24:06.019-0800][gc,cpu       ] GC(85) User=0.02s Sys=0.09s Real=0.04s
[2021-06-20T07:39:07.443-0800][gc,start     ] GC(86) Pause Young (Normal) (G1 Evacuation Pause)
[2021-06-20T07:39:07.444-0800][gc,task      ] GC(86) Using 8 workers of 8 for evacuation
[2021-06-20T07:39:07.458-0800][gc,phases    ] GC(86)   Pre Evacuate Collection Set: 1.2ms
[2021-06-20T07:39:07.458-0800][gc,phases    ] GC(86)   Merge Heap Roots: 0.1ms
[2021-06-20T07:39:07.458-0800][gc,phases    ] GC(86)   Evacuate Collection Set: 10.5ms
[2021-06-20T07:39:07.458-0800][gc,phases    ] GC(86)   Post Evacuate Collection Set: 2.3ms
[2021-06-20T07:39:07.458-0800][gc,phases    ] GC(86)   Other: 0.9ms
[2021-06-20T07:39:07.458-0800][gc,heap      ] GC(86) Eden regions: 47->0(47)
[2021-06-20T07:39:07.458-0800][gc,heap      ] GC(86) Survivor regions: 4->4(7)
[2021-06-20T07:39:07.458-0800][gc,heap      ] GC(86) Old regions: 17->17
[2021-06-20T07:39:07.458-0800][gc,heap      ] GC(86) Archive regions: 2->2
[2021-06-20T07:39:07.458-0800][gc,heap      ] GC(86) Humongous regions: 129->129
[2021-06-20T07:39:07.458-0800][gc,metaspace ] GC(86) Metaspace: 43854K(46968K)->43854K(46968K) NonClass: 38137K(39852K)->38137K(39852K) Class: 5716K(7116K)->5716K(7116K)
[2021-06-20T07:39:07.458-0800][gc           ] GC(86) Pause Young (Normal) (G1 Evacuation Pause) 196M->149M(1024M) 15.100ms
[2021-06-20T07:39:07.458-0800][gc,cpu       ] GC(86) User=0.02s Sys=0.02s Real=0.01s
[2021-06-20T07:55:00.798-0800][gc,start     ] GC(87) Pause Young (Normal) (G1 Evacuation Pause)
[2021-06-20T07:55:00.798-0800][gc,task      ] GC(87) Using 8 workers of 8 for evacuation
[2021-06-20T07:55:00.813-0800][gc,phases    ] GC(87)   Pre Evacuate Collection Set: 2.2ms
[2021-06-20T07:55:00.813-0800][gc,phases    ] GC(87)   Merge Heap Roots: 0.2ms
[2021-06-20T07:55:00.813-0800][gc,phases    ] GC(87)   Evacuate Collection Set: 10.8ms
[2021-06-20T07:55:00.813-0800][gc,phases    ] GC(87)   Post Evacuate Collection Set: 1.1ms
[2021-06-20T07:55:00.813-0800][gc,phases    ] GC(87)   Other: 1.8ms
[2021-06-20T07:55:00.813-0800][gc,heap      ] GC(87) Eden regions: 47->0(48)
[2021-06-20T07:55:00.813-0800][gc,heap      ] GC(87) Survivor regions: 4->3(7)
[2021-06-20T07:55:00.813-0800][gc,heap      ] GC(87) Old regions: 17->17
[2021-06-20T07:55:00.813-0800][gc,heap      ] GC(87) Archive regions: 2->2
[2021-06-20T07:55:00.813-0800][gc,heap      ] GC(87) Humongous regions: 129->129
[2021-06-20T07:55:00.813-0800][gc,metaspace ] GC(87) Metaspace: 43854K(46968K)->43854K(46968K) NonClass: 38137K(39852K)->38137K(39852K) Class: 5716K(7116K)->5716K(7116K)
[2021-06-20T07:55:00.814-0800][gc           ] GC(87) Pause Young (Normal) (G1 Evacuation Pause) 196M->149M(1024M) 15.915ms
[2021-06-20T07:55:00.814-0800][gc,cpu       ] GC(87) User=0.02s Sys=0.05s Real=0.02s
[2021-06-20T08:11:17.644-0800][gc,start     ] GC(88) Pause Young (Normal) (G1 Evacuation Pause)
[2021-06-20T08:11:17.645-0800][gc,task      ] GC(88) Using 8 workers of 8 for evacuation
[2021-06-20T08:11:17.658-0800][gc,phases    ] GC(88)   Pre Evacuate Collection Set: 0.7ms
[2021-06-20T08:11:17.658-0800][gc,phases    ] GC(88)   Merge Heap Roots: 1.2ms
[2021-06-20T08:11:17.658-0800][gc,phases    ] GC(88)   Evacuate Collection Set: 9.0ms
[2021-06-20T08:11:17.658-0800][gc,phases    ] GC(88)   Post Evacuate Collection Set: 1.5ms
[2021-06-20T08:11:17.658-0800][gc,phases    ] GC(88)   Other: 1.0ms
[2021-06-20T08:11:17.658-0800][gc,heap      ] GC(88) Eden regions: 48->0(48)
[2021-06-20T08:11:17.658-0800][gc,heap      ] GC(88) Survivor regions: 3->3(7)
[2021-06-20T08:11:17.658-0800][gc,heap      ] GC(88) Old regions: 17->17
[2021-06-20T08:11:17.658-0800][gc,heap      ] GC(88) Archive regions: 2->2
[2021-06-20T08:11:17.658-0800][gc,heap      ] GC(88) Humongous regions: 129->129
[2021-06-20T08:11:17.658-0800][gc,metaspace ] GC(88) Metaspace: 43855K(46968K)->43855K(46968K) NonClass: 38138K(39852K)->38138K(39852K) Class: 5716K(7116K)->5716K(7116K)
[2021-06-20T08:11:17.658-0800][gc           ] GC(88) Pause Young (Normal) (G1 Evacuation Pause) 197M->149M(1024M) 13.491ms
[2021-06-20T08:11:17.658-0800][gc,cpu       ] GC(88) User=0.01s Sys=0.02s Real=0.01s
[2021-06-20T08:27:37.272-0800][gc,start     ] GC(89) Pause Young (Normal) (G1 Evacuation Pause)
[2021-06-20T08:27:37.273-0800][gc,task      ] GC(89) Using 8 workers of 8 for evacuation
[2021-06-20T08:27:37.290-0800][gc,phases    ] GC(89)   Pre Evacuate Collection Set: 2.3ms
[2021-06-20T08:27:37.290-0800][gc,phases    ] GC(89)   Merge Heap Roots: 0.6ms
[2021-06-20T08:27:37.290-0800][gc,phases    ] GC(89)   Evacuate Collection Set: 12.4ms
[2021-06-20T08:27:37.290-0800][gc,phases    ] GC(89)   Post Evacuate Collection Set: 1.7ms
[2021-06-20T08:27:37.290-0800][gc,phases    ] GC(89)   Other: 0.9ms
[2021-06-20T08:27:37.290-0800][gc,heap      ] GC(89) Eden regions: 48->0(48)
[2021-06-20T08:27:37.290-0800][gc,heap      ] GC(89) Survivor regions: 3->3(7)
[2021-06-20T08:27:37.290-0800][gc,heap      ] GC(89) Old regions: 17->17
[2021-06-20T08:27:37.290-0800][gc,heap      ] GC(89) Archive regions: 2->2
[2021-06-20T08:27:37.290-0800][gc,heap      ] GC(89) Humongous regions: 129->129
[2021-06-20T08:27:37.290-0800][gc,metaspace ] GC(89) Metaspace: 43859K(46968K)->43859K(46968K) NonClass: 38142K(39852K)->38142K(39852K) Class: 5716K(7116K)->5716K(7116K)
[2021-06-20T08:27:37.291-0800][gc           ] GC(89) Pause Young (Normal) (G1 Evacuation Pause) 197M->148M(1024M) 18.680ms
[2021-06-20T08:27:37.291-0800][gc,cpu       ] GC(89) User=0.02s Sys=0.06s Real=0.02s
[2021-06-20T08:42:57.740-0800][gc,start     ] GC(90) Pause Young (Normal) (G1 Evacuation Pause)
[2021-06-20T08:42:57.741-0800][gc,task      ] GC(90) Using 8 workers of 8 for evacuation
[2021-06-20T08:42:57.773-0800][gc,mmu       ] GC(90) MMU target violated: 21.0ms (20.0ms/21.0ms)
[2021-06-20T08:42:57.774-0800][gc,phases    ] GC(90)   Pre Evacuate Collection Set: 1.2ms
[2021-06-20T08:42:57.774-0800][gc,phases    ] GC(90)   Merge Heap Roots: 0.1ms
[2021-06-20T08:42:57.774-0800][gc,phases    ] GC(90)   Evacuate Collection Set: 28.7ms
[2021-06-20T08:42:57.774-0800][gc,phases    ] GC(90)   Post Evacuate Collection Set: 2.4ms
[2021-06-20T08:42:57.774-0800][gc,phases    ] GC(90)   Other: 0.8ms
[2021-06-20T08:42:57.774-0800][gc,heap      ] GC(90) Eden regions: 48->0(47)
[2021-06-20T08:42:57.774-0800][gc,heap      ] GC(90) Survivor regions: 3->4(7)
[2021-06-20T08:42:57.774-0800][gc,heap      ] GC(90) Old regions: 17->17
[2021-06-20T08:42:57.774-0800][gc,heap      ] GC(90) Archive regions: 2->2
[2021-06-20T08:42:57.774-0800][gc,heap      ] GC(90) Humongous regions: 129->129
[2021-06-20T08:42:57.774-0800][gc,metaspace ] GC(90) Metaspace: 43860K(46968K)->43860K(46968K) NonClass: 38144K(39852K)->38144K(39852K) Class: 5716K(7116K)->5716K(7116K)
[2021-06-20T08:42:57.774-0800][gc           ] GC(90) Pause Young (Normal) (G1 Evacuation Pause) 196M->150M(1024M) 33.216ms
[2021-06-20T08:42:57.774-0800][gc,cpu       ] GC(90) User=0.03s Sys=0.06s Real=0.03s
[2021-06-20T08:58:47.754-0800][gc,start     ] GC(91) Pause Young (Normal) (G1 Evacuation Pause)
[2021-06-20T08:58:47.755-0800][gc,task      ] GC(91) Using 8 workers of 8 for evacuation
[2021-06-20T08:58:47.770-0800][gc,phases    ] GC(91)   Pre Evacuate Collection Set: 2.2ms
[2021-06-20T08:58:47.770-0800][gc,phases    ] GC(91)   Merge Heap Roots: 0.1ms
[2021-06-20T08:58:47.770-0800][gc,phases    ] GC(91)   Evacuate Collection Set: 10.7ms
[2021-06-20T08:58:47.770-0800][gc,phases    ] GC(91)   Post Evacuate Collection Set: 1.2ms
[2021-06-20T08:58:47.770-0800][gc,phases    ] GC(91)   Other: 1.4ms
[2021-06-20T08:58:47.770-0800][gc,heap      ] GC(91) Eden regions: 47->0(47)
[2021-06-20T08:58:47.770-0800][gc,heap      ] GC(91) Survivor regions: 4->4(7)
[2021-06-20T08:58:47.770-0800][gc,heap      ] GC(91) Old regions: 17->17
[2021-06-20T08:58:47.770-0800][gc,heap      ] GC(91) Archive regions: 2->2
[2021-06-20T08:58:47.770-0800][gc,heap      ] GC(91) Humongous regions: 129->129
[2021-06-20T08:58:47.770-0800][gc,metaspace ] GC(91) Metaspace: 43869K(46968K)->43869K(46968K) NonClass: 38152K(39852K)->38152K(39852K) Class: 5716K(7116K)->5716K(7116K)
[2021-06-20T08:58:47.770-0800][gc           ] GC(91) Pause Young (Normal) (G1 Evacuation Pause) 197M->149M(1024M) 16.236ms
[2021-06-20T08:58:47.771-0800][gc,cpu       ] GC(91) User=0.02s Sys=0.05s Real=0.02s
[2021-06-20T09:14:46.406-0800][gc,start     ] GC(92) Pause Young (Normal) (G1 Evacuation Pause)
[2021-06-20T09:14:46.407-0800][gc,task      ] GC(92) Using 8 workers of 8 for evacuation
[2021-06-20T09:14:46.415-0800][gc,phases    ] GC(92)   Pre Evacuate Collection Set: 0.1ms
[2021-06-20T09:14:46.415-0800][gc,phases    ] GC(92)   Merge Heap Roots: 0.1ms
[2021-06-20T09:14:46.415-0800][gc,phases    ] GC(92)   Evacuate Collection Set: 5.5ms
[2021-06-20T09:14:46.415-0800][gc,phases    ] GC(92)   Post Evacuate Collection Set: 2.1ms
[2021-06-20T09:14:46.415-0800][gc,phases    ] GC(92)   Other: 1.7ms
[2021-06-20T09:14:46.415-0800][gc,heap      ] GC(92) Eden regions: 47->0(47)
[2021-06-20T09:14:46.415-0800][gc,heap      ] GC(92) Survivor regions: 4->4(7)
[2021-06-20T09:14:46.415-0800][gc,heap      ] GC(92) Old regions: 17->17
[2021-06-20T09:14:46.415-0800][gc,heap      ] GC(92) Archive regions: 2->2
[2021-06-20T09:14:46.415-0800][gc,heap      ] GC(92) Humongous regions: 129->129
[2021-06-20T09:14:46.415-0800][gc,metaspace ] GC(92) Metaspace: 43869K(46968K)->43869K(46968K) NonClass: 38153K(39852K)->38153K(39852K) Class: 5716K(7116K)->5716K(7116K)
[2021-06-20T09:14:46.415-0800][gc           ] GC(92) Pause Young (Normal) (G1 Evacuation Pause) 196M->149M(1024M) 8.592ms
[2021-06-20T09:14:46.415-0800][gc,cpu       ] GC(92) User=0.02s Sys=0.01s Real=0.01s
[2021-06-20T09:30:42.240-0800][gc,start     ] GC(93) Pause Young (Normal) (G1 Evacuation Pause)
[2021-06-20T09:30:42.240-0800][gc,task      ] GC(93) Using 8 workers of 8 for evacuation
[2021-06-20T09:30:42.251-0800][gc,phases    ] GC(93)   Pre Evacuate Collection Set: 0.6ms
[2021-06-20T09:30:42.251-0800][gc,phases    ] GC(93)   Merge Heap Roots: 0.1ms
[2021-06-20T09:30:42.251-0800][gc,phases    ] GC(93)   Evacuate Collection Set: 7.9ms
[2021-06-20T09:30:42.251-0800][gc,phases    ] GC(93)   Post Evacuate Collection Set: 1.9ms
[2021-06-20T09:30:42.251-0800][gc,phases    ] GC(93)   Other: 0.7ms
[2021-06-20T09:30:42.251-0800][gc,heap      ] GC(93) Eden regions: 47->0(47)
[2021-06-20T09:30:42.251-0800][gc,heap      ] GC(93) Survivor regions: 4->4(7)
[2021-06-20T09:30:42.251-0800][gc,heap      ] GC(93) Old regions: 17->17
[2021-06-20T09:30:42.251-0800][gc,heap      ] GC(93) Archive regions: 2->2
[2021-06-20T09:30:42.251-0800][gc,heap      ] GC(93) Humongous regions: 129->129
[2021-06-20T09:30:42.251-0800][gc,metaspace ] GC(93) Metaspace: 43873K(46968K)->43873K(46968K) NonClass: 38156K(39852K)->38156K(39852K) Class: 5716K(7116K)->5716K(7116K)
[2021-06-20T09:30:42.251-0800][gc           ] GC(93) Pause Young (Normal) (G1 Evacuation Pause) 196M->149M(1024M) 11.791ms
[2021-06-20T09:30:42.251-0800][gc,cpu       ] GC(93) User=0.03s Sys=0.01s Real=0.01s
[2021-06-20T09:45:40.862-0800][gc,start     ] GC(94) Pause Young (Normal) (G1 Evacuation Pause)
[2021-06-20T09:45:40.863-0800][gc,task      ] GC(94) Using 8 workers of 8 for evacuation
[2021-06-20T09:45:40.878-0800][gc,phases    ] GC(94)   Pre Evacuate Collection Set: 2.4ms
[2021-06-20T09:45:40.878-0800][gc,phases    ] GC(94)   Merge Heap Roots: 0.7ms
[2021-06-20T09:45:40.878-0800][gc,phases    ] GC(94)   Evacuate Collection Set: 10.1ms
[2021-06-20T09:45:40.878-0800][gc,phases    ] GC(94)   Post Evacuate Collection Set: 1.7ms
[2021-06-20T09:45:40.878-0800][gc,phases    ] GC(94)   Other: 0.9ms
[2021-06-20T09:45:40.878-0800][gc,heap      ] GC(94) Eden regions: 47->0(48)
[2021-06-20T09:45:40.878-0800][gc,heap      ] GC(94) Survivor regions: 4->3(7)
[2021-06-20T09:45:40.878-0800][gc,heap      ] GC(94) Old regions: 17->17
[2021-06-20T09:45:40.878-0800][gc,heap      ] GC(94) Archive regions: 2->2
[2021-06-20T09:45:40.878-0800][gc,heap      ] GC(94) Humongous regions: 129->129
[2021-06-20T09:45:40.878-0800][gc,metaspace ] GC(94) Metaspace: 43873K(46968K)->43873K(46968K) NonClass: 38156K(39852K)->38156K(39852K) Class: 5716K(7116K)->5716K(7116K)
[2021-06-20T09:45:40.878-0800][gc           ] GC(94) Pause Young (Normal) (G1 Evacuation Pause) 196M->149M(1024M) 15.903ms
[2021-06-20T09:45:40.878-0800][gc,cpu       ] GC(94) User=0.02s Sys=0.04s Real=0.01s
[2021-06-20T10:01:54.834-0800][gc,start     ] GC(95) Pause Young (Normal) (G1 Evacuation Pause)
[2021-06-20T10:01:54.835-0800][gc,task      ] GC(95) Using 8 workers of 8 for evacuation
[2021-06-20T10:01:54.843-0800][gc,phases    ] GC(95)   Pre Evacuate Collection Set: 0.7ms
[2021-06-20T10:01:54.843-0800][gc,phases    ] GC(95)   Merge Heap Roots: 0.1ms
[2021-06-20T10:01:54.843-0800][gc,phases    ] GC(95)   Evacuate Collection Set: 7.0ms
[2021-06-20T10:01:54.843-0800][gc,phases    ] GC(95)   Post Evacuate Collection Set: 0.3ms
[2021-06-20T10:01:54.843-0800][gc,phases    ] GC(95)   Other: 0.9ms
[2021-06-20T10:01:54.843-0800][gc,heap      ] GC(95) Eden regions: 48->0(48)
[2021-06-20T10:01:54.843-0800][gc,heap      ] GC(95) Survivor regions: 3->3(7)
[2021-06-20T10:01:54.843-0800][gc,heap      ] GC(95) Old regions: 17->17
[2021-06-20T10:01:54.843-0800][gc,heap      ] GC(95) Archive regions: 2->2
[2021-06-20T10:01:54.843-0800][gc,heap      ] GC(95) Humongous regions: 129->129
[2021-06-20T10:01:54.843-0800][gc,metaspace ] GC(95) Metaspace: 43873K(46968K)->43873K(46968K) NonClass: 38156K(39852K)->38156K(39852K) Class: 5716K(7116K)->5716K(7116K)
[2021-06-20T10:01:54.843-0800][gc           ] GC(95) Pause Young (Normal) (G1 Evacuation Pause) 197M->149M(1024M) 9.243ms
[2021-06-20T10:01:54.843-0800][gc,cpu       ] GC(95) User=0.02s Sys=0.01s Real=0.01s
[2021-06-20T10:21:56.357-0800][gc,start     ] GC(96) Pause Young (Normal) (G1 Evacuation Pause)
[2021-06-20T10:21:56.358-0800][gc,task      ] GC(96) Using 8 workers of 8 for evacuation
[2021-06-20T10:21:56.439-0800][gc,mmu       ] GC(96) MMU target violated: 21.0ms (20.0ms/21.0ms)
[2021-06-20T10:21:56.439-0800][gc,phases    ] GC(96)   Pre Evacuate Collection Set: 9.0ms
[2021-06-20T10:21:56.439-0800][gc,phases    ] GC(96)   Merge Heap Roots: 1.3ms
[2021-06-20T10:21:56.439-0800][gc,phases    ] GC(96)   Evacuate Collection Set: 61.6ms
[2021-06-20T10:21:56.439-0800][gc,phases    ] GC(96)   Post Evacuate Collection Set: 5.9ms
[2021-06-20T10:21:56.439-0800][gc,phases    ] GC(96)   Other: 6.6ms
[2021-06-20T10:21:56.439-0800][gc,heap      ] GC(96) Eden regions: 48->0(48)
[2021-06-20T10:21:56.439-0800][gc,heap      ] GC(96) Survivor regions: 3->3(7)
[2021-06-20T10:21:56.439-0800][gc,heap      ] GC(96) Old regions: 17->17
[2021-06-20T10:21:56.439-0800][gc,heap      ] GC(96) Archive regions: 2->2
[2021-06-20T10:21:56.439-0800][gc,heap      ] GC(96) Humongous regions: 129->129
[2021-06-20T10:21:56.439-0800][gc,metaspace ] GC(96) Metaspace: 43873K(46968K)->43873K(46968K) NonClass: 38157K(39852K)->38157K(39852K) Class: 5716K(7116K)->5716K(7116K)
[2021-06-20T10:21:56.439-0800][gc           ] GC(96) Pause Young (Normal) (G1 Evacuation Pause) 197M->149M(1024M) 82.953ms
[2021-06-20T10:21:56.439-0800][gc,cpu       ] GC(96) User=0.02s Sys=0.17s Real=0.08s
[2021-06-20T10:38:03.386-0800][gc,start     ] GC(97) Pause Young (Normal) (G1 Evacuation Pause)
[2021-06-20T10:38:03.388-0800][gc,task      ] GC(97) Using 8 workers of 8 for evacuation
[2021-06-20T10:38:03.421-0800][gc,mmu       ] GC(97) MMU target violated: 21.0ms (20.0ms/21.0ms)
[2021-06-20T10:38:03.421-0800][gc,phases    ] GC(97)   Pre Evacuate Collection Set: 3.7ms
[2021-06-20T10:38:03.421-0800][gc,phases    ] GC(97)   Merge Heap Roots: 1.8ms
[2021-06-20T10:38:03.421-0800][gc,phases    ] GC(97)   Evacuate Collection Set: 24.5ms
[2021-06-20T10:38:03.421-0800][gc,phases    ] GC(97)   Post Evacuate Collection Set: 2.8ms
[2021-06-20T10:38:03.421-0800][gc,phases    ] GC(97)   Other: 2.4ms
[2021-06-20T10:38:03.421-0800][gc,heap      ] GC(97) Eden regions: 48->0(48)
[2021-06-20T10:38:03.421-0800][gc,heap      ] GC(97) Survivor regions: 3->3(7)
[2021-06-20T10:38:03.421-0800][gc,heap      ] GC(97) Old regions: 17->17
[2021-06-20T10:38:03.421-0800][gc,heap      ] GC(97) Archive regions: 2->2
[2021-06-20T10:38:03.422-0800][gc,heap      ] GC(97) Humongous regions: 129->129
[2021-06-20T10:38:03.422-0800][gc,metaspace ] GC(97) Metaspace: 43873K(46968K)->43873K(46968K) NonClass: 38157K(39852K)->38157K(39852K) Class: 5716K(7116K)->5716K(7116K)
[2021-06-20T10:38:03.422-0800][gc           ] GC(97) Pause Young (Normal) (G1 Evacuation Pause) 197M->149M(1024M) 35.774ms
[2021-06-20T10:38:03.422-0800][gc,cpu       ] GC(97) User=0.02s Sys=0.08s Real=0.04s
[2021-06-20T10:53:16.190-0800][gc,start     ] GC(98) Pause Young (Normal) (G1 Evacuation Pause)
[2021-06-20T10:53:16.190-0800][gc,task      ] GC(98) Using 8 workers of 8 for evacuation
[2021-06-20T10:53:16.262-0800][gc,mmu       ] GC(98) MMU target violated: 21.0ms (20.0ms/21.0ms)
[2021-06-20T10:53:16.262-0800][gc,phases    ] GC(98)   Pre Evacuate Collection Set: 9.4ms
[2021-06-20T10:53:16.262-0800][gc,phases    ] GC(98)   Merge Heap Roots: 0.3ms
[2021-06-20T10:53:16.262-0800][gc,phases    ] GC(98)   Evacuate Collection Set: 56.9ms
[2021-06-20T10:53:16.262-0800][gc,phases    ] GC(98)   Post Evacuate Collection Set: 4.0ms
[2021-06-20T10:53:16.262-0800][gc,phases    ] GC(98)   Other: 3.2ms
[2021-06-20T10:53:16.262-0800][gc,heap      ] GC(98) Eden regions: 48->0(47)
[2021-06-20T10:53:16.262-0800][gc,heap      ] GC(98) Survivor regions: 3->4(7)
[2021-06-20T10:53:16.262-0800][gc,heap      ] GC(98) Old regions: 17->17
[2021-06-20T10:53:16.262-0800][gc,heap      ] GC(98) Archive regions: 2->2
[2021-06-20T10:53:16.262-0800][gc,heap      ] GC(98) Humongous regions: 129->129
[2021-06-20T10:53:16.262-0800][gc,metaspace ] GC(98) Metaspace: 43873K(46968K)->43873K(46968K) NonClass: 38157K(39852K)->38157K(39852K) Class: 5716K(7116K)->5716K(7116K)
[2021-06-20T10:53:16.263-0800][gc           ] GC(98) Pause Young (Normal) (G1 Evacuation Pause) 197M->150M(1024M) 72.773ms
[2021-06-20T10:53:16.263-0800][gc,cpu       ] GC(98) User=0.04s Sys=0.14s Real=0.07s
[2021-06-20T11:08:53.846-0800][gc,start     ] GC(99) Pause Young (Normal) (G1 Evacuation Pause)
[2021-06-20T11:08:53.847-0800][gc,task      ] GC(99) Using 8 workers of 8 for evacuation
[2021-06-20T11:08:53.860-0800][gc,phases    ] GC(99)   Pre Evacuate Collection Set: 1.4ms
[2021-06-20T11:08:53.860-0800][gc,phases    ] GC(99)   Merge Heap Roots: 0.1ms
[2021-06-20T11:08:53.860-0800][gc,phases    ] GC(99)   Evacuate Collection Set: 8.7ms
[2021-06-20T11:08:53.860-0800][gc,phases    ] GC(99)   Post Evacuate Collection Set: 1.9ms
[2021-06-20T11:08:53.860-0800][gc,phases    ] GC(99)   Other: 1.8ms
[2021-06-20T11:08:53.860-0800][gc,heap      ] GC(99) Eden regions: 47->0(47)
[2021-06-20T11:08:53.860-0800][gc,heap      ] GC(99) Survivor regions: 4->4(7)
[2021-06-20T11:08:53.860-0800][gc,heap      ] GC(99) Old regions: 17->17
[2021-06-20T11:08:53.860-0800][gc,heap      ] GC(99) Archive regions: 2->2
[2021-06-20T11:08:53.860-0800][gc,heap      ] GC(99) Humongous regions: 129->129
[2021-06-20T11:08:53.860-0800][gc,metaspace ] GC(99) Metaspace: 43873K(46968K)->43873K(46968K) NonClass: 38157K(39852K)->38157K(39852K) Class: 5716K(7116K)->5716K(7116K)
[2021-06-20T11:08:53.860-0800][gc           ] GC(99) Pause Young (Normal) (G1 Evacuation Pause) 197M->150M(1024M) 13.976ms
[2021-06-20T11:08:53.860-0800][gc,cpu       ] GC(99) User=0.02s Sys=0.02s Real=0.02s
[2021-06-20T11:24:36.963-0800][gc,start     ] GC(100) Pause Young (Normal) (G1 Evacuation Pause)
[2021-06-20T11:24:36.964-0800][gc,task      ] GC(100) Using 8 workers of 8 for evacuation
[2021-06-20T11:24:36.992-0800][gc,mmu       ] GC(100) MMU target violated: 21.0ms (20.0ms/21.0ms)
[2021-06-20T11:24:36.992-0800][gc,phases    ] GC(100)   Pre Evacuate Collection Set: 5.6ms
[2021-06-20T11:24:36.992-0800][gc,phases    ] GC(100)   Merge Heap Roots: 1.3ms
[2021-06-20T11:24:36.992-0800][gc,phases    ] GC(100)   Evacuate Collection Set: 15.8ms
[2021-06-20T11:24:36.992-0800][gc,phases    ] GC(100)   Post Evacuate Collection Set: 3.3ms
[2021-06-20T11:24:36.992-0800][gc,phases    ] GC(100)   Other: 3.7ms
[2021-06-20T11:24:36.992-0800][gc,heap      ] GC(100) Eden regions: 47->0(47)
[2021-06-20T11:24:36.992-0800][gc,heap      ] GC(100) Survivor regions: 4->4(7)
[2021-06-20T11:24:36.992-0800][gc,heap      ] GC(100) Old regions: 17->17
[2021-06-20T11:24:36.992-0800][gc,heap      ] GC(100) Archive regions: 2->2
[2021-06-20T11:24:36.992-0800][gc,heap      ] GC(100) Humongous regions: 129->129
[2021-06-20T11:24:36.992-0800][gc,metaspace ] GC(100) Metaspace: 43873K(46968K)->43873K(46968K) NonClass: 38157K(39852K)->38157K(39852K) Class: 5716K(7116K)->5716K(7116K)
[2021-06-20T11:24:36.992-0800][gc           ] GC(100) Pause Young (Normal) (G1 Evacuation Pause) 197M->149M(1024M) 29.735ms
[2021-06-20T11:24:36.992-0800][gc,cpu       ] GC(100) User=0.02s Sys=0.05s Real=0.03s
[2021-06-20T11:40:23.970-0800][gc,start     ] GC(101) Pause Young (Normal) (G1 Evacuation Pause)
[2021-06-20T11:40:23.971-0800][gc,task      ] GC(101) Using 8 workers of 8 for evacuation
[2021-06-20T11:40:24.043-0800][gc,mmu       ] GC(101) MMU target violated: 21.0ms (20.0ms/21.0ms)
[2021-06-20T11:40:24.043-0800][gc,phases    ] GC(101)   Pre Evacuate Collection Set: 13.2ms
[2021-06-20T11:40:24.043-0800][gc,phases    ] GC(101)   Merge Heap Roots: 1.1ms
[2021-06-20T11:40:24.043-0800][gc,phases    ] GC(101)   Evacuate Collection Set: 49.6ms
[2021-06-20T11:40:24.043-0800][gc,phases    ] GC(101)   Post Evacuate Collection Set: 4.4ms
[2021-06-20T11:40:24.043-0800][gc,phases    ] GC(101)   Other: 5.4ms
[2021-06-20T11:40:24.043-0800][gc,heap      ] GC(101) Eden regions: 47->0(47)
[2021-06-20T11:40:24.043-0800][gc,heap      ] GC(101) Survivor regions: 4->4(7)
[2021-06-20T11:40:24.043-0800][gc,heap      ] GC(101) Old regions: 17->17
[2021-06-20T11:40:24.043-0800][gc,heap      ] GC(101) Archive regions: 2->2
[2021-06-20T11:40:24.043-0800][gc,heap      ] GC(101) Humongous regions: 129->129
[2021-06-20T11:40:24.043-0800][gc,metaspace ] GC(101) Metaspace: 43878K(46968K)->43878K(46968K) NonClass: 38161K(39852K)->38161K(39852K) Class: 5716K(7116K)->5716K(7116K)
[2021-06-20T11:40:24.044-0800][gc           ] GC(101) Pause Young (Normal) (G1 Evacuation Pause) 196M->149M(1024M) 73.864ms
[2021-06-20T11:40:24.044-0800][gc,cpu       ] GC(101) User=0.03s Sys=0.13s Real=0.07s
[2021-06-20T11:55:03.943-0800][gc,start     ] GC(102) Pause Young (Normal) (G1 Evacuation Pause)
[2021-06-20T11:55:03.944-0800][gc,task      ] GC(102) Using 8 workers of 8 for evacuation
[2021-06-20T11:55:03.971-0800][gc,mmu       ] GC(102) MMU target violated: 21.0ms (20.0ms/21.0ms)
[2021-06-20T11:55:03.971-0800][gc,phases    ] GC(102)   Pre Evacuate Collection Set: 3.3ms
[2021-06-20T11:55:03.971-0800][gc,phases    ] GC(102)   Merge Heap Roots: 1.6ms
[2021-06-20T11:55:03.971-0800][gc,phases    ] GC(102)   Evacuate Collection Set: 19.4ms
[2021-06-20T11:55:03.971-0800][gc,phases    ] GC(102)   Post Evacuate Collection Set: 2.1ms
[2021-06-20T11:55:03.971-0800][gc,phases    ] GC(102)   Other: 2.3ms
[2021-06-20T11:55:03.971-0800][gc,heap      ] GC(102) Eden regions: 47->0(48)
[2021-06-20T11:55:03.971-0800][gc,heap      ] GC(102) Survivor regions: 4->3(7)
[2021-06-20T11:55:03.971-0800][gc,heap      ] GC(102) Old regions: 17->17
[2021-06-20T11:55:03.971-0800][gc,heap      ] GC(102) Archive regions: 2->2
[2021-06-20T11:55:03.971-0800][gc,heap      ] GC(102) Humongous regions: 129->129
[2021-06-20T11:55:03.971-0800][gc,metaspace ] GC(102) Metaspace: 43881K(46968K)->43881K(46968K) NonClass: 38165K(39852K)->38165K(39852K) Class: 5716K(7116K)->5716K(7116K)
[2021-06-20T11:55:03.971-0800][gc           ] GC(102) Pause Young (Normal) (G1 Evacuation Pause) 196M->149M(1024M) 28.198ms
[2021-06-20T11:55:03.971-0800][gc,cpu       ] GC(102) User=0.02s Sys=0.07s Real=0.03s
[2021-06-20T12:11:07.684-0800][gc,start     ] GC(103) Pause Young (Normal) (G1 Evacuation Pause)
[2021-06-20T12:11:07.684-0800][gc,task      ] GC(103) Using 8 workers of 8 for evacuation
[2021-06-20T12:11:07.696-0800][gc,phases    ] GC(103)   Pre Evacuate Collection Set: 0.1ms
[2021-06-20T12:11:07.696-0800][gc,phases    ] GC(103)   Merge Heap Roots: 0.7ms
[2021-06-20T12:11:07.696-0800][gc,phases    ] GC(103)   Evacuate Collection Set: 8.8ms
[2021-06-20T12:11:07.696-0800][gc,phases    ] GC(103)   Post Evacuate Collection Set: 2.1ms
[2021-06-20T12:11:07.696-0800][gc,phases    ] GC(103)   Other: 0.7ms
[2021-06-20T12:11:07.696-0800][gc,heap      ] GC(103) Eden regions: 48->0(48)
[2021-06-20T12:11:07.696-0800][gc,heap      ] GC(103) Survivor regions: 3->3(7)
[2021-06-20T12:11:07.696-0800][gc,heap      ] GC(103) Old regions: 17->17
[2021-06-20T12:11:07.696-0800][gc,heap      ] GC(103) Archive regions: 2->2
[2021-06-20T12:11:07.696-0800][gc,heap      ] GC(103) Humongous regions: 129->129
[2021-06-20T12:11:07.696-0800][gc,metaspace ] GC(103) Metaspace: 43881K(46968K)->43881K(46968K) NonClass: 38165K(39852K)->38165K(39852K) Class: 5716K(7116K)->5716K(7116K)
[2021-06-20T12:11:07.697-0800][gc           ] GC(103) Pause Young (Normal) (G1 Evacuation Pause) 197M->149M(1024M) 13.030ms
[2021-06-20T12:11:07.697-0800][gc,cpu       ] GC(103) User=0.01s Sys=0.02s Real=0.01s
[2021-06-20T12:27:13.672-0800][gc,start     ] GC(104) Pause Young (Normal) (G1 Evacuation Pause)
[2021-06-20T12:27:13.673-0800][gc,task      ] GC(104) Using 8 workers of 8 for evacuation
[2021-06-20T12:27:13.705-0800][gc,mmu       ] GC(104) MMU target violated: 21.0ms (20.0ms/21.0ms)
[2021-06-20T12:27:13.705-0800][gc,phases    ] GC(104)   Pre Evacuate Collection Set: 6.8ms
[2021-06-20T12:27:13.705-0800][gc,phases    ] GC(104)   Merge Heap Roots: 1.8ms
[2021-06-20T12:27:13.705-0800][gc,phases    ] GC(104)   Evacuate Collection Set: 18.7ms
[2021-06-20T12:27:13.705-0800][gc,phases    ] GC(104)   Post Evacuate Collection Set: 4.3ms
[2021-06-20T12:27:13.706-0800][gc,phases    ] GC(104)   Other: 2.8ms
[2021-06-20T12:27:13.706-0800][gc,heap      ] GC(104) Eden regions: 48->0(48)
[2021-06-20T12:27:13.706-0800][gc,heap      ] GC(104) Survivor regions: 3->3(7)
[2021-06-20T12:27:13.706-0800][gc,heap      ] GC(104) Old regions: 17->17
[2021-06-20T12:27:13.706-0800][gc,heap      ] GC(104) Archive regions: 2->2
[2021-06-20T12:27:13.706-0800][gc,heap      ] GC(104) Humongous regions: 129->129
[2021-06-20T12:27:13.706-0800][gc,metaspace ] GC(104) Metaspace: 43881K(46968K)->43881K(46968K) NonClass: 38165K(39852K)->38165K(39852K) Class: 5716K(7116K)->5716K(7116K)
[2021-06-20T12:27:13.706-0800][gc           ] GC(104) Pause Young (Normal) (G1 Evacuation Pause) 197M->149M(1024M) 33.331ms
[2021-06-20T12:27:13.706-0800][gc,cpu       ] GC(104) User=0.02s Sys=0.06s Real=0.03s
[2021-06-20T12:42:32.725-0800][gc,start     ] GC(105) Pause Young (Normal) (G1 Evacuation Pause)
[2021-06-20T12:42:32.726-0800][gc,task      ] GC(105) Using 8 workers of 8 for evacuation
[2021-06-20T12:42:32.821-0800][gc,mmu       ] GC(105) MMU target violated: 21.0ms (20.0ms/21.0ms)
[2021-06-20T12:42:32.821-0800][gc,phases    ] GC(105)   Pre Evacuate Collection Set: 6.7ms
[2021-06-20T12:42:32.821-0800][gc,phases    ] GC(105)   Merge Heap Roots: 2.1ms
[2021-06-20T12:42:32.821-0800][gc,phases    ] GC(105)   Evacuate Collection Set: 83.7ms
[2021-06-20T12:42:32.821-0800][gc,phases    ] GC(105)   Post Evacuate Collection Set: 1.2ms
[2021-06-20T12:42:32.821-0800][gc,phases    ] GC(105)   Other: 2.8ms
[2021-06-20T12:42:32.821-0800][gc,heap      ] GC(105) Eden regions: 48->0(47)
[2021-06-20T12:42:32.821-0800][gc,heap      ] GC(105) Survivor regions: 3->4(7)
[2021-06-20T12:42:32.821-0800][gc,heap      ] GC(105) Old regions: 17->17
[2021-06-20T12:42:32.821-0800][gc,heap      ] GC(105) Archive regions: 2->2
[2021-06-20T12:42:32.821-0800][gc,heap      ] GC(105) Humongous regions: 129->129
[2021-06-20T12:42:32.821-0800][gc,metaspace ] GC(105) Metaspace: 43881K(46968K)->43881K(46968K) NonClass: 38165K(39852K)->38165K(39852K) Class: 5716K(7116K)->5716K(7116K)
[2021-06-20T12:42:32.822-0800][gc           ] GC(105) Pause Young (Normal) (G1 Evacuation Pause) 197M->150M(1024M) 97.029ms
[2021-06-20T12:42:32.822-0800][gc,cpu       ] GC(105) User=0.07s Sys=0.22s Real=0.10s
[2021-06-20T12:58:16.708-0800][gc,start     ] GC(106) Pause Young (Normal) (G1 Evacuation Pause)
[2021-06-20T12:58:16.709-0800][gc,task      ] GC(106) Using 8 workers of 8 for evacuation
[2021-06-20T12:58:16.874-0800][gc,mmu       ] GC(106) MMU target violated: 21.0ms (20.0ms/21.0ms)
[2021-06-20T12:58:16.874-0800][gc,phases    ] GC(106)   Pre Evacuate Collection Set: 9.4ms
[2021-06-20T12:58:16.874-0800][gc,phases    ] GC(106)   Merge Heap Roots: 1.6ms
[2021-06-20T12:58:16.874-0800][gc,phases    ] GC(106)   Evacuate Collection Set: 141.3ms
[2021-06-20T12:58:16.874-0800][gc,phases    ] GC(106)   Post Evacuate Collection Set: 9.6ms
[2021-06-20T12:58:16.874-0800][gc,phases    ] GC(106)   Other: 4.8ms
[2021-06-20T12:58:16.874-0800][gc,heap      ] GC(106) Eden regions: 47->0(47)
[2021-06-20T12:58:16.874-0800][gc,heap      ] GC(106) Survivor regions: 4->4(7)
[2021-06-20T12:58:16.874-0800][gc,heap      ] GC(106) Old regions: 17->17
[2021-06-20T12:58:16.874-0800][gc,heap      ] GC(106) Archive regions: 2->2
[2021-06-20T12:58:16.874-0800][gc,heap      ] GC(106) Humongous regions: 129->129
[2021-06-20T12:58:16.874-0800][gc,metaspace ] GC(106) Metaspace: 43881K(46968K)->43881K(46968K) NonClass: 38165K(39852K)->38165K(39852K) Class: 5716K(7116K)->5716K(7116K)
[2021-06-20T12:58:16.874-0800][gc           ] GC(106) Pause Young (Normal) (G1 Evacuation Pause) 197M->150M(1024M) 165.778ms
[2021-06-20T12:58:16.874-0800][gc,cpu       ] GC(106) User=0.10s Sys=0.25s Real=0.17s
[2021-06-20T13:14:03.821-0800][gc,start     ] GC(107) Pause Young (Normal) (G1 Evacuation Pause)
[2021-06-20T13:14:03.823-0800][gc,task      ] GC(107) Using 8 workers of 8 for evacuation
[2021-06-20T13:14:03.983-0800][gc,mmu       ] GC(107) MMU target violated: 21.0ms (20.0ms/21.0ms)
[2021-06-20T13:14:03.983-0800][gc,phases    ] GC(107)   Pre Evacuate Collection Set: 8.7ms
[2021-06-20T13:14:03.983-0800][gc,phases    ] GC(107)   Merge Heap Roots: 3.5ms
[2021-06-20T13:14:03.983-0800][gc,phases    ] GC(107)   Evacuate Collection Set: 137.8ms
[2021-06-20T13:14:03.983-0800][gc,phases    ] GC(107)   Post Evacuate Collection Set: 8.4ms
[2021-06-20T13:14:03.983-0800][gc,phases    ] GC(107)   Other: 5.7ms
[2021-06-20T13:14:03.983-0800][gc,heap      ] GC(107) Eden regions: 47->0(47)
[2021-06-20T13:14:03.983-0800][gc,heap      ] GC(107) Survivor regions: 4->4(7)
[2021-06-20T13:14:03.983-0800][gc,heap      ] GC(107) Old regions: 17->17
[2021-06-20T13:14:03.983-0800][gc,heap      ] GC(107) Archive regions: 2->2
[2021-06-20T13:14:03.983-0800][gc,heap      ] GC(107) Humongous regions: 129->129
[2021-06-20T13:14:03.983-0800][gc,metaspace ] GC(107) Metaspace: 43881K(46968K)->43881K(46968K) NonClass: 38165K(39852K)->38165K(39852K) Class: 5716K(7116K)->5716K(7116K)
[2021-06-20T13:14:03.984-0800][gc           ] GC(107) Pause Young (Normal) (G1 Evacuation Pause) 197M->150M(1024M) 162.404ms
[2021-06-20T13:14:03.984-0800][gc,cpu       ] GC(107) User=0.07s Sys=0.28s Real=0.16s
[2021-06-20T13:29:55.831-0800][gc,start     ] GC(108) Pause Young (Normal) (G1 Evacuation Pause)
[2021-06-20T13:29:55.832-0800][gc,task      ] GC(108) Using 8 workers of 8 for evacuation
[2021-06-20T13:29:56.050-0800][gc,mmu       ] GC(108) MMU target violated: 21.0ms (20.0ms/21.0ms)
[2021-06-20T13:29:56.050-0800][gc,phases    ] GC(108)   Pre Evacuate Collection Set: 13.9ms
[2021-06-20T13:29:56.050-0800][gc,phases    ] GC(108)   Merge Heap Roots: 2.9ms
[2021-06-20T13:29:56.050-0800][gc,phases    ] GC(108)   Evacuate Collection Set: 192.4ms
[2021-06-20T13:29:56.050-0800][gc,phases    ] GC(108)   Post Evacuate Collection Set: 7.4ms
[2021-06-20T13:29:56.050-0800][gc,phases    ] GC(108)   Other: 3.3ms
[2021-06-20T13:29:56.050-0800][gc,heap      ] GC(108) Eden regions: 47->0(47)
[2021-06-20T13:29:56.050-0800][gc,heap      ] GC(108) Survivor regions: 4->4(7)
[2021-06-20T13:29:56.050-0800][gc,heap      ] GC(108) Old regions: 17->17
[2021-06-20T13:29:56.050-0800][gc,heap      ] GC(108) Archive regions: 2->2
[2021-06-20T13:29:56.050-0800][gc,heap      ] GC(108) Humongous regions: 129->129
[2021-06-20T13:29:56.050-0800][gc,metaspace ] GC(108) Metaspace: 43881K(46968K)->43881K(46968K) NonClass: 38165K(39852K)->38165K(39852K) Class: 5716K(7116K)->5716K(7116K)
[2021-06-20T13:29:56.050-0800][gc           ] GC(108) Pause Young (Normal) (G1 Evacuation Pause) 197M->149M(1024M) 219.413ms
[2021-06-20T13:29:56.050-0800][gc,cpu       ] GC(108) User=0.11s Sys=0.34s Real=0.22s
[2021-06-20T13:44:49.468-0800][gc,start     ] GC(109) Pause Young (Normal) (G1 Evacuation Pause)
[2021-06-20T13:44:49.469-0800][gc,task      ] GC(109) Using 8 workers of 8 for evacuation
[2021-06-20T13:44:49.544-0800][gc,mmu       ] GC(109) MMU target violated: 21.0ms (20.0ms/21.0ms)
[2021-06-20T13:44:49.544-0800][gc,phases    ] GC(109)   Pre Evacuate Collection Set: 10.3ms
[2021-06-20T13:44:49.544-0800][gc,phases    ] GC(109)   Merge Heap Roots: 0.6ms
[2021-06-20T13:44:49.544-0800][gc,phases    ] GC(109)   Evacuate Collection Set: 58.1ms
[2021-06-20T13:44:49.544-0800][gc,phases    ] GC(109)   Post Evacuate Collection Set: 4.3ms
[2021-06-20T13:44:49.544-0800][gc,phases    ] GC(109)   Other: 4.5ms
[2021-06-20T13:44:49.544-0800][gc,heap      ] GC(109) Eden regions: 47->0(48)
[2021-06-20T13:44:49.544-0800][gc,heap      ] GC(109) Survivor regions: 4->3(7)
[2021-06-20T13:44:49.544-0800][gc,heap      ] GC(109) Old regions: 17->17
[2021-06-20T13:44:49.544-0800][gc,heap      ] GC(109) Archive regions: 2->2
[2021-06-20T13:44:49.544-0800][gc,heap      ] GC(109) Humongous regions: 129->129
[2021-06-20T13:44:49.544-0800][gc,metaspace ] GC(109) Metaspace: 43881K(46968K)->43881K(46968K) NonClass: 38165K(39852K)->38165K(39852K) Class: 5716K(7116K)->5716K(7116K)
[2021-06-20T13:44:49.545-0800][gc           ] GC(109) Pause Young (Normal) (G1 Evacuation Pause) 196M->149M(1024M) 76.940ms
[2021-06-20T13:44:49.545-0800][gc,cpu       ] GC(109) User=0.03s Sys=0.20s Real=0.08s
[2021-06-20T14:00:47.817-0800][gc,start     ] GC(110) Pause Young (Normal) (G1 Evacuation Pause)
[2021-06-20T14:00:47.819-0800][gc,task      ] GC(110) Using 8 workers of 8 for evacuation
[2021-06-20T14:00:48.054-0800][gc,mmu       ] GC(110) MMU target violated: 21.0ms (20.0ms/21.0ms)
[2021-06-20T14:00:48.054-0800][gc,phases    ] GC(110)   Pre Evacuate Collection Set: 14.8ms
[2021-06-20T14:00:48.054-0800][gc,phases    ] GC(110)   Merge Heap Roots: 1.3ms
[2021-06-20T14:00:48.054-0800][gc,phases    ] GC(110)   Evacuate Collection Set: 207.3ms
[2021-06-20T14:00:48.054-0800][gc,phases    ] GC(110)   Post Evacuate Collection Set: 8.1ms
[2021-06-20T14:00:48.054-0800][gc,phases    ] GC(110)   Other: 8.9ms
[2021-06-20T14:00:48.054-0800][gc,heap      ] GC(110) Eden regions: 48->0(48)
[2021-06-20T14:00:48.054-0800][gc,heap      ] GC(110) Survivor regions: 3->3(7)
[2021-06-20T14:00:48.054-0800][gc,heap      ] GC(110) Old regions: 17->17
[2021-06-20T14:00:48.054-0800][gc,heap      ] GC(110) Archive regions: 2->2
[2021-06-20T14:00:48.054-0800][gc,heap      ] GC(110) Humongous regions: 129->129
[2021-06-20T14:00:48.054-0800][gc,metaspace ] GC(110) Metaspace: 43881K(46968K)->43881K(46968K) NonClass: 38165K(39852K)->38165K(39852K) Class: 5716K(7116K)->5716K(7116K)
[2021-06-20T14:00:48.054-0800][gc           ] GC(110) Pause Young (Normal) (G1 Evacuation Pause) 197M->149M(1024M) 238.251ms
[2021-06-20T14:00:48.054-0800][gc,cpu       ] GC(110) User=0.05s Sys=0.28s Real=0.24s
[2021-06-20T14:16:59.445-0800][gc,start     ] GC(111) Pause Young (Normal) (G1 Evacuation Pause)
[2021-06-20T14:16:59.446-0800][gc,task      ] GC(111) Using 8 workers of 8 for evacuation
[2021-06-20T14:16:59.723-0800][gc,mmu       ] GC(111) MMU target violated: 21.0ms (20.0ms/21.0ms)
[2021-06-20T14:16:59.723-0800][gc,phases    ] GC(111)   Pre Evacuate Collection Set: 15.8ms
[2021-06-20T14:16:59.723-0800][gc,phases    ] GC(111)   Merge Heap Roots: 4.0ms
[2021-06-20T14:16:59.723-0800][gc,phases    ] GC(111)   Evacuate Collection Set: 242.6ms
[2021-06-20T14:16:59.723-0800][gc,phases    ] GC(111)   Post Evacuate Collection Set: 11.4ms
[2021-06-20T14:16:59.724-0800][gc,phases    ] GC(111)   Other: 5.3ms
[2021-06-20T14:16:59.724-0800][gc,heap      ] GC(111) Eden regions: 48->0(48)
[2021-06-20T14:16:59.724-0800][gc,heap      ] GC(111) Survivor regions: 3->3(7)
[2021-06-20T14:16:59.724-0800][gc,heap      ] GC(111) Old regions: 17->18
[2021-06-20T14:16:59.724-0800][gc,heap      ] GC(111) Archive regions: 2->2
[2021-06-20T14:16:59.724-0800][gc,heap      ] GC(111) Humongous regions: 129->129
[2021-06-20T14:16:59.724-0800][gc,metaspace ] GC(111) Metaspace: 43881K(46968K)->43881K(46968K) NonClass: 38165K(39852K)->38165K(39852K) Class: 5716K(7116K)->5716K(7116K)
[2021-06-20T14:16:59.724-0800][gc           ] GC(111) Pause Young (Normal) (G1 Evacuation Pause) 197M->149M(1024M) 278.352ms
[2021-06-20T14:16:59.724-0800][gc,cpu       ] GC(111) User=0.05s Sys=0.27s Real=0.28s
[2021-06-20T14:33:12.856-0800][gc,start     ] GC(112) Pause Young (Normal) (G1 Evacuation Pause)
[2021-06-20T14:33:12.857-0800][gc,task      ] GC(112) Using 8 workers of 8 for evacuation
[2021-06-20T14:33:13.097-0800][gc,mmu       ] GC(112) MMU target violated: 21.0ms (20.0ms/21.0ms)
[2021-06-20T14:33:13.097-0800][gc,phases    ] GC(112)   Pre Evacuate Collection Set: 9.3ms
[2021-06-20T14:33:13.097-0800][gc,phases    ] GC(112)   Merge Heap Roots: 4.1ms
[2021-06-20T14:33:13.097-0800][gc,phases    ] GC(112)   Evacuate Collection Set: 215.9ms
[2021-06-20T14:33:13.097-0800][gc,phases    ] GC(112)   Post Evacuate Collection Set: 6.9ms
[2021-06-20T14:33:13.098-0800][gc,phases    ] GC(112)   Other: 6.2ms
[2021-06-20T14:33:13.098-0800][gc,heap      ] GC(112) Eden regions: 48->0(48)
[2021-06-20T14:33:13.098-0800][gc,heap      ] GC(112) Survivor regions: 3->3(7)
[2021-06-20T14:33:13.098-0800][gc,heap      ] GC(112) Old regions: 18->18
[2021-06-20T14:33:13.098-0800][gc,heap      ] GC(112) Archive regions: 2->2
[2021-06-20T14:33:13.098-0800][gc,heap      ] GC(112) Humongous regions: 129->129
[2021-06-20T14:33:13.098-0800][gc,metaspace ] GC(112) Metaspace: 43881K(46968K)->43881K(46968K) NonClass: 38165K(39852K)->38165K(39852K) Class: 5716K(7116K)->5716K(7116K)
[2021-06-20T14:33:13.098-0800][gc           ] GC(112) Pause Young (Normal) (G1 Evacuation Pause) 197M->149M(1024M) 242.268ms
[2021-06-20T14:33:13.098-0800][gc,cpu       ] GC(112) User=0.06s Sys=0.32s Real=0.24s
[2021-06-20T14:48:28.834-0800][gc,start     ] GC(113) Pause Young (Normal) (G1 Evacuation Pause)
[2021-06-20T14:48:28.835-0800][gc,task      ] GC(113) Using 8 workers of 8 for evacuation
[2021-06-20T14:48:29.080-0800][gc,mmu       ] GC(113) MMU target violated: 21.0ms (20.0ms/21.0ms)
[2021-06-20T14:48:29.080-0800][gc,phases    ] GC(113)   Pre Evacuate Collection Set: 10.8ms
[2021-06-20T14:48:29.080-0800][gc,phases    ] GC(113)   Merge Heap Roots: 2.5ms
[2021-06-20T14:48:29.080-0800][gc,phases    ] GC(113)   Evacuate Collection Set: 220.9ms
[2021-06-20T14:48:29.080-0800][gc,phases    ] GC(113)   Post Evacuate Collection Set: 6.4ms
[2021-06-20T14:48:29.080-0800][gc,phases    ] GC(113)   Other: 6.1ms
[2021-06-20T14:48:29.080-0800][gc,heap      ] GC(113) Eden regions: 48->0(47)
[2021-06-20T14:48:29.080-0800][gc,heap      ] GC(113) Survivor regions: 3->4(7)
[2021-06-20T14:48:29.080-0800][gc,heap      ] GC(113) Old regions: 18->18
[2021-06-20T14:48:29.080-0800][gc,heap      ] GC(113) Archive regions: 2->2
[2021-06-20T14:48:29.080-0800][gc,heap      ] GC(113) Humongous regions: 129->129
[2021-06-20T14:48:29.080-0800][gc,metaspace ] GC(113) Metaspace: 43881K(46968K)->43881K(46968K) NonClass: 38165K(39852K)->38165K(39852K) Class: 5716K(7116K)->5716K(7116K)
[2021-06-20T14:48:29.080-0800][gc           ] GC(113) Pause Young (Normal) (G1 Evacuation Pause) 197M->150M(1024M) 246.485ms
[2021-06-20T14:48:29.080-0800][gc,cpu       ] GC(113) User=0.13s Sys=0.43s Real=0.25s
[2021-06-20T15:00:36.461-0800][gc,start     ] GC(114) Pause Young (Normal) (G1 Evacuation Pause)
[2021-06-20T15:00:36.464-0800][gc,task      ] GC(114) Using 8 workers of 8 for evacuation
[2021-06-20T15:00:36.626-0800][gc,mmu       ] GC(114) MMU target violated: 21.0ms (20.0ms/21.0ms)
[2021-06-20T15:00:36.626-0800][gc,phases    ] GC(114)   Pre Evacuate Collection Set: 13.4ms
[2021-06-20T15:00:36.626-0800][gc,phases    ] GC(114)   Merge Heap Roots: 1.4ms
[2021-06-20T15:00:36.626-0800][gc,phases    ] GC(114)   Evacuate Collection Set: 137.2ms
[2021-06-20T15:00:36.626-0800][gc,phases    ] GC(114)   Post Evacuate Collection Set: 4.1ms
[2021-06-20T15:00:36.626-0800][gc,phases    ] GC(114)   Other: 11.6ms
[2021-06-20T15:00:36.626-0800][gc,heap      ] GC(114) Eden regions: 47->0(46)
[2021-06-20T15:00:36.626-0800][gc,heap      ] GC(114) Survivor regions: 4->5(7)
[2021-06-20T15:00:36.626-0800][gc,heap      ] GC(114) Old regions: 18->18
[2021-06-20T15:00:36.626-0800][gc,heap      ] GC(114) Archive regions: 2->2
[2021-06-20T15:00:36.626-0800][gc,heap      ] GC(114) Humongous regions: 129->129
[2021-06-20T15:00:36.626-0800][gc,metaspace ] GC(114) Metaspace: 43894K(46968K)->43894K(46968K) NonClass: 38177K(39852K)->38177K(39852K) Class: 5716K(7116K)->5716K(7116K)
[2021-06-20T15:00:36.626-0800][gc           ] GC(114) Pause Young (Normal) (G1 Evacuation Pause) 197M->151M(1024M) 165.439ms
[2021-06-20T15:00:36.626-0800][gc,cpu       ] GC(114) User=0.05s Sys=0.29s Real=0.16s
[2021-06-20T15:08:46.086-0800][gc,start     ] GC(115) Pause Young (Normal) (G1 Evacuation Pause)
[2021-06-20T15:08:46.086-0800][gc,task      ] GC(115) Using 8 workers of 8 for evacuation
[2021-06-20T15:08:46.116-0800][gc,mmu       ] GC(115) MMU target violated: 21.0ms (20.0ms/21.0ms)
[2021-06-20T15:08:46.116-0800][gc,phases    ] GC(115)   Pre Evacuate Collection Set: 0.7ms
[2021-06-20T15:08:46.116-0800][gc,phases    ] GC(115)   Merge Heap Roots: 0.6ms
[2021-06-20T15:08:46.116-0800][gc,phases    ] GC(115)   Evacuate Collection Set: 27.5ms
[2021-06-20T15:08:46.116-0800][gc,phases    ] GC(115)   Post Evacuate Collection Set: 1.1ms
[2021-06-20T15:08:46.116-0800][gc,phases    ] GC(115)   Other: 0.6ms
[2021-06-20T15:08:46.116-0800][gc,heap      ] GC(115) Eden regions: 46->0(47)
[2021-06-20T15:08:46.117-0800][gc,heap      ] GC(115) Survivor regions: 5->4(7)
[2021-06-20T15:08:46.117-0800][gc,heap      ] GC(115) Old regions: 18->18
[2021-06-20T15:08:46.117-0800][gc,heap      ] GC(115) Archive regions: 2->2
[2021-06-20T15:08:46.117-0800][gc,heap      ] GC(115) Humongous regions: 129->129
[2021-06-20T15:08:46.117-0800][gc,metaspace ] GC(115) Metaspace: 43894K(46968K)->43894K(46968K) NonClass: 38177K(39852K)->38177K(39852K) Class: 5716K(7116K)->5716K(7116K)
[2021-06-20T15:08:46.117-0800][gc           ] GC(115) Pause Young (Normal) (G1 Evacuation Pause) 197M->151M(1024M) 30.745ms
[2021-06-20T15:08:46.117-0800][gc,cpu       ] GC(115) User=0.02s Sys=0.07s Real=0.03s
[2021-06-20T15:18:45.548-0800][gc,start     ] GC(116) Pause Young (Normal) (G1 Evacuation Pause)
[2021-06-20T15:18:45.548-0800][gc,task      ] GC(116) Using 8 workers of 8 for evacuation
[2021-06-20T15:18:45.636-0800][gc,mmu       ] GC(116) MMU target violated: 21.0ms (20.0ms/21.0ms)
[2021-06-20T15:18:45.637-0800][gc,phases    ] GC(116)   Pre Evacuate Collection Set: 9.1ms
[2021-06-20T15:18:45.637-0800][gc,phases    ] GC(116)   Merge Heap Roots: 1.0ms
[2021-06-20T15:18:45.637-0800][gc,phases    ] GC(116)   Evacuate Collection Set: 71.6ms
[2021-06-20T15:18:45.637-0800][gc,phases    ] GC(116)   Post Evacuate Collection Set: 3.4ms
[2021-06-20T15:18:45.637-0800][gc,phases    ] GC(116)   Other: 5.8ms
[2021-06-20T15:18:45.637-0800][gc,heap      ] GC(116) Eden regions: 47->0(47)
[2021-06-20T15:18:45.637-0800][gc,heap      ] GC(116) Survivor regions: 4->4(7)
[2021-06-20T15:18:45.637-0800][gc,heap      ] GC(116) Old regions: 18->19
[2021-06-20T15:18:45.637-0800][gc,heap      ] GC(116) Archive regions: 2->2
[2021-06-20T15:18:45.637-0800][gc,heap      ] GC(116) Humongous regions: 129->129
[2021-06-20T15:18:45.637-0800][gc,metaspace ] GC(116) Metaspace: 43894K(46968K)->43894K(46968K) NonClass: 38177K(39852K)->38177K(39852K) Class: 5716K(7116K)->5716K(7116K)
[2021-06-20T15:18:45.637-0800][gc           ] GC(116) Pause Young (Normal) (G1 Evacuation Pause) 197M->151M(1024M) 89.116ms
[2021-06-20T15:18:45.637-0800][gc,cpu       ] GC(116) User=0.04s Sys=0.21s Real=0.09s
[2021-06-20T15:31:57.052-0800][gc,start     ] GC(117) Pause Young (Normal) (G1 Evacuation Pause)
[2021-06-20T15:31:57.055-0800][gc,task      ] GC(117) Using 8 workers of 8 for evacuation
[2021-06-20T15:31:57.175-0800][gc,mmu       ] GC(117) MMU target violated: 21.0ms (20.0ms/21.0ms)
[2021-06-20T15:31:57.175-0800][gc,phases    ] GC(117)   Pre Evacuate Collection Set: 14.1ms
[2021-06-20T15:31:57.175-0800][gc,phases    ] GC(117)   Merge Heap Roots: 1.5ms
[2021-06-20T15:31:57.175-0800][gc,phases    ] GC(117)   Evacuate Collection Set: 92.1ms
[2021-06-20T15:31:57.175-0800][gc,phases    ] GC(117)   Post Evacuate Collection Set: 7.6ms
[2021-06-20T15:31:57.175-0800][gc,phases    ] GC(117)   Other: 9.1ms
[2021-06-20T15:31:57.175-0800][gc,heap      ] GC(117) Eden regions: 47->0(47)
[2021-06-20T15:31:57.175-0800][gc,heap      ] GC(117) Survivor regions: 4->4(7)
[2021-06-20T15:31:57.175-0800][gc,heap      ] GC(117) Old regions: 19->19
[2021-06-20T15:31:57.176-0800][gc,heap      ] GC(117) Archive regions: 2->2
[2021-06-20T15:31:57.176-0800][gc,heap      ] GC(117) Humongous regions: 129->129
[2021-06-20T15:31:57.176-0800][gc,metaspace ] GC(117) Metaspace: 43894K(46968K)->43894K(46968K) NonClass: 38177K(39852K)->38177K(39852K) Class: 5716K(7116K)->5716K(7116K)
[2021-06-20T15:31:57.176-0800][gc           ] GC(117) Pause Young (Normal) (G1 Evacuation Pause) 198M->151M(1024M) 123.570ms
[2021-06-20T15:31:57.176-0800][gc,cpu       ] GC(117) User=0.05s Sys=0.19s Real=0.12s
[2021-06-20T15:46:42.366-0800][gc,start     ] GC(118) Pause Young (Normal) (G1 Evacuation Pause)
[2021-06-20T15:46:42.369-0800][gc,task      ] GC(118) Using 8 workers of 8 for evacuation
[2021-06-20T15:46:42.582-0800][gc,mmu       ] GC(118) MMU target violated: 21.0ms (20.0ms/21.0ms)
[2021-06-20T15:46:42.582-0800][gc,phases    ] GC(118)   Pre Evacuate Collection Set: 19.1ms
[2021-06-20T15:46:42.582-0800][gc,phases    ] GC(118)   Merge Heap Roots: 1.6ms
[2021-06-20T15:46:42.582-0800][gc,phases    ] GC(118)   Evacuate Collection Set: 182.8ms
[2021-06-20T15:46:42.582-0800][gc,phases    ] GC(118)   Post Evacuate Collection Set: 5.0ms
[2021-06-20T15:46:42.582-0800][gc,phases    ] GC(118)   Other: 7.6ms
[2021-06-20T15:46:42.582-0800][gc,heap      ] GC(118) Eden regions: 47->0(47)
[2021-06-20T15:46:42.582-0800][gc,heap      ] GC(118) Survivor regions: 4->4(7)
[2021-06-20T15:46:42.582-0800][gc,heap      ] GC(118) Old regions: 19->19
[2021-06-20T15:46:42.582-0800][gc,heap      ] GC(118) Archive regions: 2->2
[2021-06-20T15:46:42.582-0800][gc,heap      ] GC(118) Humongous regions: 129->129
[2021-06-20T15:46:42.582-0800][gc,metaspace ] GC(118) Metaspace: 43894K(46968K)->43894K(46968K) NonClass: 38177K(39852K)->38177K(39852K) Class: 5716K(7116K)->5716K(7116K)
[2021-06-20T15:46:42.582-0800][gc           ] GC(118) Pause Young (Normal) (G1 Evacuation Pause) 198M->151M(1024M) 216.157ms
[2021-06-20T15:46:42.582-0800][gc,cpu       ] GC(118) User=0.06s Sys=0.26s Real=0.22s
[2021-06-20T16:02:32.239-0800][gc,start     ] GC(119) Pause Young (Normal) (G1 Evacuation Pause)
[2021-06-20T16:02:32.241-0800][gc,task      ] GC(119) Using 8 workers of 8 for evacuation
[2021-06-20T16:02:32.612-0800][gc,mmu       ] GC(119) MMU target violated: 21.0ms (20.0ms/21.0ms)
[2021-06-20T16:02:32.613-0800][gc,phases    ] GC(119)   Pre Evacuate Collection Set: 20.5ms
[2021-06-20T16:02:32.613-0800][gc,phases    ] GC(119)   Merge Heap Roots: 5.7ms
[2021-06-20T16:02:32.613-0800][gc,phases    ] GC(119)   Evacuate Collection Set: 328.9ms
[2021-06-20T16:02:32.613-0800][gc,phases    ] GC(119)   Post Evacuate Collection Set: 11.2ms
[2021-06-20T16:02:32.613-0800][gc,phases    ] GC(119)   Other: 8.6ms
[2021-06-20T16:02:32.614-0800][gc,heap      ] GC(119) Eden regions: 47->0(47)
[2021-06-20T16:02:32.614-0800][gc,heap      ] GC(119) Survivor regions: 4->4(7)
[2021-06-20T16:02:32.614-0800][gc,heap      ] GC(119) Old regions: 19->19
[2021-06-20T16:02:32.614-0800][gc,heap      ] GC(119) Archive regions: 2->2
[2021-06-20T16:02:32.614-0800][gc,heap      ] GC(119) Humongous regions: 129->129
[2021-06-20T16:02:32.614-0800][gc,metaspace ] GC(119) Metaspace: 43894K(46968K)->43894K(46968K) NonClass: 38177K(39852K)->38177K(39852K) Class: 5716K(7116K)->5716K(7116K)
[2021-06-20T16:02:32.615-0800][gc           ] GC(119) Pause Young (Normal) (G1 Evacuation Pause) 198M->151M(1024M) 376.401ms
[2021-06-20T16:02:32.615-0800][gc,cpu       ] GC(119) User=0.08s Sys=0.35s Real=0.38s
[2021-06-20T16:18:19.437-0800][gc,start     ] GC(120) Pause Young (Normal) (G1 Evacuation Pause)
[2021-06-20T16:18:19.439-0800][gc,task      ] GC(120) Using 8 workers of 8 for evacuation
[2021-06-20T16:18:19.518-0800][gc,mmu       ] GC(120) MMU target violated: 21.0ms (20.0ms/21.0ms)
[2021-06-20T16:18:19.518-0800][gc,phases    ] GC(120)   Pre Evacuate Collection Set: 14.5ms
[2021-06-20T16:18:19.518-0800][gc,phases    ] GC(120)   Merge Heap Roots: 0.7ms
[2021-06-20T16:18:19.518-0800][gc,phases    ] GC(120)   Evacuate Collection Set: 59.9ms
[2021-06-20T16:18:19.518-0800][gc,phases    ] GC(120)   Post Evacuate Collection Set: 2.6ms
[2021-06-20T16:18:19.519-0800][gc,phases    ] GC(120)   Other: 4.3ms
[2021-06-20T16:18:19.519-0800][gc,heap      ] GC(120) Eden regions: 47->0(47)
[2021-06-20T16:18:19.519-0800][gc,heap      ] GC(120) Survivor regions: 4->4(7)
[2021-06-20T16:18:19.519-0800][gc,heap      ] GC(120) Old regions: 19->19
[2021-06-20T16:18:19.519-0800][gc,heap      ] GC(120) Archive regions: 2->2
[2021-06-20T16:18:19.519-0800][gc,heap      ] GC(120) Humongous regions: 129->129
[2021-06-20T16:18:19.519-0800][gc,metaspace ] GC(120) Metaspace: 43894K(46968K)->43894K(46968K) NonClass: 38177K(39852K)->38177K(39852K) Class: 5716K(7116K)->5716K(7116K)
[2021-06-20T16:18:19.519-0800][gc           ] GC(120) Pause Young (Normal) (G1 Evacuation Pause) 198M->151M(1024M) 81.505ms
[2021-06-20T16:18:19.519-0800][gc,cpu       ] GC(120) User=0.02s Sys=0.15s Real=0.08s
[2021-06-20T16:34:05.635-0800][gc,start     ] GC(121) Pause Young (Normal) (G1 Evacuation Pause)
[2021-06-20T16:34:05.637-0800][gc,task      ] GC(121) Using 8 workers of 8 for evacuation
[2021-06-20T16:34:05.839-0800][gc,mmu       ] GC(121) MMU target violated: 21.0ms (20.0ms/21.0ms)
[2021-06-20T16:34:05.839-0800][gc,phases    ] GC(121)   Pre Evacuate Collection Set: 9.4ms
[2021-06-20T16:34:05.839-0800][gc,phases    ] GC(121)   Merge Heap Roots: 3.4ms
[2021-06-20T16:34:05.839-0800][gc,phases    ] GC(121)   Evacuate Collection Set: 185.8ms
[2021-06-20T16:34:05.839-0800][gc,phases    ] GC(121)   Post Evacuate Collection Set: 2.7ms
[2021-06-20T16:34:05.839-0800][gc,phases    ] GC(121)   Other: 3.4ms
[2021-06-20T16:34:05.839-0800][gc,heap      ] GC(121) Eden regions: 47->0(46)
[2021-06-20T16:34:05.839-0800][gc,heap      ] GC(121) Survivor regions: 4->5(7)
[2021-06-20T16:34:05.839-0800][gc,heap      ] GC(121) Old regions: 19->19
[2021-06-20T16:34:05.839-0800][gc,heap      ] GC(121) Archive regions: 2->2
[2021-06-20T16:34:05.839-0800][gc,heap      ] GC(121) Humongous regions: 129->129
[2021-06-20T16:34:05.839-0800][gc,metaspace ] GC(121) Metaspace: 43894K(46968K)->43894K(46968K) NonClass: 38177K(39852K)->38177K(39852K) Class: 5716K(7116K)->5716K(7116K)
[2021-06-20T16:34:05.840-0800][gc           ] GC(121) Pause Young (Normal) (G1 Evacuation Pause) 198M->152M(1024M) 204.756ms
[2021-06-20T16:34:05.840-0800][gc,cpu       ] GC(121) User=0.13s Sys=0.31s Real=0.21s
[2021-06-20T16:48:35.656-0800][gc,start     ] GC(122) Pause Young (Normal) (G1 Evacuation Pause)
[2021-06-20T16:48:35.657-0800][gc,task      ] GC(122) Using 8 workers of 8 for evacuation
[2021-06-20T16:48:35.777-0800][gc,mmu       ] GC(122) MMU target violated: 21.0ms (20.0ms/21.0ms)
[2021-06-20T16:48:35.777-0800][gc,phases    ] GC(122)   Pre Evacuate Collection Set: 12.7ms
[2021-06-20T16:48:35.777-0800][gc,phases    ] GC(122)   Merge Heap Roots: 1.4ms
[2021-06-20T16:48:35.778-0800][gc,phases    ] GC(122)   Evacuate Collection Set: 96.7ms
[2021-06-20T16:48:35.778-0800][gc,phases    ] GC(122)   Post Evacuate Collection Set: 5.8ms
[2021-06-20T16:48:35.778-0800][gc,phases    ] GC(122)   Other: 7.1ms
[2021-06-20T16:48:35.778-0800][gc,heap      ] GC(122) Eden regions: 46->0(47)
[2021-06-20T16:48:35.778-0800][gc,heap      ] GC(122) Survivor regions: 5->4(7)
[2021-06-20T16:48:35.778-0800][gc,heap      ] GC(122) Old regions: 19->20
[2021-06-20T16:48:35.778-0800][gc,heap      ] GC(122) Archive regions: 2->2
[2021-06-20T16:48:35.778-0800][gc,heap      ] GC(122) Humongous regions: 129->129
[2021-06-20T16:48:35.778-0800][gc,metaspace ] GC(122) Metaspace: 43894K(46968K)->43894K(46968K) NonClass: 38177K(39852K)->38177K(39852K) Class: 5716K(7116K)->5716K(7116K)
[2021-06-20T16:48:35.778-0800][gc           ] GC(122) Pause Young (Normal) (G1 Evacuation Pause) 198M->152M(1024M) 121.806ms
[2021-06-20T16:48:35.778-0800][gc,cpu       ] GC(122) User=0.06s Sys=0.19s Real=0.12s
[2021-06-20T17:04:19.735-0800][gc,start     ] GC(123) Pause Young (Normal) (G1 Evacuation Pause)
[2021-06-20T17:04:19.738-0800][gc,task      ] GC(123) Using 8 workers of 8 for evacuation
[2021-06-20T17:04:20.051-0800][gc,mmu       ] GC(123) MMU target violated: 21.0ms (20.0ms/21.0ms)
[2021-06-20T17:04:20.052-0800][gc,phases    ] GC(123)   Pre Evacuate Collection Set: 7.8ms
[2021-06-20T17:04:20.052-0800][gc,phases    ] GC(123)   Merge Heap Roots: 1.2ms
[2021-06-20T17:04:20.052-0800][gc,phases    ] GC(123)   Evacuate Collection Set: 296.9ms
[2021-06-20T17:04:20.052-0800][gc,phases    ] GC(123)   Post Evacuate Collection Set: 5.5ms
[2021-06-20T17:04:20.052-0800][gc,phases    ] GC(123)   Other: 6.8ms
[2021-06-20T17:04:20.052-0800][gc,heap      ] GC(123) Eden regions: 47->0(48)
[2021-06-20T17:04:20.052-0800][gc,heap      ] GC(123) Survivor regions: 4->3(7)
[2021-06-20T17:04:20.052-0800][gc,heap      ] GC(123) Old regions: 20->20
[2021-06-20T17:04:20.052-0800][gc,heap      ] GC(123) Archive regions: 2->2
[2021-06-20T17:04:20.052-0800][gc,heap      ] GC(123) Humongous regions: 129->129
[2021-06-20T17:04:20.052-0800][gc,metaspace ] GC(123) Metaspace: 43894K(46968K)->43894K(46968K) NonClass: 38177K(39852K)->38177K(39852K) Class: 5716K(7116K)->5716K(7116K)
[2021-06-20T17:04:20.052-0800][gc           ] GC(123) Pause Young (Normal) (G1 Evacuation Pause) 199M->152M(1024M) 317.581ms
[2021-06-20T17:04:20.052-0800][gc,cpu       ] GC(123) User=0.12s Sys=0.27s Real=0.32s
[2021-06-20T17:20:27.211-0800][gc,start     ] GC(124) Pause Young (Normal) (G1 Evacuation Pause)
[2021-06-20T17:20:27.213-0800][gc,task      ] GC(124) Using 8 workers of 8 for evacuation
[2021-06-20T17:20:27.466-0800][gc,mmu       ] GC(124) MMU target violated: 21.0ms (20.0ms/21.0ms)
[2021-06-20T17:20:27.467-0800][gc,phases    ] GC(124)   Pre Evacuate Collection Set: 10.7ms
[2021-06-20T17:20:27.467-0800][gc,phases    ] GC(124)   Merge Heap Roots: 3.1ms
[2021-06-20T17:20:27.467-0800][gc,phases    ] GC(124)   Evacuate Collection Set: 231.4ms
[2021-06-20T17:20:27.467-0800][gc,phases    ] GC(124)   Post Evacuate Collection Set: 6.0ms
[2021-06-20T17:20:27.467-0800][gc,phases    ] GC(124)   Other: 5.8ms
[2021-06-20T17:20:27.467-0800][gc,heap      ] GC(124) Eden regions: 48->0(48)
[2021-06-20T17:20:27.467-0800][gc,heap      ] GC(124) Survivor regions: 3->3(7)
[2021-06-20T17:20:27.467-0800][gc,heap      ] GC(124) Old regions: 20->20
[2021-06-20T17:20:27.467-0800][gc,heap      ] GC(124) Archive regions: 2->2
[2021-06-20T17:20:27.467-0800][gc,heap      ] GC(124) Humongous regions: 129->129
[2021-06-20T17:20:27.467-0800][gc,metaspace ] GC(124) Metaspace: 43894K(46968K)->43894K(46968K) NonClass: 38177K(39852K)->38177K(39852K) Class: 5716K(7116K)->5716K(7116K)
[2021-06-20T17:20:27.467-0800][gc           ] GC(124) Pause Young (Normal) (G1 Evacuation Pause) 200M->152M(1024M) 256.700ms
[2021-06-20T17:20:27.467-0800][gc,cpu       ] GC(124) User=0.10s Sys=0.30s Real=0.25s
[2021-06-20T18:09:01.963-0800][gc,start     ] GC(125) Pause Young (Normal) (G1 Evacuation Pause)
[2021-06-20T18:09:01.965-0800][gc,task      ] GC(125) Using 8 workers of 8 for evacuation
[2021-06-20T18:09:02.081-0800][gc,mmu       ] GC(125) MMU target violated: 21.0ms (20.0ms/21.0ms)
[2021-06-20T18:09:02.081-0800][gc,phases    ] GC(125)   Pre Evacuate Collection Set: 10.1ms
[2021-06-20T18:09:02.081-0800][gc,phases    ] GC(125)   Merge Heap Roots: 2.2ms
[2021-06-20T18:09:02.081-0800][gc,phases    ] GC(125)   Evacuate Collection Set: 94.7ms
[2021-06-20T18:09:02.081-0800][gc,phases    ] GC(125)   Post Evacuate Collection Set: 7.7ms
[2021-06-20T18:09:02.082-0800][gc,phases    ] GC(125)   Other: 4.2ms
[2021-06-20T18:09:02.082-0800][gc,heap      ] GC(125) Eden regions: 48->0(48)
[2021-06-20T18:09:02.082-0800][gc,heap      ] GC(125) Survivor regions: 3->3(7)
[2021-06-20T18:09:02.082-0800][gc,heap      ] GC(125) Old regions: 20->20
[2021-06-20T18:09:02.082-0800][gc,heap      ] GC(125) Archive regions: 2->2
[2021-06-20T18:09:02.082-0800][gc,heap      ] GC(125) Humongous regions: 129->129
[2021-06-20T18:09:02.083-0800][gc,metaspace ] GC(125) Metaspace: 43894K(46968K)->43894K(46968K) NonClass: 38177K(39852K)->38177K(39852K) Class: 5716K(7116K)->5716K(7116K)
[2021-06-20T18:09:02.083-0800][gc           ] GC(125) Pause Young (Normal) (G1 Evacuation Pause) 200M->151M(1024M) 120.086ms
[2021-06-20T18:09:02.083-0800][gc,cpu       ] GC(125) User=0.04s Sys=0.31s Real=0.12s
[2021-06-20T21:28:02.850-0800][gc,start     ] GC(126) Pause Young (Normal) (G1 Evacuation Pause)
[2021-06-20T21:28:02.852-0800][gc,task      ] GC(126) Using 8 workers of 8 for evacuation
[2021-06-20T21:28:02.958-0800][gc,mmu       ] GC(126) MMU target violated: 21.0ms (20.0ms/21.0ms)
[2021-06-20T21:28:02.958-0800][gc,phases    ] GC(126)   Pre Evacuate Collection Set: 11.7ms
[2021-06-20T21:28:02.958-0800][gc,phases    ] GC(126)   Merge Heap Roots: 2.3ms
[2021-06-20T21:28:02.958-0800][gc,phases    ] GC(126)   Evacuate Collection Set: 84.5ms
[2021-06-20T21:28:02.958-0800][gc,phases    ] GC(126)   Post Evacuate Collection Set: 3.5ms
[2021-06-20T21:28:02.958-0800][gc,phases    ] GC(126)   Other: 7.6ms
[2021-06-20T21:28:02.958-0800][gc,heap      ] GC(126) Eden regions: 48->0(48)
[2021-06-20T21:28:02.958-0800][gc,heap      ] GC(126) Survivor regions: 3->3(7)
[2021-06-20T21:28:02.958-0800][gc,heap      ] GC(126) Old regions: 20->20
[2021-06-20T21:28:02.958-0800][gc,heap      ] GC(126) Archive regions: 2->2
[2021-06-20T21:28:02.958-0800][gc,heap      ] GC(126) Humongous regions: 129->129
[2021-06-20T21:28:02.958-0800][gc,metaspace ] GC(126) Metaspace: 43897K(46968K)->43897K(46968K) NonClass: 38180K(39852K)->38180K(39852K) Class: 5716K(7116K)->5716K(7116K)
[2021-06-20T21:28:02.958-0800][gc           ] GC(126) Pause Young (Normal) (G1 Evacuation Pause) 199M->151M(1024M) 108.609ms
[2021-06-20T21:28:02.958-0800][gc,cpu       ] GC(126) User=0.03s Sys=0.12s Real=0.10s
[2021-06-20T21:44:04.355-0800][gc,start     ] GC(127) Pause Young (Normal) (G1 Evacuation Pause)
[2021-06-20T21:44:04.358-0800][gc,task      ] GC(127) Using 8 workers of 8 for evacuation
[2021-06-20T21:44:04.439-0800][gc,mmu       ] GC(127) MMU target violated: 21.0ms (20.0ms/21.0ms)
[2021-06-20T21:44:04.439-0800][gc,phases    ] GC(127)   Pre Evacuate Collection Set: 8.0ms
[2021-06-20T21:44:04.439-0800][gc,phases    ] GC(127)   Merge Heap Roots: 0.7ms
[2021-06-20T21:44:04.439-0800][gc,phases    ] GC(127)   Evacuate Collection Set: 63.8ms
[2021-06-20T21:44:04.439-0800][gc,phases    ] GC(127)   Post Evacuate Collection Set: 5.8ms
[2021-06-20T21:44:04.439-0800][gc,phases    ] GC(127)   Other: 6.5ms
[2021-06-20T21:44:04.440-0800][gc,heap      ] GC(127) Eden regions: 48->0(48)
[2021-06-20T21:44:04.440-0800][gc,heap      ] GC(127) Survivor regions: 3->3(7)
[2021-06-20T21:44:04.440-0800][gc,heap      ] GC(127) Old regions: 20->20
[2021-06-20T21:44:04.440-0800][gc,heap      ] GC(127) Archive regions: 2->2
[2021-06-20T21:44:04.440-0800][gc,heap      ] GC(127) Humongous regions: 129->129
[2021-06-20T21:44:04.440-0800][gc,metaspace ] GC(127) Metaspace: 43897K(46968K)->43897K(46968K) NonClass: 38180K(39852K)->38180K(39852K) Class: 5716K(7116K)->5716K(7116K)
[2021-06-20T21:44:04.440-0800][gc           ] GC(127) Pause Young (Normal) (G1 Evacuation Pause) 199M->151M(1024M) 84.995ms
[2021-06-20T21:44:04.440-0800][gc,cpu       ] GC(127) User=0.03s Sys=0.11s Real=0.09s
[2021-06-20T22:00:15.932-0800][gc,start     ] GC(128) Pause Young (Normal) (G1 Evacuation Pause)
[2021-06-20T22:00:15.934-0800][gc,task      ] GC(128) Using 8 workers of 8 for evacuation
[2021-06-20T22:00:15.976-0800][gc,mmu       ] GC(128) MMU target violated: 21.0ms (20.0ms/21.0ms)
[2021-06-20T22:00:15.976-0800][gc,phases    ] GC(128)   Pre Evacuate Collection Set: 4.8ms
[2021-06-20T22:00:15.976-0800][gc,phases    ] GC(128)   Merge Heap Roots: 0.7ms
[2021-06-20T22:00:15.976-0800][gc,phases    ] GC(128)   Evacuate Collection Set: 34.4ms
[2021-06-20T22:00:15.976-0800][gc,phases    ] GC(128)   Post Evacuate Collection Set: 1.5ms
[2021-06-20T22:00:15.976-0800][gc,phases    ] GC(128)   Other: 2.6ms
[2021-06-20T22:00:15.976-0800][gc,heap      ] GC(128) Eden regions: 48->0(47)
[2021-06-20T22:00:15.976-0800][gc,heap      ] GC(128) Survivor regions: 3->4(7)
[2021-06-20T22:00:15.976-0800][gc,heap      ] GC(128) Old regions: 20->20
[2021-06-20T22:00:15.976-0800][gc,heap      ] GC(128) Archive regions: 2->2
[2021-06-20T22:00:15.976-0800][gc,heap      ] GC(128) Humongous regions: 129->129
[2021-06-20T22:00:15.976-0800][gc,metaspace ] GC(128) Metaspace: 43902K(46968K)->43902K(46968K) NonClass: 38185K(39852K)->38185K(39852K) Class: 5716K(7116K)->5716K(7116K)
[2021-06-20T22:00:15.976-0800][gc           ] GC(128) Pause Young (Normal) (G1 Evacuation Pause) 199M->152M(1024M) 43.534ms
[2021-06-20T22:00:15.976-0800][gc,cpu       ] GC(128) User=0.03s Sys=0.10s Real=0.04s
[2021-06-20T22:16:04.769-0800][gc,start     ] GC(129) Pause Young (Normal) (G1 Evacuation Pause)
[2021-06-20T22:16:04.770-0800][gc,task      ] GC(129) Using 8 workers of 8 for evacuation
[2021-06-20T22:16:04.787-0800][gc,phases    ] GC(129)   Pre Evacuate Collection Set: 0.7ms
[2021-06-20T22:16:04.787-0800][gc,phases    ] GC(129)   Merge Heap Roots: 0.1ms
[2021-06-20T22:16:04.787-0800][gc,phases    ] GC(129)   Evacuate Collection Set: 14.5ms
[2021-06-20T22:16:04.787-0800][gc,phases    ] GC(129)   Post Evacuate Collection Set: 0.9ms
[2021-06-20T22:16:04.787-0800][gc,phases    ] GC(129)   Other: 2.0ms
[2021-06-20T22:16:04.787-0800][gc,heap      ] GC(129) Eden regions: 47->0(47)
[2021-06-20T22:16:04.787-0800][gc,heap      ] GC(129) Survivor regions: 4->4(7)
[2021-06-20T22:16:04.787-0800][gc,heap      ] GC(129) Old regions: 20->20
[2021-06-20T22:16:04.787-0800][gc,heap      ] GC(129) Archive regions: 2->2
[2021-06-20T22:16:04.787-0800][gc,heap      ] GC(129) Humongous regions: 129->129
[2021-06-20T22:16:04.787-0800][gc,metaspace ] GC(129) Metaspace: 43903K(46968K)->43903K(46968K) NonClass: 38187K(39852K)->38187K(39852K) Class: 5716K(7116K)->5716K(7116K)
[2021-06-20T22:16:04.788-0800][gc           ] GC(129) Pause Young (Normal) (G1 Evacuation Pause) 199M->152M(1024M) 18.971ms
[2021-06-20T22:16:04.788-0800][gc,cpu       ] GC(129) User=0.02s Sys=0.03s Real=0.02s
[2021-06-20T22:30:53.879-0800][gc,start     ] GC(130) Pause Young (Normal) (G1 Evacuation Pause)
[2021-06-20T22:30:53.881-0800][gc,task      ] GC(130) Using 8 workers of 8 for evacuation
[2021-06-20T22:30:53.907-0800][gc,mmu       ] GC(130) MMU target violated: 21.0ms (20.0ms/21.0ms)
[2021-06-20T22:30:53.907-0800][gc,phases    ] GC(130)   Pre Evacuate Collection Set: 4.4ms
[2021-06-20T22:30:53.907-0800][gc,phases    ] GC(130)   Merge Heap Roots: 1.9ms
[2021-06-20T22:30:53.907-0800][gc,phases    ] GC(130)   Evacuate Collection Set: 12.4ms
[2021-06-20T22:30:53.907-0800][gc,phases    ] GC(130)   Post Evacuate Collection Set: 7.6ms
[2021-06-20T22:30:53.907-0800][gc,phases    ] GC(130)   Other: 1.3ms
[2021-06-20T22:30:53.907-0800][gc,heap      ] GC(130) Eden regions: 47->0(47)
[2021-06-20T22:30:53.907-0800][gc,heap      ] GC(130) Survivor regions: 4->4(7)
[2021-06-20T22:30:53.907-0800][gc,heap      ] GC(130) Old regions: 20->20
[2021-06-20T22:30:53.907-0800][gc,heap      ] GC(130) Archive regions: 2->2
[2021-06-20T22:30:53.907-0800][gc,heap      ] GC(130) Humongous regions: 129->129
[2021-06-20T22:30:53.907-0800][gc,metaspace ] GC(130) Metaspace: 43903K(46968K)->43903K(46968K) NonClass: 38187K(39852K)->38187K(39852K) Class: 5716K(7116K)->5716K(7116K)
[2021-06-20T22:30:53.907-0800][gc           ] GC(130) Pause Young (Normal) (G1 Evacuation Pause) 199M->152M(1024M) 27.711ms
[2021-06-20T22:30:53.907-0800][gc,cpu       ] GC(130) User=0.02s Sys=0.01s Real=0.03s
[2021-06-20T22:46:36.683-0800][gc,start     ] GC(131) Pause Young (Normal) (G1 Evacuation Pause)
[2021-06-20T22:46:36.683-0800][gc,task      ] GC(131) Using 8 workers of 8 for evacuation
[2021-06-20T22:46:36.700-0800][gc,phases    ] GC(131)   Pre Evacuate Collection Set: 0.1ms
[2021-06-20T22:46:36.700-0800][gc,phases    ] GC(131)   Merge Heap Roots: 0.1ms
[2021-06-20T22:46:36.700-0800][gc,phases    ] GC(131)   Evacuate Collection Set: 15.3ms
[2021-06-20T22:46:36.700-0800][gc,phases    ] GC(131)   Post Evacuate Collection Set: 1.0ms
[2021-06-20T22:46:36.700-0800][gc,phases    ] GC(131)   Other: 0.7ms
[2021-06-20T22:46:36.700-0800][gc,heap      ] GC(131) Eden regions: 47->0(48)
[2021-06-20T22:46:36.700-0800][gc,heap      ] GC(131) Survivor regions: 4->3(7)
[2021-06-20T22:46:36.700-0800][gc,heap      ] GC(131) Old regions: 20->20
[2021-06-20T22:46:36.700-0800][gc,heap      ] GC(131) Archive regions: 2->2
[2021-06-20T22:46:36.700-0800][gc,heap      ] GC(131) Humongous regions: 129->129
[2021-06-20T22:46:36.700-0800][gc,metaspace ] GC(131) Metaspace: 43903K(46968K)->43903K(46968K) NonClass: 38187K(39852K)->38187K(39852K) Class: 5716K(7116K)->5716K(7116K)
[2021-06-20T22:46:36.701-0800][gc           ] GC(131) Pause Young (Normal) (G1 Evacuation Pause) 199M->152M(1024M) 17.865ms
[2021-06-20T22:46:36.701-0800][gc,cpu       ] GC(131) User=0.03s Sys=0.01s Real=0.02s
[2021-06-20T23:16:54.216-0800][gc,start     ] GC(132) Pause Young (Normal) (G1 Evacuation Pause)
[2021-06-20T23:16:54.217-0800][gc,task      ] GC(132) Using 8 workers of 8 for evacuation
[2021-06-20T23:16:54.330-0800][gc,mmu       ] GC(132) MMU target violated: 21.0ms (20.0ms/21.0ms)
[2021-06-20T23:16:54.330-0800][gc,phases    ] GC(132)   Pre Evacuate Collection Set: 11.1ms
[2021-06-20T23:16:54.330-0800][gc,phases    ] GC(132)   Merge Heap Roots: 1.8ms
[2021-06-20T23:16:54.330-0800][gc,phases    ] GC(132)   Evacuate Collection Set: 89.6ms
[2021-06-20T23:16:54.330-0800][gc,phases    ] GC(132)   Post Evacuate Collection Set: 4.6ms
[2021-06-20T23:16:54.331-0800][gc,phases    ] GC(132)   Other: 8.6ms
[2021-06-20T23:16:54.331-0800][gc,heap      ] GC(132) Eden regions: 48->0(48)
[2021-06-20T23:16:54.331-0800][gc,heap      ] GC(132) Survivor regions: 3->3(7)
[2021-06-20T23:16:54.331-0800][gc,heap      ] GC(132) Old regions: 20->20
[2021-06-20T23:16:54.331-0800][gc,heap      ] GC(132) Archive regions: 2->2
[2021-06-20T23:16:54.331-0800][gc,heap      ] GC(132) Humongous regions: 129->129
[2021-06-20T23:16:54.331-0800][gc,metaspace ] GC(132) Metaspace: 43903K(46968K)->43903K(46968K) NonClass: 38187K(39852K)->38187K(39852K) Class: 5716K(7116K)->5716K(7116K)
[2021-06-20T23:16:54.331-0800][gc           ] GC(132) Pause Young (Normal) (G1 Evacuation Pause) 200M->152M(1024M) 115.221ms
[2021-06-20T23:16:54.331-0800][gc,cpu       ] GC(132) User=0.09s Sys=0.33s Real=0.12s
[2021-06-21T02:29:49.302-0800][gc,start     ] GC(133) Pause Young (Normal) (G1 Evacuation Pause)
[2021-06-21T02:29:49.303-0800][gc,task      ] GC(133) Using 8 workers of 8 for evacuation
[2021-06-21T02:29:49.347-0800][gc,mmu       ] GC(133) MMU target violated: 21.0ms (20.0ms/21.0ms)
[2021-06-21T02:29:49.347-0800][gc,phases    ] GC(133)   Pre Evacuate Collection Set: 2.2ms
[2021-06-21T02:29:49.347-0800][gc,phases    ] GC(133)   Merge Heap Roots: 0.3ms
[2021-06-21T02:29:49.347-0800][gc,phases    ] GC(133)   Evacuate Collection Set: 36.6ms
[2021-06-21T02:29:49.348-0800][gc,phases    ] GC(133)   Post Evacuate Collection Set: 3.6ms
[2021-06-21T02:29:49.348-0800][gc,phases    ] GC(133)   Other: 2.5ms
[2021-06-21T02:29:49.348-0800][gc,heap      ] GC(133) Eden regions: 48->0(48)
[2021-06-21T02:29:49.349-0800][gc,heap      ] GC(133) Survivor regions: 3->3(7)
[2021-06-21T02:29:49.349-0800][gc,heap      ] GC(133) Old regions: 20->20
[2021-06-21T02:29:49.349-0800][gc,heap      ] GC(133) Archive regions: 2->2
[2021-06-21T02:29:49.349-0800][gc,heap      ] GC(133) Humongous regions: 129->129
[2021-06-21T02:29:49.349-0800][gc,metaspace ] GC(133) Metaspace: 43921K(46968K)->43921K(46968K) NonClass: 38204K(39852K)->38204K(39852K) Class: 5716K(7116K)->5716K(7116K)
[2021-06-21T02:29:49.351-0800][gc           ] GC(133) Pause Young (Normal) (G1 Evacuation Pause) 200M->151M(1024M) 48.690ms
[2021-06-21T02:29:49.351-0800][gc,cpu       ] GC(133) User=0.10s Sys=0.12s Real=0.05s
[2021-06-21T05:45:23.228-0800][gc,start     ] GC(134) Pause Young (Normal) (G1 Evacuation Pause)
[2021-06-21T05:45:23.229-0800][gc,task      ] GC(134) Using 8 workers of 8 for evacuation
[2021-06-21T05:45:23.252-0800][gc,mmu       ] GC(134) MMU target violated: 21.0ms (20.0ms/21.0ms)
[2021-06-21T05:45:23.252-0800][gc,phases    ] GC(134)   Pre Evacuate Collection Set: 5.3ms
[2021-06-21T05:45:23.252-0800][gc,phases    ] GC(134)   Merge Heap Roots: 1.0ms
[2021-06-21T05:45:23.252-0800][gc,phases    ] GC(134)   Evacuate Collection Set: 13.7ms
[2021-06-21T05:45:23.252-0800][gc,phases    ] GC(134)   Post Evacuate Collection Set: 2.3ms
[2021-06-21T05:45:23.252-0800][gc,phases    ] GC(134)   Other: 2.3ms
[2021-06-21T05:45:23.252-0800][gc,heap      ] GC(134) Eden regions: 48->0(48)
[2021-06-21T05:45:23.252-0800][gc,heap      ] GC(134) Survivor regions: 3->3(7)
[2021-06-21T05:45:23.252-0800][gc,heap      ] GC(134) Old regions: 20->20
[2021-06-21T05:45:23.252-0800][gc,heap      ] GC(134) Archive regions: 2->2
[2021-06-21T05:45:23.252-0800][gc,heap      ] GC(134) Humongous regions: 129->129
[2021-06-21T05:45:23.252-0800][gc,metaspace ] GC(134) Metaspace: 43961K(46968K)->43961K(46968K) NonClass: 38244K(39852K)->38244K(39852K) Class: 5716K(7116K)->5716K(7116K)
[2021-06-21T05:45:23.252-0800][gc           ] GC(134) Pause Young (Normal) (G1 Evacuation Pause) 199M->151M(1024M) 24.152ms
[2021-06-21T05:45:23.252-0800][gc,cpu       ] GC(134) User=0.02s Sys=0.05s Real=0.03s
[2021-06-21T08:42:19.492-0800][gc,start     ] GC(135) Pause Young (Normal) (G1 Evacuation Pause)
[2021-06-21T08:42:19.495-0800][gc,task      ] GC(135) Using 8 workers of 8 for evacuation
[2021-06-21T08:42:19.593-0800][gc,mmu       ] GC(135) MMU target violated: 21.0ms (20.0ms/21.0ms)
[2021-06-21T08:42:19.593-0800][gc,phases    ] GC(135)   Pre Evacuate Collection Set: 8.0ms
[2021-06-21T08:42:19.593-0800][gc,phases    ] GC(135)   Merge Heap Roots: 1.6ms
[2021-06-21T08:42:19.593-0800][gc,phases    ] GC(135)   Evacuate Collection Set: 82.3ms
[2021-06-21T08:42:19.593-0800][gc,phases    ] GC(135)   Post Evacuate Collection Set: 2.3ms
[2021-06-21T08:42:19.593-0800][gc,phases    ] GC(135)   Other: 7.7ms
[2021-06-21T08:42:19.593-0800][gc,heap      ] GC(135) Eden regions: 48->0(47)
[2021-06-21T08:42:19.593-0800][gc,heap      ] GC(135) Survivor regions: 3->4(7)
[2021-06-21T08:42:19.593-0800][gc,heap      ] GC(135) Old regions: 20->20
[2021-06-21T08:42:19.593-0800][gc,heap      ] GC(135) Archive regions: 2->2
[2021-06-21T08:42:19.593-0800][gc,heap      ] GC(135) Humongous regions: 129->129
[2021-06-21T08:42:19.593-0800][gc,metaspace ] GC(135) Metaspace: 43969K(46968K)->43969K(46968K) NonClass: 38252K(39852K)->38252K(39852K) Class: 5716K(7116K)->5716K(7116K)
[2021-06-21T08:42:19.594-0800][gc           ] GC(135) Pause Young (Normal) (G1 Evacuation Pause) 199M->152M(1024M) 101.924ms
[2021-06-21T08:42:19.594-0800][gc,cpu       ] GC(135) User=0.05s Sys=0.19s Real=0.10s
[2021-06-21T08:58:11.792-0800][gc,start     ] GC(136) Pause Young (Normal) (G1 Evacuation Pause)
[2021-06-21T08:58:11.793-0800][gc,task      ] GC(136) Using 8 workers of 8 for evacuation
[2021-06-21T08:58:11.849-0800][gc,mmu       ] GC(136) MMU target violated: 21.0ms (20.0ms/21.0ms)
[2021-06-21T08:58:11.849-0800][gc,phases    ] GC(136)   Pre Evacuate Collection Set: 7.6ms
[2021-06-21T08:58:11.849-0800][gc,phases    ] GC(136)   Merge Heap Roots: 0.2ms
[2021-06-21T08:58:11.849-0800][gc,phases    ] GC(136)   Evacuate Collection Set: 46.2ms
[2021-06-21T08:58:11.849-0800][gc,phases    ] GC(136)   Post Evacuate Collection Set: 1.5ms
[2021-06-21T08:58:11.849-0800][gc,phases    ] GC(136)   Other: 1.6ms
[2021-06-21T08:58:11.849-0800][gc,heap      ] GC(136) Eden regions: 47->0(47)
[2021-06-21T08:58:11.849-0800][gc,heap      ] GC(136) Survivor regions: 4->4(7)
[2021-06-21T08:58:11.849-0800][gc,heap      ] GC(136) Old regions: 20->20
[2021-06-21T08:58:11.849-0800][gc,heap      ] GC(136) Archive regions: 2->2
[2021-06-21T08:58:11.849-0800][gc,heap      ] GC(136) Humongous regions: 129->129
[2021-06-21T08:58:11.849-0800][gc,metaspace ] GC(136) Metaspace: 43969K(46968K)->43969K(46968K) NonClass: 38252K(39852K)->38252K(39852K) Class: 5716K(7116K)->5716K(7116K)
[2021-06-21T08:58:11.849-0800][gc           ] GC(136) Pause Young (Normal) (G1 Evacuation Pause) 199M->152M(1024M) 56.674ms
[2021-06-21T08:58:11.849-0800][gc,cpu       ] GC(136) User=0.04s Sys=0.12s Real=0.05s
[2021-06-21T09:13:02.515-0800][gc,start     ] GC(137) Pause Young (Normal) (G1 Evacuation Pause)
[2021-06-21T09:13:02.517-0800][gc,task      ] GC(137) Using 8 workers of 8 for evacuation
[2021-06-21T09:13:02.611-0800][gc,mmu       ] GC(137) MMU target violated: 21.0ms (20.0ms/21.0ms)
[2021-06-21T09:13:02.611-0800][gc,phases    ] GC(137)   Pre Evacuate Collection Set: 6.4ms
[2021-06-21T09:13:02.611-0800][gc,phases    ] GC(137)   Merge Heap Roots: 0.2ms
[2021-06-21T09:13:02.611-0800][gc,phases    ] GC(137)   Evacuate Collection Set: 81.9ms
[2021-06-21T09:13:02.611-0800][gc,phases    ] GC(137)   Post Evacuate Collection Set: 3.7ms
[2021-06-21T09:13:02.611-0800][gc,phases    ] GC(137)   Other: 3.3ms
[2021-06-21T09:13:02.611-0800][gc,heap      ] GC(137) Eden regions: 47->0(48)
[2021-06-21T09:13:02.611-0800][gc,heap      ] GC(137) Survivor regions: 4->3(7)
[2021-06-21T09:13:02.611-0800][gc,heap      ] GC(137) Old regions: 20->20
[2021-06-21T09:13:02.611-0800][gc,heap      ] GC(137) Archive regions: 2->2
[2021-06-21T09:13:02.611-0800][gc,heap      ] GC(137) Humongous regions: 129->129
[2021-06-21T09:13:02.611-0800][gc,metaspace ] GC(137) Metaspace: 43969K(46968K)->43969K(46968K) NonClass: 38252K(39852K)->38252K(39852K) Class: 5716K(7116K)->5716K(7116K)
[2021-06-21T09:13:02.611-0800][gc           ] GC(137) Pause Young (Normal) (G1 Evacuation Pause) 199M->152M(1024M) 96.064ms
[2021-06-21T09:13:02.611-0800][gc,cpu       ] GC(137) User=0.07s Sys=0.12s Real=0.10s
[2021-06-21T09:29:09.695-0800][gc,start     ] GC(138) Pause Young (Normal) (G1 Evacuation Pause)
[2021-06-21T09:29:09.696-0800][gc,task      ] GC(138) Using 8 workers of 8 for evacuation
[2021-06-21T09:29:09.721-0800][gc,mmu       ] GC(138) MMU target violated: 21.0ms (20.0ms/21.0ms)
[2021-06-21T09:29:09.721-0800][gc,phases    ] GC(138)   Pre Evacuate Collection Set: 3.5ms
[2021-06-21T09:29:09.721-0800][gc,phases    ] GC(138)   Merge Heap Roots: 0.6ms
[2021-06-21T09:29:09.721-0800][gc,phases    ] GC(138)   Evacuate Collection Set: 17.1ms
[2021-06-21T09:29:09.721-0800][gc,phases    ] GC(138)   Post Evacuate Collection Set: 3.1ms
[2021-06-21T09:29:09.721-0800][gc,phases    ] GC(138)   Other: 2.1ms
[2021-06-21T09:29:09.721-0800][gc,heap      ] GC(138) Eden regions: 48->0(48)
[2021-06-21T09:29:09.721-0800][gc,heap      ] GC(138) Survivor regions: 3->3(7)
[2021-06-21T09:29:09.721-0800][gc,heap      ] GC(138) Old regions: 20->20
[2021-06-21T09:29:09.722-0800][gc,heap      ] GC(138) Archive regions: 2->2
[2021-06-21T09:29:09.722-0800][gc,heap      ] GC(138) Humongous regions: 129->129
[2021-06-21T09:29:09.722-0800][gc,metaspace ] GC(138) Metaspace: 43969K(46968K)->43969K(46968K) NonClass: 38252K(39852K)->38252K(39852K) Class: 5716K(7116K)->5716K(7116K)
[2021-06-21T09:29:09.722-0800][gc           ] GC(138) Pause Young (Normal) (G1 Evacuation Pause) 200M->152M(1024M) 26.595ms
[2021-06-21T09:29:09.722-0800][gc,cpu       ] GC(138) User=0.02s Sys=0.07s Real=0.03s
[2021-06-21T09:45:15.173-0800][gc,start     ] GC(139) Pause Young (Normal) (G1 Evacuation Pause)
[2021-06-21T09:45:15.174-0800][gc,task      ] GC(139) Using 8 workers of 8 for evacuation
[2021-06-21T09:45:15.196-0800][gc,mmu       ] GC(139) MMU target violated: 21.0ms (20.0ms/21.0ms)
[2021-06-21T09:45:15.196-0800][gc,phases    ] GC(139)   Pre Evacuate Collection Set: 2.7ms
[2021-06-21T09:45:15.197-0800][gc,phases    ] GC(139)   Merge Heap Roots: 0.7ms
[2021-06-21T09:45:15.197-0800][gc,phases    ] GC(139)   Evacuate Collection Set: 16.0ms
[2021-06-21T09:45:15.197-0800][gc,phases    ] GC(139)   Post Evacuate Collection Set: 1.8ms
[2021-06-21T09:45:15.197-0800][gc,phases    ] GC(139)   Other: 2.7ms
[2021-06-21T09:45:15.197-0800][gc,heap      ] GC(139) Eden regions: 48->0(48)
[2021-06-21T09:45:15.197-0800][gc,heap      ] GC(139) Survivor regions: 3->3(7)
[2021-06-21T09:45:15.197-0800][gc,heap      ] GC(139) Old regions: 20->20
[2021-06-21T09:45:15.197-0800][gc,heap      ] GC(139) Archive regions: 2->2
[2021-06-21T09:45:15.197-0800][gc,heap      ] GC(139) Humongous regions: 129->129
[2021-06-21T09:45:15.197-0800][gc,metaspace ] GC(139) Metaspace: 43969K(46968K)->43969K(46968K) NonClass: 38252K(39852K)->38252K(39852K) Class: 5716K(7116K)->5716K(7116K)
[2021-06-21T09:45:15.197-0800][gc           ] GC(139) Pause Young (Normal) (G1 Evacuation Pause) 200M->152M(1024M) 24.494ms
[2021-06-21T09:45:15.197-0800][gc,cpu       ] GC(139) User=0.02s Sys=0.07s Real=0.02s
[2021-06-21T10:01:27.902-0800][gc,start     ] GC(140) Pause Young (Normal) (G1 Evacuation Pause)
[2021-06-21T10:01:27.902-0800][gc,task      ] GC(140) Using 8 workers of 8 for evacuation
[2021-06-21T10:01:27.912-0800][gc,phases    ] GC(140)   Pre Evacuate Collection Set: 0.1ms
[2021-06-21T10:01:27.912-0800][gc,phases    ] GC(140)   Merge Heap Roots: 0.1ms
[2021-06-21T10:01:27.912-0800][gc,phases    ] GC(140)   Evacuate Collection Set: 7.4ms
[2021-06-21T10:01:27.912-0800][gc,phases    ] GC(140)   Post Evacuate Collection Set: 2.0ms
[2021-06-21T10:01:27.912-0800][gc,phases    ] GC(140)   Other: 0.7ms
[2021-06-21T10:01:27.912-0800][gc,heap      ] GC(140) Eden regions: 48->0(48)
[2021-06-21T10:01:27.912-0800][gc,heap      ] GC(140) Survivor regions: 3->3(7)
[2021-06-21T10:01:27.912-0800][gc,heap      ] GC(140) Old regions: 20->20
[2021-06-21T10:01:27.912-0800][gc,heap      ] GC(140) Archive regions: 2->2
[2021-06-21T10:01:27.912-0800][gc,heap      ] GC(140) Humongous regions: 129->129
[2021-06-21T10:01:27.912-0800][gc,metaspace ] GC(140) Metaspace: 43969K(46968K)->43969K(46968K) NonClass: 38252K(39852K)->38252K(39852K) Class: 5716K(7116K)->5716K(7116K)
[2021-06-21T10:01:27.912-0800][gc           ] GC(140) Pause Young (Normal) (G1 Evacuation Pause) 200M->151M(1024M) 10.531ms
[2021-06-21T10:01:27.912-0800][gc,cpu       ] GC(140) User=0.02s Sys=0.02s Real=0.01s
[2021-06-21T10:16:47.386-0800][gc,start     ] GC(141) Pause Young (Normal) (G1 Evacuation Pause)
[2021-06-21T10:16:47.387-0800][gc,task      ] GC(141) Using 8 workers of 8 for evacuation
[2021-06-21T10:16:47.395-0800][gc,phases    ] GC(141)   Pre Evacuate Collection Set: 1.1ms
[2021-06-21T10:16:47.395-0800][gc,phases    ] GC(141)   Merge Heap Roots: 0.1ms
[2021-06-21T10:16:47.395-0800][gc,phases    ] GC(141)   Evacuate Collection Set: 4.4ms
[2021-06-21T10:16:47.395-0800][gc,phases    ] GC(141)   Post Evacuate Collection Set: 1.7ms
[2021-06-21T10:16:47.395-0800][gc,phases    ] GC(141)   Other: 1.3ms
[2021-06-21T10:16:47.395-0800][gc,heap      ] GC(141) Eden regions: 48->0(48)
[2021-06-21T10:16:47.395-0800][gc,heap      ] GC(141) Survivor regions: 3->3(7)
[2021-06-21T10:16:47.395-0800][gc,heap      ] GC(141) Old regions: 20->20
[2021-06-21T10:16:47.395-0800][gc,heap      ] GC(141) Archive regions: 2->2
[2021-06-21T10:16:47.395-0800][gc,heap      ] GC(141) Humongous regions: 129->129
[2021-06-21T10:16:47.395-0800][gc,metaspace ] GC(141) Metaspace: 43969K(46968K)->43969K(46968K) NonClass: 38252K(39852K)->38252K(39852K) Class: 5716K(7116K)->5716K(7116K)
[2021-06-21T10:16:47.396-0800][gc           ] GC(141) Pause Young (Normal) (G1 Evacuation Pause) 199M->151M(1024M) 9.179ms
[2021-06-21T10:16:47.396-0800][gc,cpu       ] GC(141) User=0.01s Sys=0.01s Real=0.01s
[2021-06-21T10:32:54.378-0800][gc,start     ] GC(142) Pause Young (Normal) (G1 Evacuation Pause)
[2021-06-21T10:32:54.378-0800][gc,task      ] GC(142) Using 8 workers of 8 for evacuation
[2021-06-21T10:32:54.418-0800][gc,mmu       ] GC(142) MMU target violated: 21.0ms (20.0ms/21.0ms)
[2021-06-21T10:32:54.418-0800][gc,phases    ] GC(142)   Pre Evacuate Collection Set: 3.9ms
[2021-06-21T10:32:54.418-0800][gc,phases    ] GC(142)   Merge Heap Roots: 5.1ms
[2021-06-21T10:32:54.418-0800][gc,phases    ] GC(142)   Evacuate Collection Set: 25.0ms
[2021-06-21T10:32:54.418-0800][gc,phases    ] GC(142)   Post Evacuate Collection Set: 5.1ms
[2021-06-21T10:32:54.418-0800][gc,phases    ] GC(142)   Other: 2.4ms
[2021-06-21T10:32:54.418-0800][gc,heap      ] GC(142) Eden regions: 48->0(48)
[2021-06-21T10:32:54.418-0800][gc,heap      ] GC(142) Survivor regions: 3->3(7)
[2021-06-21T10:32:54.418-0800][gc,heap      ] GC(142) Old regions: 20->20
[2021-06-21T10:32:54.418-0800][gc,heap      ] GC(142) Archive regions: 2->2
[2021-06-21T10:32:54.418-0800][gc,heap      ] GC(142) Humongous regions: 129->129
[2021-06-21T10:32:54.418-0800][gc,metaspace ] GC(142) Metaspace: 43969K(46968K)->43969K(46968K) NonClass: 38252K(39852K)->38252K(39852K) Class: 5716K(7116K)->5716K(7116K)
[2021-06-21T10:32:54.418-0800][gc           ] GC(142) Pause Young (Normal) (G1 Evacuation Pause) 199M->151M(1024M) 40.642ms
[2021-06-21T10:32:54.418-0800][gc,cpu       ] GC(142) User=0.02s Sys=0.07s Real=0.04s
[2021-06-21T10:49:00.353-0800][gc,start     ] GC(143) Pause Young (Normal) (G1 Evacuation Pause)
[2021-06-21T10:49:00.354-0800][gc,task      ] GC(143) Using 8 workers of 8 for evacuation
[2021-06-21T10:49:00.388-0800][gc,mmu       ] GC(143) MMU target violated: 21.0ms (20.0ms/21.0ms)
[2021-06-21T10:49:00.388-0800][gc,phases    ] GC(143)   Pre Evacuate Collection Set: 6.9ms
[2021-06-21T10:49:00.388-0800][gc,phases    ] GC(143)   Merge Heap Roots: 0.7ms
[2021-06-21T10:49:00.388-0800][gc,phases    ] GC(143)   Evacuate Collection Set: 23.2ms
[2021-06-21T10:49:00.388-0800][gc,phases    ] GC(143)   Post Evacuate Collection Set: 2.4ms
[2021-06-21T10:49:00.388-0800][gc,phases    ] GC(143)   Other: 1.7ms
[2021-06-21T10:49:00.388-0800][gc,heap      ] GC(143) Eden regions: 48->0(48)
[2021-06-21T10:49:00.388-0800][gc,heap      ] GC(143) Survivor regions: 3->3(7)
[2021-06-21T10:49:00.388-0800][gc,heap      ] GC(143) Old regions: 20->20
[2021-06-21T10:49:00.388-0800][gc,heap      ] GC(143) Archive regions: 2->2
[2021-06-21T10:49:00.388-0800][gc,heap      ] GC(143) Humongous regions: 129->129
[2021-06-21T10:49:00.388-0800][gc,metaspace ] GC(143) Metaspace: 43969K(46968K)->43969K(46968K) NonClass: 38252K(39852K)->38252K(39852K) Class: 5716K(7116K)->5716K(7116K)
[2021-06-21T10:49:00.389-0800][gc           ] GC(143) Pause Young (Normal) (G1 Evacuation Pause) 199M->151M(1024M) 35.495ms
[2021-06-21T10:49:00.389-0800][gc,cpu       ] GC(143) User=0.02s Sys=0.09s Real=0.03s
[2021-06-21T11:05:12.684-0800][gc,start     ] GC(144) Pause Young (Normal) (G1 Evacuation Pause)
[2021-06-21T11:05:12.688-0800][gc,task      ] GC(144) Using 8 workers of 8 for evacuation
[2021-06-21T11:05:12.773-0800][gc,mmu       ] GC(144) MMU target violated: 21.0ms (20.0ms/21.0ms)
[2021-06-21T11:05:12.773-0800][gc,phases    ] GC(144)   Pre Evacuate Collection Set: 3.5ms
[2021-06-21T11:05:12.773-0800][gc,phases    ] GC(144)   Merge Heap Roots: 6.2ms
[2021-06-21T11:05:12.773-0800][gc,phases    ] GC(144)   Evacuate Collection Set: 70.3ms
[2021-06-21T11:05:12.773-0800][gc,phases    ] GC(144)   Post Evacuate Collection Set: 4.3ms
[2021-06-21T11:05:12.773-0800][gc,phases    ] GC(144)   Other: 5.0ms
[2021-06-21T11:05:12.773-0800][gc,heap      ] GC(144) Eden regions: 48->0(47)
[2021-06-21T11:05:12.773-0800][gc,heap      ] GC(144) Survivor regions: 3->4(7)
[2021-06-21T11:05:12.773-0800][gc,heap      ] GC(144) Old regions: 20->20
[2021-06-21T11:05:12.773-0800][gc,heap      ] GC(144) Archive regions: 2->2
[2021-06-21T11:05:12.773-0800][gc,heap      ] GC(144) Humongous regions: 129->129
[2021-06-21T11:05:12.773-0800][gc,metaspace ] GC(144) Metaspace: 43969K(46968K)->43969K(46968K) NonClass: 38252K(39852K)->38252K(39852K) Class: 5716K(7116K)->5716K(7116K)
[2021-06-21T11:05:12.773-0800][gc           ] GC(144) Pause Young (Normal) (G1 Evacuation Pause) 199M->152M(1024M) 88.729ms
[2021-06-21T11:05:12.773-0800][gc,cpu       ] GC(144) User=0.05s Sys=0.10s Real=0.09s
[2021-06-21T11:20:04.841-0800][gc,start     ] GC(145) Pause Young (Normal) (G1 Evacuation Pause)
[2021-06-21T11:20:04.842-0800][gc,task      ] GC(145) Using 8 workers of 8 for evacuation
[2021-06-21T11:20:04.904-0800][gc,mmu       ] GC(145) MMU target violated: 21.0ms (20.0ms/21.0ms)
[2021-06-21T11:20:04.904-0800][gc,phases    ] GC(145)   Pre Evacuate Collection Set: 8.0ms
[2021-06-21T11:20:04.904-0800][gc,phases    ] GC(145)   Merge Heap Roots: 2.4ms
[2021-06-21T11:20:04.904-0800][gc,phases    ] GC(145)   Evacuate Collection Set: 41.4ms
[2021-06-21T11:20:04.904-0800][gc,phases    ] GC(145)   Post Evacuate Collection Set: 8.2ms
[2021-06-21T11:20:04.904-0800][gc,phases    ] GC(145)   Other: 2.7ms
[2021-06-21T11:20:04.904-0800][gc,heap      ] GC(145) Eden regions: 47->0(47)
[2021-06-21T11:20:04.904-0800][gc,heap      ] GC(145) Survivor regions: 4->4(7)
[2021-06-21T11:20:04.904-0800][gc,heap      ] GC(145) Old regions: 20->20
[2021-06-21T11:20:04.904-0800][gc,heap      ] GC(145) Archive regions: 2->2
[2021-06-21T11:20:04.904-0800][gc,heap      ] GC(145) Humongous regions: 129->129
[2021-06-21T11:20:04.904-0800][gc,metaspace ] GC(145) Metaspace: 43969K(46968K)->43969K(46968K) NonClass: 38252K(39852K)->38252K(39852K) Class: 5716K(7116K)->5716K(7116K)
[2021-06-21T11:20:04.904-0800][gc           ] GC(145) Pause Young (Normal) (G1 Evacuation Pause) 199M->152M(1024M) 63.437ms
[2021-06-21T11:20:04.904-0800][gc,cpu       ] GC(145) User=0.02s Sys=0.10s Real=0.06s
[2021-06-21T11:35:49.193-0800][gc,start     ] GC(146) Pause Young (Normal) (G1 Evacuation Pause)
[2021-06-21T11:35:49.197-0800][gc,task      ] GC(146) Using 8 workers of 8 for evacuation
[2021-06-21T11:35:49.234-0800][gc,mmu       ] GC(146) MMU target violated: 21.0ms (20.0ms/21.0ms)
[2021-06-21T11:35:49.235-0800][gc,phases    ] GC(146)   Pre Evacuate Collection Set: 4.0ms
[2021-06-21T11:35:49.235-0800][gc,phases    ] GC(146)   Merge Heap Roots: 0.8ms
[2021-06-21T11:35:49.235-0800][gc,phases    ] GC(146)   Evacuate Collection Set: 27.9ms
[2021-06-21T11:35:49.235-0800][gc,phases    ] GC(146)   Post Evacuate Collection Set: 4.1ms
[2021-06-21T11:35:49.235-0800][gc,phases    ] GC(146)   Other: 5.0ms
[2021-06-21T11:35:49.235-0800][gc,heap      ] GC(146) Eden regions: 47->0(48)
[2021-06-21T11:35:49.235-0800][gc,heap      ] GC(146) Survivor regions: 4->3(7)
[2021-06-21T11:35:49.235-0800][gc,heap      ] GC(146) Old regions: 20->20
[2021-06-21T11:35:49.235-0800][gc,heap      ] GC(146) Archive regions: 2->2
[2021-06-21T11:35:49.235-0800][gc,heap      ] GC(146) Humongous regions: 129->129
[2021-06-21T11:35:49.235-0800][gc,metaspace ] GC(146) Metaspace: 43969K(46968K)->43969K(46968K) NonClass: 38252K(39852K)->38252K(39852K) Class: 5716K(7116K)->5716K(7116K)
[2021-06-21T11:35:49.235-0800][gc           ] GC(146) Pause Young (Normal) (G1 Evacuation Pause) 199M->152M(1024M) 41.958ms
[2021-06-21T11:35:49.235-0800][gc,cpu       ] GC(146) User=0.03s Sys=0.07s Real=0.04s
[2021-06-21T11:51:52.632-0800][gc,start     ] GC(147) Pause Young (Normal) (G1 Evacuation Pause)
[2021-06-21T11:51:52.638-0800][gc,task      ] GC(147) Using 8 workers of 8 for evacuation
[2021-06-21T11:51:52.677-0800][gc,mmu       ] GC(147) MMU target violated: 21.0ms (20.0ms/21.0ms)
[2021-06-21T11:51:52.677-0800][gc,phases    ] GC(147)   Pre Evacuate Collection Set: 2.6ms
[2021-06-21T11:51:52.677-0800][gc,phases    ] GC(147)   Merge Heap Roots: 1.3ms
[2021-06-21T11:51:52.677-0800][gc,phases    ] GC(147)   Evacuate Collection Set: 31.9ms
[2021-06-21T11:51:52.677-0800][gc,phases    ] GC(147)   Post Evacuate Collection Set: 1.8ms
[2021-06-21T11:51:52.677-0800][gc,phases    ] GC(147)   Other: 7.5ms
[2021-06-21T11:51:52.677-0800][gc,heap      ] GC(147) Eden regions: 48->0(48)
[2021-06-21T11:51:52.677-0800][gc,heap      ] GC(147) Survivor regions: 3->3(7)
[2021-06-21T11:51:52.677-0800][gc,heap      ] GC(147) Old regions: 20->20
[2021-06-21T11:51:52.677-0800][gc,heap      ] GC(147) Archive regions: 2->2
[2021-06-21T11:51:52.677-0800][gc,heap      ] GC(147) Humongous regions: 129->129
[2021-06-21T11:51:52.677-0800][gc,metaspace ] GC(147) Metaspace: 43969K(46968K)->43969K(46968K) NonClass: 38252K(39852K)->38252K(39852K) Class: 5716K(7116K)->5716K(7116K)
[2021-06-21T11:51:52.678-0800][gc           ] GC(147) Pause Young (Normal) (G1 Evacuation Pause) 200M->152M(1024M) 45.705ms
[2021-06-21T11:51:52.678-0800][gc,cpu       ] GC(147) User=0.01s Sys=0.07s Real=0.04s
[2021-06-21T12:07:59.970-0800][gc,start     ] GC(148) Pause Young (Normal) (G1 Evacuation Pause)
[2021-06-21T12:07:59.970-0800][gc,task      ] GC(148) Using 8 workers of 8 for evacuation
[2021-06-21T12:08:00.002-0800][gc,mmu       ] GC(148) MMU target violated: 21.0ms (20.0ms/21.0ms)
[2021-06-21T12:08:00.002-0800][gc,phases    ] GC(148)   Pre Evacuate Collection Set: 6.0ms
[2021-06-21T12:08:00.002-0800][gc,phases    ] GC(148)   Merge Heap Roots: 1.8ms
[2021-06-21T12:08:00.002-0800][gc,phases    ] GC(148)   Evacuate Collection Set: 20.0ms
[2021-06-21T12:08:00.002-0800][gc,phases    ] GC(148)   Post Evacuate Collection Set: 2.3ms
[2021-06-21T12:08:00.002-0800][gc,phases    ] GC(148)   Other: 2.7ms
[2021-06-21T12:08:00.002-0800][gc,heap      ] GC(148) Eden regions: 48->0(48)
[2021-06-21T12:08:00.002-0800][gc,heap      ] GC(148) Survivor regions: 3->3(7)
[2021-06-21T12:08:00.002-0800][gc,heap      ] GC(148) Old regions: 20->20
[2021-06-21T12:08:00.002-0800][gc,heap      ] GC(148) Archive regions: 2->2
[2021-06-21T12:08:00.002-0800][gc,heap      ] GC(148) Humongous regions: 129->129
[2021-06-21T12:08:00.002-0800][gc,metaspace ] GC(148) Metaspace: 43969K(46968K)->43969K(46968K) NonClass: 38252K(39852K)->38252K(39852K) Class: 5716K(7116K)->5716K(7116K)
[2021-06-21T12:08:00.002-0800][gc           ] GC(148) Pause Young (Normal) (G1 Evacuation Pause) 200M->152M(1024M) 32.569ms
[2021-06-21T12:08:00.002-0800][gc,cpu       ] GC(148) User=0.02s Sys=0.06s Real=0.03s
[2021-06-21T12:23:14.818-0800][gc,start     ] GC(149) Pause Young (Normal) (G1 Evacuation Pause)
[2021-06-21T12:23:14.819-0800][gc,task      ] GC(149) Using 8 workers of 8 for evacuation
[2021-06-21T12:23:14.829-0800][gc,phases    ] GC(149)   Pre Evacuate Collection Set: 0.7ms
[2021-06-21T12:23:14.829-0800][gc,phases    ] GC(149)   Merge Heap Roots: 0.1ms
[2021-06-21T12:23:14.829-0800][gc,phases    ] GC(149)   Evacuate Collection Set: 5.7ms
[2021-06-21T12:23:14.829-0800][gc,phases    ] GC(149)   Post Evacuate Collection Set: 3.7ms
[2021-06-21T12:23:14.829-0800][gc,phases    ] GC(149)   Other: 1.3ms
[2021-06-21T12:23:14.829-0800][gc,heap      ] GC(149) Eden regions: 48->0(48)
[2021-06-21T12:23:14.829-0800][gc,heap      ] GC(149) Survivor regions: 3->3(7)
[2021-06-21T12:23:14.829-0800][gc,heap      ] GC(149) Old regions: 20->20
[2021-06-21T12:23:14.829-0800][gc,heap      ] GC(149) Archive regions: 2->2
[2021-06-21T12:23:14.829-0800][gc,heap      ] GC(149) Humongous regions: 129->129
[2021-06-21T12:23:14.829-0800][gc,metaspace ] GC(149) Metaspace: 43969K(46968K)->43969K(46968K) NonClass: 38252K(39852K)->38252K(39852K) Class: 5716K(7116K)->5716K(7116K)
[2021-06-21T12:23:14.830-0800][gc           ] GC(149) Pause Young (Normal) (G1 Evacuation Pause) 200M->151M(1024M) 12.216ms
[2021-06-21T12:23:14.830-0800][gc,cpu       ] GC(149) User=0.01s Sys=0.02s Real=0.02s
[2021-06-21T12:39:14.781-0800][gc,start     ] GC(150) Pause Young (Normal) (G1 Evacuation Pause)
[2021-06-21T12:39:14.781-0800][gc,task      ] GC(150) Using 8 workers of 8 for evacuation
[2021-06-21T12:39:14.807-0800][gc,mmu       ] GC(150) MMU target violated: 21.0ms (20.0ms/21.0ms)
[2021-06-21T12:39:14.807-0800][gc,phases    ] GC(150)   Pre Evacuate Collection Set: 3.0ms
[2021-06-21T12:39:14.807-0800][gc,phases    ] GC(150)   Merge Heap Roots: 0.3ms
[2021-06-21T12:39:14.807-0800][gc,phases    ] GC(150)   Evacuate Collection Set: 18.7ms
[2021-06-21T12:39:14.807-0800][gc,phases    ] GC(150)   Post Evacuate Collection Set: 2.8ms
[2021-06-21T12:39:14.807-0800][gc,phases    ] GC(150)   Other: 1.9ms
[2021-06-21T12:39:14.807-0800][gc,heap      ] GC(150) Eden regions: 48->0(48)
[2021-06-21T12:39:14.807-0800][gc,heap      ] GC(150) Survivor regions: 3->3(7)
[2021-06-21T12:39:14.807-0800][gc,heap      ] GC(150) Old regions: 20->20
[2021-06-21T12:39:14.807-0800][gc,heap      ] GC(150) Archive regions: 2->2
[2021-06-21T12:39:14.807-0800][gc,heap      ] GC(150) Humongous regions: 129->129
[2021-06-21T12:39:14.807-0800][gc,metaspace ] GC(150) Metaspace: 43969K(46968K)->43969K(46968K) NonClass: 38252K(39852K)->38252K(39852K) Class: 5716K(7116K)->5716K(7116K)
[2021-06-21T12:39:14.807-0800][gc           ] GC(150) Pause Young (Normal) (G1 Evacuation Pause) 199M->151M(1024M) 26.795ms
[2021-06-21T12:39:14.807-0800][gc,cpu       ] GC(150) User=0.02s Sys=0.06s Real=0.02s
[2021-06-21T12:55:17.971-0800][gc,start     ] GC(151) Pause Young (Normal) (G1 Evacuation Pause)
[2021-06-21T12:55:17.977-0800][gc,task      ] GC(151) Using 8 workers of 8 for evacuation
[2021-06-21T12:55:18.032-0800][gc,mmu       ] GC(151) MMU target violated: 21.0ms (20.0ms/21.0ms)
[2021-06-21T12:55:18.032-0800][gc,phases    ] GC(151)   Pre Evacuate Collection Set: 8.9ms
[2021-06-21T12:55:18.032-0800][gc,phases    ] GC(151)   Merge Heap Roots: 1.0ms
[2021-06-21T12:55:18.032-0800][gc,phases    ] GC(151)   Evacuate Collection Set: 40.6ms
[2021-06-21T12:55:18.032-0800][gc,phases    ] GC(151)   Post Evacuate Collection Set: 3.3ms
[2021-06-21T12:55:18.032-0800][gc,phases    ] GC(151)   Other: 7.3ms
[2021-06-21T12:55:18.032-0800][gc,heap      ] GC(151) Eden regions: 48->0(48)
[2021-06-21T12:55:18.032-0800][gc,heap      ] GC(151) Survivor regions: 3->3(7)
[2021-06-21T12:55:18.032-0800][gc,heap      ] GC(151) Old regions: 20->20
[2021-06-21T12:55:18.032-0800][gc,heap      ] GC(151) Archive regions: 2->2
[2021-06-21T12:55:18.032-0800][gc,heap      ] GC(151) Humongous regions: 129->129
[2021-06-21T12:55:18.032-0800][gc,metaspace ] GC(151) Metaspace: 43969K(46968K)->43969K(46968K) NonClass: 38252K(39852K)->38252K(39852K) Class: 5716K(7116K)->5716K(7116K)
[2021-06-21T12:55:18.033-0800][gc           ] GC(151) Pause Young (Normal) (G1 Evacuation Pause) 199M->151M(1024M) 61.702ms
[2021-06-21T12:55:18.033-0800][gc,cpu       ] GC(151) User=0.03s Sys=0.07s Real=0.06s
[2021-06-21T13:10:59.607-0800][gc,start     ] GC(152) Pause Young (Normal) (G1 Evacuation Pause)
[2021-06-21T13:10:59.608-0800][gc,task      ] GC(152) Using 8 workers of 8 for evacuation
[2021-06-21T13:10:59.639-0800][gc,mmu       ] GC(152) MMU target violated: 21.0ms (20.0ms/21.0ms)
[2021-06-21T13:10:59.639-0800][gc,phases    ] GC(152)   Pre Evacuate Collection Set: 5.7ms
[2021-06-21T13:10:59.639-0800][gc,phases    ] GC(152)   Merge Heap Roots: 0.1ms
[2021-06-21T13:10:59.639-0800][gc,phases    ] GC(152)   Evacuate Collection Set: 24.7ms
[2021-06-21T13:10:59.639-0800][gc,phases    ] GC(152)   Post Evacuate Collection Set: 0.9ms
[2021-06-21T13:10:59.639-0800][gc,phases    ] GC(152)   Other: 1.6ms
[2021-06-21T13:10:59.639-0800][gc,heap      ] GC(152) Eden regions: 48->0(47)
[2021-06-21T13:10:59.639-0800][gc,heap      ] GC(152) Survivor regions: 3->4(7)
[2021-06-21T13:10:59.639-0800][gc,heap      ] GC(152) Old regions: 20->20
[2021-06-21T13:10:59.639-0800][gc,heap      ] GC(152) Archive regions: 2->2
[2021-06-21T13:10:59.639-0800][gc,heap      ] GC(152) Humongous regions: 129->129
[2021-06-21T13:10:59.639-0800][gc,metaspace ] GC(152) Metaspace: 43970K(46968K)->43970K(46968K) NonClass: 38253K(39852K)->38253K(39852K) Class: 5716K(7116K)->5716K(7116K)
[2021-06-21T13:10:59.639-0800][gc           ] GC(152) Pause Young (Normal) (G1 Evacuation Pause) 199M->152M(1024M) 32.627ms
[2021-06-21T13:10:59.639-0800][gc,cpu       ] GC(152) User=0.02s Sys=0.05s Real=0.03s
[2021-06-21T13:26:17.693-0800][gc,start     ] GC(153) Pause Young (Normal) (G1 Evacuation Pause)
[2021-06-21T13:26:17.695-0800][gc,task      ] GC(153) Using 8 workers of 8 for evacuation
[2021-06-21T13:26:17.774-0800][gc,mmu       ] GC(153) MMU target violated: 21.0ms (20.0ms/21.0ms)
[2021-06-21T13:26:17.774-0800][gc,phases    ] GC(153)   Pre Evacuate Collection Set: 28.4ms
[2021-06-21T13:26:17.774-0800][gc,phases    ] GC(153)   Merge Heap Roots: 5.0ms
[2021-06-21T13:26:17.774-0800][gc,phases    ] GC(153)   Evacuate Collection Set: 37.6ms
[2021-06-21T13:26:17.774-0800][gc,phases    ] GC(153)   Post Evacuate Collection Set: 5.3ms
[2021-06-21T13:26:17.774-0800][gc,phases    ] GC(153)   Other: 5.5ms
[2021-06-21T13:26:17.774-0800][gc,heap      ] GC(153) Eden regions: 47->0(47)
[2021-06-21T13:26:17.774-0800][gc,heap      ] GC(153) Survivor regions: 4->4(7)
[2021-06-21T13:26:17.774-0800][gc,heap      ] GC(153) Old regions: 20->20
[2021-06-21T13:26:17.774-0800][gc,heap      ] GC(153) Archive regions: 2->2
[2021-06-21T13:26:17.774-0800][gc,heap      ] GC(153) Humongous regions: 129->129
[2021-06-21T13:26:17.774-0800][gc,metaspace ] GC(153) Metaspace: 43970K(46968K)->43970K(46968K) NonClass: 38253K(39852K)->38253K(39852K) Class: 5716K(7116K)->5716K(7116K)
[2021-06-21T13:26:17.775-0800][gc           ] GC(153) Pause Young (Normal) (G1 Evacuation Pause) 199M->152M(1024M) 81.819ms
[2021-06-21T13:26:17.775-0800][gc,cpu       ] GC(153) User=0.03s Sys=0.08s Real=0.08s
[2021-06-21T13:42:00.077-0800][gc,start     ] GC(154) Pause Young (Normal) (G1 Evacuation Pause)
[2021-06-21T13:42:00.078-0800][gc,task      ] GC(154) Using 8 workers of 8 for evacuation
[2021-06-21T13:42:00.093-0800][gc,phases    ] GC(154)   Pre Evacuate Collection Set: 0.2ms
[2021-06-21T13:42:00.093-0800][gc,phases    ] GC(154)   Merge Heap Roots: 0.0ms
[2021-06-21T13:42:00.093-0800][gc,phases    ] GC(154)   Evacuate Collection Set: 14.5ms
[2021-06-21T13:42:00.093-0800][gc,phases    ] GC(154)   Post Evacuate Collection Set: 0.9ms
[2021-06-21T13:42:00.093-0800][gc,phases    ] GC(154)   Other: 1.2ms
[2021-06-21T13:42:00.093-0800][gc,heap      ] GC(154) Eden regions: 47->0(48)
[2021-06-21T13:42:00.093-0800][gc,heap      ] GC(154) Survivor regions: 4->3(7)
[2021-06-21T13:42:00.093-0800][gc,heap      ] GC(154) Old regions: 20->20
[2021-06-21T13:42:00.093-0800][gc,heap      ] GC(154) Archive regions: 2->2
[2021-06-21T13:42:00.093-0800][gc,heap      ] GC(154) Humongous regions: 129->129
[2021-06-21T13:42:00.093-0800][gc,metaspace ] GC(154) Metaspace: 43970K(46968K)->43970K(46968K) NonClass: 38253K(39852K)->38253K(39852K) Class: 5716K(7116K)->5716K(7116K)
[2021-06-21T13:42:00.094-0800][gc           ] GC(154) Pause Young (Normal) (G1 Evacuation Pause) 199M->152M(1024M) 16.908ms
[2021-06-21T13:42:00.094-0800][gc,cpu       ] GC(154) User=0.01s Sys=0.02s Real=0.02s
[2021-06-21T13:58:17.557-0800][gc,start     ] GC(155) Pause Young (Normal) (G1 Evacuation Pause)
[2021-06-21T13:58:17.558-0800][gc,task      ] GC(155) Using 8 workers of 8 for evacuation
[2021-06-21T13:58:17.606-0800][gc,mmu       ] GC(155) MMU target violated: 21.0ms (20.0ms/21.0ms)
[2021-06-21T13:58:17.606-0800][gc,phases    ] GC(155)   Pre Evacuate Collection Set: 4.8ms
[2021-06-21T13:58:17.606-0800][gc,phases    ] GC(155)   Merge Heap Roots: 2.5ms
[2021-06-21T13:58:17.606-0800][gc,phases    ] GC(155)   Evacuate Collection Set: 37.0ms
[2021-06-21T13:58:17.606-0800][gc,phases    ] GC(155)   Post Evacuate Collection Set: 1.4ms
[2021-06-21T13:58:17.606-0800][gc,phases    ] GC(155)   Other: 3.4ms
[2021-06-21T13:58:17.606-0800][gc,heap      ] GC(155) Eden regions: 48->0(48)
[2021-06-21T13:58:17.606-0800][gc,heap      ] GC(155) Survivor regions: 3->3(7)
[2021-06-21T13:58:17.606-0800][gc,heap      ] GC(155) Old regions: 20->20
[2021-06-21T13:58:17.606-0800][gc,heap      ] GC(155) Archive regions: 2->2
[2021-06-21T13:58:17.606-0800][gc,heap      ] GC(155) Humongous regions: 129->129
[2021-06-21T13:58:17.606-0800][gc,metaspace ] GC(155) Metaspace: 43970K(46968K)->43970K(46968K) NonClass: 38253K(39852K)->38253K(39852K) Class: 5716K(7116K)->5716K(7116K)
[2021-06-21T13:58:17.606-0800][gc           ] GC(155) Pause Young (Normal) (G1 Evacuation Pause) 200M->152M(1024M) 49.686ms
[2021-06-21T13:58:17.606-0800][gc,cpu       ] GC(155) User=0.03s Sys=0.11s Real=0.05s
[2021-06-21T14:13:30.115-0800][gc,start     ] GC(156) Pause Young (Normal) (G1 Evacuation Pause)
[2021-06-21T14:13:30.116-0800][gc,task      ] GC(156) Using 8 workers of 8 for evacuation
[2021-06-21T14:13:30.174-0800][gc,mmu       ] GC(156) MMU target violated: 21.0ms (20.0ms/21.0ms)
[2021-06-21T14:13:30.174-0800][gc,phases    ] GC(156)   Pre Evacuate Collection Set: 9.2ms
[2021-06-21T14:13:30.174-0800][gc,phases    ] GC(156)   Merge Heap Roots: 1.2ms
[2021-06-21T14:13:30.174-0800][gc,phases    ] GC(156)   Evacuate Collection Set: 41.6ms
[2021-06-21T14:13:30.174-0800][gc,phases    ] GC(156)   Post Evacuate Collection Set: 4.5ms
[2021-06-21T14:13:30.174-0800][gc,phases    ] GC(156)   Other: 3.6ms
[2021-06-21T14:13:30.174-0800][gc,heap      ] GC(156) Eden regions: 48->0(48)
[2021-06-21T14:13:30.174-0800][gc,heap      ] GC(156) Survivor regions: 3->3(7)
[2021-06-21T14:13:30.174-0800][gc,heap      ] GC(156) Old regions: 20->20
[2021-06-21T14:13:30.174-0800][gc,heap      ] GC(156) Archive regions: 2->2
[2021-06-21T14:13:30.174-0800][gc,heap      ] GC(156) Humongous regions: 129->129
[2021-06-21T14:13:30.174-0800][gc,metaspace ] GC(156) Metaspace: 43970K(46968K)->43970K(46968K) NonClass: 38253K(39852K)->38253K(39852K) Class: 5716K(7116K)->5716K(7116K)
[2021-06-21T14:13:30.174-0800][gc           ] GC(156) Pause Young (Normal) (G1 Evacuation Pause) 200M->151M(1024M) 59.701ms
[2021-06-21T14:13:30.174-0800][gc,cpu       ] GC(156) User=0.04s Sys=0.10s Real=0.06s
[2021-06-21T14:29:40.126-0800][gc,start     ] GC(157) Pause Young (Normal) (G1 Evacuation Pause)
[2021-06-21T14:29:40.128-0800][gc,task      ] GC(157) Using 8 workers of 8 for evacuation
[2021-06-21T14:29:40.182-0800][gc,mmu       ] GC(157) MMU target violated: 21.0ms (20.0ms/21.0ms)
[2021-06-21T14:29:40.182-0800][gc,phases    ] GC(157)   Pre Evacuate Collection Set: 10.1ms
[2021-06-21T14:29:40.182-0800][gc,phases    ] GC(157)   Merge Heap Roots: 1.8ms
[2021-06-21T14:29:40.182-0800][gc,phases    ] GC(157)   Evacuate Collection Set: 36.4ms
[2021-06-21T14:29:40.182-0800][gc,phases    ] GC(157)   Post Evacuate Collection Set: 3.2ms
[2021-06-21T14:29:40.182-0800][gc,phases    ] GC(157)   Other: 4.6ms
[2021-06-21T14:29:40.182-0800][gc,heap      ] GC(157) Eden regions: 48->0(48)
[2021-06-21T14:29:40.182-0800][gc,heap      ] GC(157) Survivor regions: 3->3(7)
[2021-06-21T14:29:40.182-0800][gc,heap      ] GC(157) Old regions: 20->20
[2021-06-21T14:29:40.182-0800][gc,heap      ] GC(157) Archive regions: 2->2
[2021-06-21T14:29:40.182-0800][gc,heap      ] GC(157) Humongous regions: 129->129
[2021-06-21T14:29:40.182-0800][gc,metaspace ] GC(157) Metaspace: 43970K(46968K)->43970K(46968K) NonClass: 38253K(39852K)->38253K(39852K) Class: 5716K(7116K)->5716K(7116K)
[2021-06-21T14:29:40.183-0800][gc           ] GC(157) Pause Young (Normal) (G1 Evacuation Pause) 199M->151M(1024M) 56.635ms
[2021-06-21T14:29:40.183-0800][gc,cpu       ] GC(157) User=0.03s Sys=0.12s Real=0.06s
[2021-06-21T14:45:46.263-0800][gc,start     ] GC(158) Pause Young (Normal) (G1 Evacuation Pause)
[2021-06-21T14:45:46.267-0800][gc,task      ] GC(158) Using 8 workers of 8 for evacuation
[2021-06-21T14:45:46.365-0800][gc,mmu       ] GC(158) MMU target violated: 21.0ms (20.0ms/21.0ms)
[2021-06-21T14:45:46.366-0800][gc,phases    ] GC(158)   Pre Evacuate Collection Set: 17.0ms
[2021-06-21T14:45:46.366-0800][gc,phases    ] GC(158)   Merge Heap Roots: 1.4ms
[2021-06-21T14:45:46.366-0800][gc,phases    ] GC(158)   Evacuate Collection Set: 76.0ms
[2021-06-21T14:45:46.366-0800][gc,phases    ] GC(158)   Post Evacuate Collection Set: 2.9ms
[2021-06-21T14:45:46.366-0800][gc,phases    ] GC(158)   Other: 6.4ms
[2021-06-21T14:45:46.366-0800][gc,heap      ] GC(158) Eden regions: 48->0(48)
[2021-06-21T14:45:46.366-0800][gc,heap      ] GC(158) Survivor regions: 3->3(7)
[2021-06-21T14:45:46.366-0800][gc,heap      ] GC(158) Old regions: 20->20
[2021-06-21T14:45:46.366-0800][gc,heap      ] GC(158) Archive regions: 2->2
[2021-06-21T14:45:46.366-0800][gc,heap      ] GC(158) Humongous regions: 129->129
[2021-06-21T14:45:46.366-0800][gc,metaspace ] GC(158) Metaspace: 43970K(46968K)->43970K(46968K) NonClass: 38253K(39852K)->38253K(39852K) Class: 5716K(7116K)->5716K(7116K)
[2021-06-21T14:45:46.366-0800][gc           ] GC(158) Pause Young (Normal) (G1 Evacuation Pause) 199M->151M(1024M) 103.168ms
[2021-06-21T14:45:46.366-0800][gc,cpu       ] GC(158) User=0.05s Sys=0.11s Real=0.10s
[2021-06-21T15:01:55.250-0800][gc,start     ] GC(159) Pause Young (Normal) (G1 Evacuation Pause)
[2021-06-21T15:01:55.252-0800][gc,task      ] GC(159) Using 8 workers of 8 for evacuation
[2021-06-21T15:01:55.296-0800][gc,mmu       ] GC(159) MMU target violated: 21.0ms (20.0ms/21.0ms)
[2021-06-21T15:01:55.296-0800][gc,phases    ] GC(159)   Pre Evacuate Collection Set: 5.0ms
[2021-06-21T15:01:55.296-0800][gc,phases    ] GC(159)   Merge Heap Roots: 0.7ms
[2021-06-21T15:01:55.296-0800][gc,phases    ] GC(159)   Evacuate Collection Set: 35.1ms
[2021-06-21T15:01:55.296-0800][gc,phases    ] GC(159)   Post Evacuate Collection Set: 2.9ms
[2021-06-21T15:01:55.296-0800][gc,phases    ] GC(159)   Other: 2.9ms
[2021-06-21T15:01:55.296-0800][gc,heap      ] GC(159) Eden regions: 48->0(48)
[2021-06-21T15:01:55.296-0800][gc,heap      ] GC(159) Survivor regions: 3->3(7)
[2021-06-21T15:01:55.296-0800][gc,heap      ] GC(159) Old regions: 20->20
[2021-06-21T15:01:55.296-0800][gc,heap      ] GC(159) Archive regions: 2->2
[2021-06-21T15:01:55.297-0800][gc,heap      ] GC(159) Humongous regions: 129->129
[2021-06-21T15:01:55.297-0800][gc,metaspace ] GC(159) Metaspace: 43970K(46968K)->43970K(46968K) NonClass: 38253K(39852K)->38253K(39852K) Class: 5716K(7116K)->5716K(7116K)
[2021-06-21T15:01:55.297-0800][gc           ] GC(159) Pause Young (Normal) (G1 Evacuation Pause) 199M->151M(1024M) 47.102ms
[2021-06-21T15:01:55.297-0800][gc,cpu       ] GC(159) User=0.01s Sys=0.08s Real=0.04s
[2021-06-21T15:17:15.693-0800][gc,start     ] GC(160) Pause Young (Normal) (G1 Evacuation Pause)
[2021-06-21T15:17:15.693-0800][gc,task      ] GC(160) Using 8 workers of 8 for evacuation
[2021-06-21T15:17:15.821-0800][gc,mmu       ] GC(160) MMU target violated: 21.0ms (20.0ms/21.0ms)
[2021-06-21T15:17:15.821-0800][gc,phases    ] GC(160)   Pre Evacuate Collection Set: 6.0ms
[2021-06-21T15:17:15.821-0800][gc,phases    ] GC(160)   Merge Heap Roots: 1.4ms
[2021-06-21T15:17:15.821-0800][gc,phases    ] GC(160)   Evacuate Collection Set: 116.4ms
[2021-06-21T15:17:15.821-0800][gc,phases    ] GC(160)   Post Evacuate Collection Set: 2.0ms
[2021-06-21T15:17:15.821-0800][gc,phases    ] GC(160)   Other: 3.5ms
[2021-06-21T15:17:15.822-0800][gc,heap      ] GC(160) Eden regions: 48->0(47)
[2021-06-21T15:17:15.822-0800][gc,heap      ] GC(160) Survivor regions: 3->4(7)
[2021-06-21T15:17:15.822-0800][gc,heap      ] GC(160) Old regions: 20->20
[2021-06-21T15:17:15.822-0800][gc,heap      ] GC(160) Archive regions: 2->2
[2021-06-21T15:17:15.822-0800][gc,heap      ] GC(160) Humongous regions: 129->129
[2021-06-21T15:17:15.822-0800][gc,metaspace ] GC(160) Metaspace: 43970K(46968K)->43970K(46968K) NonClass: 38253K(39852K)->38253K(39852K) Class: 5716K(7116K)->5716K(7116K)
[2021-06-21T15:17:15.822-0800][gc           ] GC(160) Pause Young (Normal) (G1 Evacuation Pause) 199M->152M(1024M) 128.741ms
[2021-06-21T15:17:15.822-0800][gc,cpu       ] GC(160) User=0.08s Sys=0.18s Real=0.13s
[2021-06-21T15:32:56.672-0800][gc,start     ] GC(161) Pause Young (Normal) (G1 Evacuation Pause)
[2021-06-21T15:32:56.673-0800][gc,task      ] GC(161) Using 8 workers of 8 for evacuation
[2021-06-21T15:32:56.729-0800][gc,mmu       ] GC(161) MMU target violated: 21.0ms (20.0ms/21.0ms)
[2021-06-21T15:32:56.729-0800][gc,phases    ] GC(161)   Pre Evacuate Collection Set: 6.8ms
[2021-06-21T15:32:56.729-0800][gc,phases    ] GC(161)   Merge Heap Roots: 0.8ms
[2021-06-21T15:32:56.729-0800][gc,phases    ] GC(161)   Evacuate Collection Set: 44.1ms
[2021-06-21T15:32:56.729-0800][gc,phases    ] GC(161)   Post Evacuate Collection Set: 2.8ms
[2021-06-21T15:32:56.729-0800][gc,phases    ] GC(161)   Other: 2.5ms
[2021-06-21T15:32:56.729-0800][gc,heap      ] GC(161) Eden regions: 47->0(47)
[2021-06-21T15:32:56.729-0800][gc,heap      ] GC(161) Survivor regions: 4->4(7)
[2021-06-21T15:32:56.729-0800][gc,heap      ] GC(161) Old regions: 20->20
[2021-06-21T15:32:56.729-0800][gc,heap      ] GC(161) Archive regions: 2->2
[2021-06-21T15:32:56.729-0800][gc,heap      ] GC(161) Humongous regions: 129->129
[2021-06-21T15:32:56.729-0800][gc,metaspace ] GC(161) Metaspace: 43970K(46968K)->43970K(46968K) NonClass: 38253K(39852K)->38253K(39852K) Class: 5716K(7116K)->5716K(7116K)
[2021-06-21T15:32:56.730-0800][gc           ] GC(161) Pause Young (Normal) (G1 Evacuation Pause) 199M->152M(1024M) 57.474ms
[2021-06-21T15:32:56.730-0800][gc,cpu       ] GC(161) User=0.03s Sys=0.12s Real=0.06s
[2021-06-21T15:48:45.226-0800][gc,start     ] GC(162) Pause Young (Normal) (G1 Evacuation Pause)
[2021-06-21T15:48:45.231-0800][gc,task      ] GC(162) Using 8 workers of 8 for evacuation
[2021-06-21T15:48:45.355-0800][gc,mmu       ] GC(162) MMU target violated: 21.0ms (20.0ms/21.0ms)
[2021-06-21T15:48:45.355-0800][gc,phases    ] GC(162)   Pre Evacuate Collection Set: 6.1ms
[2021-06-21T15:48:45.355-0800][gc,phases    ] GC(162)   Merge Heap Roots: 0.8ms
[2021-06-21T15:48:45.355-0800][gc,phases    ] GC(162)   Evacuate Collection Set: 105.7ms
[2021-06-21T15:48:45.355-0800][gc,phases    ] GC(162)   Post Evacuate Collection Set: 9.7ms
[2021-06-21T15:48:45.355-0800][gc,phases    ] GC(162)   Other: 9.2ms
[2021-06-21T15:48:45.355-0800][gc,heap      ] GC(162) Eden regions: 47->0(48)
[2021-06-21T15:48:45.355-0800][gc,heap      ] GC(162) Survivor regions: 4->3(7)
[2021-06-21T15:48:45.355-0800][gc,heap      ] GC(162) Old regions: 20->20
[2021-06-21T15:48:45.355-0800][gc,heap      ] GC(162) Archive regions: 2->2
[2021-06-21T15:48:45.355-0800][gc,heap      ] GC(162) Humongous regions: 129->129
[2021-06-21T15:48:45.355-0800][gc,metaspace ] GC(162) Metaspace: 43970K(46968K)->43970K(46968K) NonClass: 38253K(39852K)->38253K(39852K) Class: 5716K(7116K)->5716K(7116K)
[2021-06-21T15:48:45.356-0800][gc           ] GC(162) Pause Young (Normal) (G1 Evacuation Pause) 199M->152M(1024M) 129.260ms
[2021-06-21T15:48:45.356-0800][gc,cpu       ] GC(162) User=0.05s Sys=0.14s Real=0.13s
[2021-06-21T16:04:54.415-0800][gc,start     ] GC(163) Pause Young (Normal) (G1 Evacuation Pause)
[2021-06-21T16:04:54.417-0800][gc,task      ] GC(163) Using 8 workers of 8 for evacuation
[2021-06-21T16:04:54.534-0800][gc,mmu       ] GC(163) MMU target violated: 21.0ms (20.0ms/21.0ms)
[2021-06-21T16:04:54.534-0800][gc,phases    ] GC(163)   Pre Evacuate Collection Set: 12.0ms
[2021-06-21T16:04:54.534-0800][gc,phases    ] GC(163)   Merge Heap Roots: 1.7ms
[2021-06-21T16:04:54.534-0800][gc,phases    ] GC(163)   Evacuate Collection Set: 91.2ms
[2021-06-21T16:04:54.535-0800][gc,phases    ] GC(163)   Post Evacuate Collection Set: 9.3ms
[2021-06-21T16:04:54.535-0800][gc,phases    ] GC(163)   Other: 6.5ms
[2021-06-21T16:04:54.535-0800][gc,heap      ] GC(163) Eden regions: 48->0(48)
[2021-06-21T16:04:54.535-0800][gc,heap      ] GC(163) Survivor regions: 3->3(7)
[2021-06-21T16:04:54.535-0800][gc,heap      ] GC(163) Old regions: 20->20
[2021-06-21T16:04:54.535-0800][gc,heap      ] GC(163) Archive regions: 2->2
[2021-06-21T16:04:54.535-0800][gc,heap      ] GC(163) Humongous regions: 129->129
[2021-06-21T16:04:54.535-0800][gc,metaspace ] GC(163) Metaspace: 43971K(46968K)->43971K(46968K) NonClass: 38254K(39852K)->38254K(39852K) Class: 5716K(7116K)->5716K(7116K)
[2021-06-21T16:04:54.535-0800][gc           ] GC(163) Pause Young (Normal) (G1 Evacuation Pause) 200M->152M(1024M) 120.029ms
[2021-06-21T16:04:54.535-0800][gc,cpu       ] GC(163) User=0.07s Sys=0.18s Real=0.12s
[2021-06-21T16:20:13.306-0800][gc,start     ] GC(164) Pause Young (Normal) (G1 Evacuation Pause)
[2021-06-21T16:20:13.307-0800][gc,task      ] GC(164) Using 8 workers of 8 for evacuation
[2021-06-21T16:20:13.418-0800][gc,mmu       ] GC(164) MMU target violated: 21.0ms (20.0ms/21.0ms)
[2021-06-21T16:20:13.418-0800][gc,phases    ] GC(164)   Pre Evacuate Collection Set: 14.9ms
[2021-06-21T16:20:13.418-0800][gc,phases    ] GC(164)   Merge Heap Roots: 4.6ms
[2021-06-21T16:20:13.418-0800][gc,phases    ] GC(164)   Evacuate Collection Set: 83.8ms
[2021-06-21T16:20:13.418-0800][gc,phases    ] GC(164)   Post Evacuate Collection Set: 4.5ms
[2021-06-21T16:20:13.418-0800][gc,phases    ] GC(164)   Other: 4.8ms
[2021-06-21T16:20:13.418-0800][gc,heap      ] GC(164) Eden regions: 48->0(48)
[2021-06-21T16:20:13.418-0800][gc,heap      ] GC(164) Survivor regions: 3->3(7)
[2021-06-21T16:20:13.418-0800][gc,heap      ] GC(164) Old regions: 20->20
[2021-06-21T16:20:13.418-0800][gc,heap      ] GC(164) Archive regions: 2->2
[2021-06-21T16:20:13.418-0800][gc,heap      ] GC(164) Humongous regions: 129->129
[2021-06-21T16:20:13.418-0800][gc,metaspace ] GC(164) Metaspace: 43971K(46968K)->43971K(46968K) NonClass: 38254K(39852K)->38254K(39852K) Class: 5716K(7116K)->5716K(7116K)
[2021-06-21T16:20:13.418-0800][gc           ] GC(164) Pause Young (Normal) (G1 Evacuation Pause) 200M->152M(1024M) 112.724ms
[2021-06-21T16:20:13.418-0800][gc,cpu       ] GC(164) User=0.04s Sys=0.17s Real=0.11s
[2021-06-21T16:36:17.682-0800][gc,start     ] GC(165) Pause Young (Normal) (G1 Evacuation Pause)
[2021-06-21T16:36:17.683-0800][gc,task      ] GC(165) Using 8 workers of 8 for evacuation
[2021-06-21T16:36:17.785-0800][gc,mmu       ] GC(165) MMU target violated: 21.0ms (20.0ms/21.0ms)
[2021-06-21T16:36:17.785-0800][gc,phases    ] GC(165)   Pre Evacuate Collection Set: 8.5ms
[2021-06-21T16:36:17.785-0800][gc,phases    ] GC(165)   Merge Heap Roots: 2.0ms
[2021-06-21T16:36:17.785-0800][gc,phases    ] GC(165)   Evacuate Collection Set: 85.3ms
[2021-06-21T16:36:17.785-0800][gc,phases    ] GC(165)   Post Evacuate Collection Set: 5.9ms
[2021-06-21T16:36:17.785-0800][gc,phases    ] GC(165)   Other: 1.4ms
[2021-06-21T16:36:17.785-0800][gc,heap      ] GC(165) Eden regions: 48->0(48)
[2021-06-21T16:36:17.785-0800][gc,heap      ] GC(165) Survivor regions: 3->3(7)
[2021-06-21T16:36:17.785-0800][gc,heap      ] GC(165) Old regions: 20->20
[2021-06-21T16:36:17.786-0800][gc,heap      ] GC(165) Archive regions: 2->2
[2021-06-21T16:36:17.786-0800][gc,heap      ] GC(165) Humongous regions: 129->129
[2021-06-21T16:36:17.786-0800][gc,metaspace ] GC(165) Metaspace: 43971K(46968K)->43971K(46968K) NonClass: 38254K(39852K)->38254K(39852K) Class: 5716K(7116K)->5716K(7116K)
[2021-06-21T16:36:17.786-0800][gc           ] GC(165) Pause Young (Normal) (G1 Evacuation Pause) 200M->152M(1024M) 103.849ms
[2021-06-21T16:36:17.786-0800][gc,cpu       ] GC(165) User=0.04s Sys=0.17s Real=0.10s
[2021-06-21T16:52:19.924-0800][gc,start     ] GC(166) Pause Young (Normal) (G1 Evacuation Pause)
[2021-06-21T16:52:19.925-0800][gc,task      ] GC(166) Using 8 workers of 8 for evacuation
[2021-06-21T16:52:20.044-0800][gc,mmu       ] GC(166) MMU target violated: 21.0ms (20.0ms/21.0ms)
[2021-06-21T16:52:20.044-0800][gc,phases    ] GC(166)   Pre Evacuate Collection Set: 6.8ms
[2021-06-21T16:52:20.044-0800][gc,phases    ] GC(166)   Merge Heap Roots: 0.7ms
[2021-06-21T16:52:20.044-0800][gc,phases    ] GC(166)   Evacuate Collection Set: 101.6ms
[2021-06-21T16:52:20.044-0800][gc,phases    ] GC(166)   Post Evacuate Collection Set: 9.9ms
[2021-06-21T16:52:20.044-0800][gc,phases    ] GC(166)   Other: 3.2ms
[2021-06-21T16:52:20.044-0800][gc,heap      ] GC(166) Eden regions: 48->0(48)
[2021-06-21T16:52:20.044-0800][gc,heap      ] GC(166) Survivor regions: 3->3(7)
[2021-06-21T16:52:20.044-0800][gc,heap      ] GC(166) Old regions: 20->20
[2021-06-21T16:52:20.044-0800][gc,heap      ] GC(166) Archive regions: 2->2
[2021-06-21T16:52:20.044-0800][gc,heap      ] GC(166) Humongous regions: 129->129
[2021-06-21T16:52:20.044-0800][gc,metaspace ] GC(166) Metaspace: 43972K(46968K)->43972K(46968K) NonClass: 38255K(39852K)->38255K(39852K) Class: 5716K(7116K)->5716K(7116K)
[2021-06-21T16:52:20.044-0800][gc           ] GC(166) Pause Young (Normal) (G1 Evacuation Pause) 200M->151M(1024M) 120.770ms
[2021-06-21T16:52:20.044-0800][gc,cpu       ] GC(166) User=0.06s Sys=0.14s Real=0.12s
[2021-06-21T17:08:29.592-0800][gc,start     ] GC(167) Pause Young (Normal) (G1 Evacuation Pause)
[2021-06-21T17:08:29.594-0800][gc,task      ] GC(167) Using 8 workers of 8 for evacuation
[2021-06-21T17:08:29.697-0800][gc,mmu       ] GC(167) MMU target violated: 21.0ms (20.0ms/21.0ms)
[2021-06-21T17:08:29.697-0800][gc,phases    ] GC(167)   Pre Evacuate Collection Set: 9.2ms
[2021-06-21T17:08:29.697-0800][gc,phases    ] GC(167)   Merge Heap Roots: 1.5ms
[2021-06-21T17:08:29.697-0800][gc,phases    ] GC(167)   Evacuate Collection Set: 85.2ms
[2021-06-21T17:08:29.697-0800][gc,phases    ] GC(167)   Post Evacuate Collection Set: 5.7ms
[2021-06-21T17:08:29.697-0800][gc,phases    ] GC(167)   Other: 3.9ms
[2021-06-21T17:08:29.697-0800][gc,heap      ] GC(167) Eden regions: 48->0(48)
[2021-06-21T17:08:29.697-0800][gc,heap      ] GC(167) Survivor regions: 3->3(7)
[2021-06-21T17:08:29.697-0800][gc,heap      ] GC(167) Old regions: 20->20
[2021-06-21T17:08:29.697-0800][gc,heap      ] GC(167) Archive regions: 2->2
[2021-06-21T17:08:29.697-0800][gc,heap      ] GC(167) Humongous regions: 129->129
[2021-06-21T17:08:29.697-0800][gc,metaspace ] GC(167) Metaspace: 43972K(46968K)->43972K(46968K) NonClass: 38255K(39852K)->38255K(39852K) Class: 5716K(7116K)->5716K(7116K)
[2021-06-21T17:08:29.697-0800][gc           ] GC(167) Pause Young (Normal) (G1 Evacuation Pause) 199M->151M(1024M) 104.821ms
[2021-06-21T17:08:29.697-0800][gc,cpu       ] GC(167) User=0.05s Sys=0.13s Real=0.10s
[2021-06-21T17:23:50.049-0800][gc,start     ] GC(168) Pause Young (Normal) (G1 Evacuation Pause)
[2021-06-21T17:23:50.049-0800][gc,task      ] GC(168) Using 8 workers of 8 for evacuation
[2021-06-21T17:23:50.064-0800][gc,phases    ] GC(168)   Pre Evacuate Collection Set: 0.6ms
[2021-06-21T17:23:50.064-0800][gc,phases    ] GC(168)   Merge Heap Roots: 0.1ms
[2021-06-21T17:23:50.064-0800][gc,phases    ] GC(168)   Evacuate Collection Set: 12.9ms
[2021-06-21T17:23:50.064-0800][gc,phases    ] GC(168)   Post Evacuate Collection Set: 1.3ms
[2021-06-21T17:23:50.065-0800][gc,phases    ] GC(168)   Other: 1.0ms
[2021-06-21T17:23:50.065-0800][gc,heap      ] GC(168) Eden regions: 48->0(48)
[2021-06-21T17:23:50.065-0800][gc,heap      ] GC(168) Survivor regions: 3->3(7)
[2021-06-21T17:23:50.065-0800][gc,heap      ] GC(168) Old regions: 20->20
[2021-06-21T17:23:50.065-0800][gc,heap      ] GC(168) Archive regions: 2->2
[2021-06-21T17:23:50.065-0800][gc,heap      ] GC(168) Humongous regions: 129->129
[2021-06-21T17:23:50.065-0800][gc,metaspace ] GC(168) Metaspace: 44029K(46968K)->44029K(46968K) NonClass: 38312K(39852K)->38312K(39852K) Class: 5716K(7116K)->5716K(7116K)
[2021-06-21T17:23:50.065-0800][gc           ] GC(168) Pause Young (Normal) (G1 Evacuation Pause) 199M->151M(1024M) 16.024ms
[2021-06-21T17:23:50.065-0800][gc,cpu       ] GC(168) User=0.02s Sys=0.03s Real=0.02s
[2021-06-21T17:39:55.358-0800][gc,start     ] GC(169) Pause Young (Normal) (G1 Evacuation Pause)
[2021-06-21T17:39:55.359-0800][gc,task      ] GC(169) Using 8 workers of 8 for evacuation
[2021-06-21T17:39:55.414-0800][gc,mmu       ] GC(169) MMU target violated: 21.0ms (20.0ms/21.0ms)
[2021-06-21T17:39:55.414-0800][gc,phases    ] GC(169)   Pre Evacuate Collection Set: 7.0ms
[2021-06-21T17:39:55.414-0800][gc,phases    ] GC(169)   Merge Heap Roots: 1.4ms
[2021-06-21T17:39:55.414-0800][gc,phases    ] GC(169)   Evacuate Collection Set: 41.9ms
[2021-06-21T17:39:55.414-0800][gc,phases    ] GC(169)   Post Evacuate Collection Set: 2.1ms
[2021-06-21T17:39:55.414-0800][gc,phases    ] GC(169)   Other: 3.8ms
[2021-06-21T17:39:55.414-0800][gc,heap      ] GC(169) Eden regions: 48->0(47)
[2021-06-21T17:39:55.414-0800][gc,heap      ] GC(169) Survivor regions: 3->4(7)
[2021-06-21T17:39:55.414-0800][gc,heap      ] GC(169) Old regions: 20->20
[2021-06-21T17:39:55.414-0800][gc,heap      ] GC(169) Archive regions: 2->2
[2021-06-21T17:39:55.414-0800][gc,heap      ] GC(169) Humongous regions: 129->129
[2021-06-21T17:39:55.414-0800][gc,metaspace ] GC(169) Metaspace: 44029K(46968K)->44029K(46968K) NonClass: 38312K(39852K)->38312K(39852K) Class: 5716K(7116K)->5716K(7116K)
[2021-06-21T17:39:55.414-0800][gc           ] GC(169) Pause Young (Normal) (G1 Evacuation Pause) 199M->152M(1024M) 56.246ms
[2021-06-21T17:39:55.414-0800][gc,cpu       ] GC(169) User=0.04s Sys=0.13s Real=0.06s
[2021-06-21T17:55:50.373-0800][gc,start     ] GC(170) Pause Young (Normal) (G1 Evacuation Pause)
[2021-06-21T17:55:50.374-0800][gc,task      ] GC(170) Using 8 workers of 8 for evacuation
[2021-06-21T17:55:50.529-0800][gc,mmu       ] GC(170) MMU target violated: 21.0ms (20.0ms/21.0ms)
[2021-06-21T17:55:50.529-0800][gc,phases    ] GC(170)   Pre Evacuate Collection Set: 7.7ms
[2021-06-21T17:55:50.529-0800][gc,phases    ] GC(170)   Merge Heap Roots: 1.9ms
[2021-06-21T17:55:50.529-0800][gc,phases    ] GC(170)   Evacuate Collection Set: 134.8ms
[2021-06-21T17:55:50.529-0800][gc,phases    ] GC(170)   Post Evacuate Collection Set: 4.7ms
[2021-06-21T17:55:50.529-0800][gc,phases    ] GC(170)   Other: 8.3ms
[2021-06-21T17:55:50.529-0800][gc,heap      ] GC(170) Eden regions: 47->0(47)
[2021-06-21T17:55:50.529-0800][gc,heap      ] GC(170) Survivor regions: 4->4(7)
[2021-06-21T17:55:50.529-0800][gc,heap      ] GC(170) Old regions: 20->20
[2021-06-21T17:55:50.529-0800][gc,heap      ] GC(170) Archive regions: 2->2
[2021-06-21T17:55:50.529-0800][gc,heap      ] GC(170) Humongous regions: 129->129
[2021-06-21T17:55:50.529-0800][gc,metaspace ] GC(170) Metaspace: 44029K(46968K)->44029K(46968K) NonClass: 38312K(39852K)->38312K(39852K) Class: 5716K(7116K)->5716K(7116K)
[2021-06-21T17:55:50.529-0800][gc           ] GC(170) Pause Young (Normal) (G1 Evacuation Pause) 199M->152M(1024M) 156.214ms
[2021-06-21T17:55:50.529-0800][gc,cpu       ] GC(170) User=0.10s Sys=0.25s Real=0.15s
[2021-06-21T18:11:00.905-0800][gc,start     ] GC(171) Pause Young (Normal) (G1 Evacuation Pause)
[2021-06-21T18:11:00.907-0800][gc,task      ] GC(171) Using 8 workers of 8 for evacuation
[2021-06-21T18:11:01.000-0800][gc,mmu       ] GC(171) MMU target violated: 21.0ms (20.0ms/21.0ms)
[2021-06-21T18:11:01.000-0800][gc,phases    ] GC(171)   Pre Evacuate Collection Set: 13.1ms
[2021-06-21T18:11:01.000-0800][gc,phases    ] GC(171)   Merge Heap Roots: 1.2ms
[2021-06-21T18:11:01.000-0800][gc,phases    ] GC(171)   Evacuate Collection Set: 66.2ms
[2021-06-21T18:11:01.000-0800][gc,phases    ] GC(171)   Post Evacuate Collection Set: 6.7ms
[2021-06-21T18:11:01.000-0800][gc,phases    ] GC(171)   Other: 7.8ms
[2021-06-21T18:11:01.000-0800][gc,heap      ] GC(171) Eden regions: 47->0(48)
[2021-06-21T18:11:01.000-0800][gc,heap      ] GC(171) Survivor regions: 4->3(7)
[2021-06-21T18:11:01.000-0800][gc,heap      ] GC(171) Old regions: 20->20
[2021-06-21T18:11:01.000-0800][gc,heap      ] GC(171) Archive regions: 2->2
[2021-06-21T18:11:01.000-0800][gc,heap      ] GC(171) Humongous regions: 129->129
[2021-06-21T18:11:01.000-0800][gc,metaspace ] GC(171) Metaspace: 44029K(46968K)->44029K(46968K) NonClass: 38312K(39852K)->38312K(39852K) Class: 5716K(7116K)->5716K(7116K)
[2021-06-21T18:11:01.001-0800][gc           ] GC(171) Pause Young (Normal) (G1 Evacuation Pause) 199M->152M(1024M) 95.526ms
[2021-06-21T18:11:01.001-0800][gc,cpu       ] GC(171) User=0.05s Sys=0.13s Real=0.10s
[2021-06-21T18:26:47.584-0800][gc,start     ] GC(172) Pause Young (Normal) (G1 Evacuation Pause)
[2021-06-21T18:26:47.584-0800][gc,task      ] GC(172) Using 8 workers of 8 for evacuation
[2021-06-21T18:26:47.649-0800][gc,mmu       ] GC(172) MMU target violated: 21.0ms (20.0ms/21.0ms)
[2021-06-21T18:26:47.649-0800][gc,phases    ] GC(172)   Pre Evacuate Collection Set: 4.3ms
[2021-06-21T18:26:47.649-0800][gc,phases    ] GC(172)   Merge Heap Roots: 0.6ms
[2021-06-21T18:26:47.649-0800][gc,phases    ] GC(172)   Evacuate Collection Set: 51.1ms
[2021-06-21T18:26:47.649-0800][gc,phases    ] GC(172)   Post Evacuate Collection Set: 8.1ms
[2021-06-21T18:26:47.649-0800][gc,phases    ] GC(172)   Other: 6.0ms
[2021-06-21T18:26:47.649-0800][gc,heap      ] GC(172) Eden regions: 48->0(48)
[2021-06-21T18:26:47.649-0800][gc,heap      ] GC(172) Survivor regions: 3->3(7)
[2021-06-21T18:26:47.649-0800][gc,heap      ] GC(172) Old regions: 20->20
[2021-06-21T18:26:47.649-0800][gc,heap      ] GC(172) Archive regions: 2->2
[2021-06-21T18:26:47.649-0800][gc,heap      ] GC(172) Humongous regions: 129->129
[2021-06-21T18:26:47.649-0800][gc,metaspace ] GC(172) Metaspace: 44029K(46968K)->44029K(46968K) NonClass: 38312K(39852K)->38312K(39852K) Class: 5716K(7116K)->5716K(7116K)
[2021-06-21T18:26:47.649-0800][gc           ] GC(172) Pause Young (Normal) (G1 Evacuation Pause) 200M->152M(1024M) 65.335ms
[2021-06-21T18:26:47.649-0800][gc,cpu       ] GC(172) User=0.03s Sys=0.11s Real=0.06s
