[2021-06-19T01:05:22.067-0800][gc,heap] Heap region size: 1M
[2021-06-19T01:05:22.068-0800][gc,heap,coops] Heap address: 0x00000007e0000000, size: 512 MB, Compressed Oops mode: Zero based, Oop shift amount: 3
[2021-06-19T01:05:22.073-0800][gc           ] Using G1
[2021-06-19T01:05:22.073-0800][gc,cds       ] Mark closed archive regions in map: [0x00000007fff00000, 0x00000007fff7aff8]
[2021-06-19T01:05:22.073-0800][gc,cds       ] Mark open archive regions in map: [0x00000007ffe00000, 0x00000007ffe50ff8]
[2021-06-19T01:05:22.092-0800][gc           ] Periodic GC disabled
[2021-06-19T01:05:22.592-0800][gc,heap,exit ] Heap
[2021-06-19T01:05:22.592-0800][gc,heap,exit ]  garbage-first heap   total 524288K, used 19248K [0x00000007e0000000, 0x0000000800000000)
[2021-06-19T01:05:22.592-0800][gc,heap,exit ]   region size 1024K, 19 young (19456K), 0 survivors (0K)
[2021-06-19T01:05:22.592-0800][gc,heap,exit ]  Metaspace       used 6383K, capacity 6735K, committed 6784K, reserved 1056768K
[2021-06-19T01:05:22.592-0800][gc,heap,exit ]   class space    used 747K, capacity 864K, committed 896K, reserved 1048576K
