[2021-06-23T21:53:54.284-0800][gc,heap] Heap region size: 1M
[2021-06-23T21:53:54.288-0800][gc     ] Using G1
[2021-06-23T21:53:54.288-0800][gc,heap,coops] Heap address: 0x00000007e0000000, size: 512 MB, Compressed Oops mode: Zero based, Oop shift amount: 3
[2021-06-23T21:54:17.695-0800][gc,start     ] GC(0) Pause Young (Normal) (G1 Evacuation Pause)
[2021-06-23T21:54:17.695-0800][gc,task      ] GC(0) Using 8 workers of 8 for evacuation
[2021-06-23T21:54:17.700-0800][gc,phases    ] GC(0)   Pre Evacuate Collection Set: 0.0ms
[2021-06-23T21:54:17.700-0800][gc,phases    ] GC(0)   Evacuate Collection Set: 3.8ms
[2021-06-23T21:54:17.700-0800][gc,phases    ] GC(0)   Post Evacuate Collection Set: 0.3ms
[2021-06-23T21:54:17.700-0800][gc,phases    ] GC(0)   Other: 0.5ms
[2021-06-23T21:54:17.700-0800][gc,heap      ] GC(0) Eden regions: 25->0(21)
[2021-06-23T21:54:17.700-0800][gc,heap      ] GC(0) Survivor regions: 0->4(4)
[2021-06-23T21:54:17.700-0800][gc,heap      ] GC(0) Old regions: 0->2
[2021-06-23T21:54:17.700-0800][gc,heap      ] GC(0) Humongous regions: 0->0
[2021-06-23T21:54:17.700-0800][gc,metaspace ] GC(0) Metaspace: 15227K->15227K(1062912K)
[2021-06-23T21:54:17.700-0800][gc           ] GC(0) Pause Young (Normal) (G1 Evacuation Pause) 25M->5M(512M) 4.695ms
[2021-06-23T21:54:17.700-0800][gc,cpu       ] GC(0) User=0.02s Sys=0.01s Real=0.01s
[2021-06-24T12:28:17.298-0800][gc,start     ] GC(1) Pause Young (Normal) (G1 Evacuation Pause)
[2021-06-24T12:28:17.300-0800][gc,task      ] GC(1) Using 8 workers of 8 for evacuation
[2021-06-24T12:28:17.327-0800][gc,mmu       ] GC(1) MMU target violated: 21.0ms (20.0ms/21.0ms)
[2021-06-24T12:28:17.327-0800][gc,phases    ] GC(1)   Pre Evacuate Collection Set: 2.0ms
[2021-06-24T12:28:17.327-0800][gc,phases    ] GC(1)   Evacuate Collection Set: 22.3ms
[2021-06-24T12:28:17.327-0800][gc,phases    ] GC(1)   Post Evacuate Collection Set: 0.3ms
[2021-06-24T12:28:17.327-0800][gc,phases    ] GC(1)   Other: 7.4ms
[2021-06-24T12:28:17.327-0800][gc,heap      ] GC(1) Eden regions: 21->0(24)
[2021-06-24T12:28:17.327-0800][gc,heap      ] GC(1) Survivor regions: 4->1(4)
[2021-06-24T12:28:17.327-0800][gc,heap      ] GC(1) Old regions: 2->6
[2021-06-24T12:28:17.327-0800][gc,heap      ] GC(1) Humongous regions: 0->0
[2021-06-24T12:28:17.327-0800][gc,metaspace ] GC(1) Metaspace: 16033K->16033K(1064960K)
[2021-06-24T12:28:17.327-0800][gc           ] GC(1) Pause Young (Normal) (G1 Evacuation Pause) 26M->6M(512M) 28.678ms
[2021-06-24T12:28:17.327-0800][gc,cpu       ] GC(1) User=0.03s Sys=0.09s Real=0.03s
[2021-06-24T23:49:01.355-0800][gc,start     ] GC(2) Pause Young (Normal) (G1 Evacuation Pause)
[2021-06-24T23:49:01.356-0800][gc,task      ] GC(2) Using 8 workers of 8 for evacuation
[2021-06-24T23:49:01.362-0800][gc,phases    ] GC(2)   Pre Evacuate Collection Set: 0.6ms
[2021-06-24T23:49:01.362-0800][gc,phases    ] GC(2)   Evacuate Collection Set: 4.6ms
[2021-06-24T23:49:01.362-0800][gc,phases    ] GC(2)   Post Evacuate Collection Set: 0.2ms
[2021-06-24T23:49:01.362-0800][gc,phases    ] GC(2)   Other: 1.2ms
[2021-06-24T23:49:01.362-0800][gc,heap      ] GC(2) Eden regions: 24->0(24)
[2021-06-24T23:49:01.362-0800][gc,heap      ] GC(2) Survivor regions: 1->1(4)
[2021-06-24T23:49:01.362-0800][gc,heap      ] GC(2) Old regions: 6->6
[2021-06-24T23:49:01.362-0800][gc,heap      ] GC(2) Humongous regions: 0->0
[2021-06-24T23:49:01.362-0800][gc,metaspace ] GC(2) Metaspace: 16033K->16033K(1064960K)
[2021-06-24T23:49:01.362-0800][gc           ] GC(2) Pause Young (Normal) (G1 Evacuation Pause) 30M->6M(512M) 6.682ms
[2021-06-24T23:49:01.362-0800][gc,cpu       ] GC(2) User=0.01s Sys=0.01s Real=0.01s
