[2021-06-19T01:04:51.380-0800][gc,heap] Heap region size: 1M
[2021-06-19T01:04:51.380-0800][gc,heap,coops] Heap address: 0x00000007e0000000, size: 512 MB, Compressed Oops mode: Zero based, Oop shift amount: 3
[2021-06-19T01:04:51.386-0800][gc           ] Using G1
[2021-06-19T01:04:51.386-0800][gc,cds       ] Mark closed archive regions in map: [0x00000007fff00000, 0x00000007fff7aff8]
[2021-06-19T01:04:51.386-0800][gc,cds       ] Mark open archive regions in map: [0x00000007ffe00000, 0x00000007ffe50ff8]
[2021-06-19T01:04:51.403-0800][gc           ] Periodic GC disabled
[2021-06-19T01:04:52.964-0800][gc,start     ] GC(0) Pause Young (Normal) (G1 Evacuation Pause)
[2021-06-19T01:04:52.964-0800][gc,task      ] GC(0) Using 8 workers of 8 for evacuation
[2021-06-19T01:04:52.969-0800][gc,phases    ] GC(0)   Pre Evacuate Collection Set: 0.1ms
[2021-06-19T01:04:52.969-0800][gc,phases    ] GC(0)   Merge Heap Roots: 0.0ms
[2021-06-19T01:04:52.969-0800][gc,phases    ] GC(0)   Evacuate Collection Set: 4.3ms
[2021-06-19T01:04:52.969-0800][gc,phases    ] GC(0)   Post Evacuate Collection Set: 0.3ms
[2021-06-19T01:04:52.969-0800][gc,phases    ] GC(0)   Other: 0.7ms
[2021-06-19T01:04:52.969-0800][gc,heap      ] GC(0) Eden regions: 25->0(21)
[2021-06-19T01:04:52.969-0800][gc,heap      ] GC(0) Survivor regions: 0->4(4)
[2021-06-19T01:04:52.969-0800][gc,heap      ] GC(0) Old regions: 0->2
[2021-06-19T01:04:52.969-0800][gc,heap      ] GC(0) Archive regions: 2->2
[2021-06-19T01:04:52.969-0800][gc,heap      ] GC(0) Humongous regions: 0->0
[2021-06-19T01:04:52.969-0800][gc,metaspace ] GC(0) Metaspace: 7292K(7936K)->7292K(7936K) NonClass: 6452K(6912K)->6452K(6912K) Class: 839K(1024K)->839K(1024K)
[2021-06-19T01:04:52.969-0800][gc           ] GC(0) Pause Young (Normal) (G1 Evacuation Pause) 25M->6M(512M) 5.510ms
[2021-06-19T01:04:52.969-0800][gc,cpu       ] GC(0) User=0.02s Sys=0.00s Real=0.00s
[2021-06-19T13:19:21.745-0800][gc,start     ] GC(1) Pause Young (Normal) (G1 Evacuation Pause)
[2021-06-19T13:19:21.751-0800][gc,task      ] GC(1) Using 8 workers of 8 for evacuation
[2021-06-19T13:19:21.945-0800][gc,mmu       ] GC(1) MMU target violated: 21.0ms (20.0ms/21.0ms)
[2021-06-19T13:19:21.945-0800][gc,phases    ] GC(1)   Pre Evacuate Collection Set: 7.0ms
[2021-06-19T13:19:21.945-0800][gc,phases    ] GC(1)   Merge Heap Roots: 4.5ms
[2021-06-19T13:19:21.945-0800][gc,phases    ] GC(1)   Evacuate Collection Set: 164.0ms
[2021-06-19T13:19:21.945-0800][gc,phases    ] GC(1)   Post Evacuate Collection Set: 15.0ms
[2021-06-19T13:19:21.945-0800][gc,phases    ] GC(1)   Other: 12.1ms
[2021-06-19T13:19:21.945-0800][gc,heap      ] GC(1) Eden regions: 21->0(24)
[2021-06-19T13:19:21.945-0800][gc,heap      ] GC(1) Survivor regions: 4->1(4)
[2021-06-19T13:19:21.945-0800][gc,heap      ] GC(1) Old regions: 2->6
[2021-06-19T13:19:21.945-0800][gc,heap      ] GC(1) Archive regions: 2->2
[2021-06-19T13:19:21.945-0800][gc,heap      ] GC(1) Humongous regions: 0->0
[2021-06-19T13:19:21.945-0800][gc,metaspace ] GC(1) Metaspace: 8003K(8448K)->8003K(8448K) NonClass: 7135K(7424K)->7135K(7424K) Class: 868K(1024K)->868K(1024K)
[2021-06-19T13:19:21.948-0800][gc           ] GC(1) Pause Young (Normal) (G1 Evacuation Pause) 27M->6M(512M) 202.874ms
[2021-06-19T13:19:21.948-0800][gc,cpu       ] GC(1) User=0.06s Sys=0.28s Real=0.20s
[2021-06-20T00:21:40.798-0800][gc,start     ] GC(2) Pause Young (Normal) (G1 Evacuation Pause)
[2021-06-20T00:21:40.804-0800][gc,task      ] GC(2) Using 8 workers of 8 for evacuation
[2021-06-20T00:21:40.899-0800][gc,mmu       ] GC(2) MMU target violated: 21.0ms (20.0ms/21.0ms)
[2021-06-20T00:21:40.899-0800][gc,phases    ] GC(2)   Pre Evacuate Collection Set: 9.9ms
[2021-06-20T00:21:40.899-0800][gc,phases    ] GC(2)   Merge Heap Roots: 2.7ms
[2021-06-20T00:21:40.899-0800][gc,phases    ] GC(2)   Evacuate Collection Set: 65.9ms
[2021-06-20T00:21:40.899-0800][gc,phases    ] GC(2)   Post Evacuate Collection Set: 9.4ms
[2021-06-20T00:21:40.899-0800][gc,phases    ] GC(2)   Other: 16.5ms
[2021-06-20T00:21:40.899-0800][gc,heap      ] GC(2) Eden regions: 24->0(24)
[2021-06-20T00:21:40.899-0800][gc,heap      ] GC(2) Survivor regions: 1->1(4)
[2021-06-20T00:21:40.899-0800][gc,heap      ] GC(2) Old regions: 6->6
[2021-06-20T00:21:40.899-0800][gc,heap      ] GC(2) Archive regions: 2->2
[2021-06-20T00:21:40.899-0800][gc,heap      ] GC(2) Humongous regions: 0->0
[2021-06-20T00:21:40.899-0800][gc,metaspace ] GC(2) Metaspace: 8009K(8448K)->8009K(8448K) NonClass: 7141K(7424K)->7141K(7424K) Class: 868K(1024K)->868K(1024K)
[2021-06-20T00:21:40.900-0800][gc           ] GC(2) Pause Young (Normal) (G1 Evacuation Pause) 30M->6M(512M) 102.624ms
[2021-06-20T00:21:40.900-0800][gc,cpu       ] GC(2) User=0.01s Sys=0.17s Real=0.11s
[2021-06-20T15:10:39.950-0800][gc,start     ] GC(3) Pause Young (Normal) (G1 Evacuation Pause)
[2021-06-20T15:10:39.953-0800][gc,task      ] GC(3) Using 8 workers of 8 for evacuation
[2021-06-20T15:10:40.014-0800][gc,mmu       ] GC(3) MMU target violated: 21.0ms (20.0ms/21.0ms)
[2021-06-20T15:10:40.014-0800][gc,phases    ] GC(3)   Pre Evacuate Collection Set: 8.6ms
[2021-06-20T15:10:40.014-0800][gc,phases    ] GC(3)   Merge Heap Roots: 2.0ms
[2021-06-20T15:10:40.014-0800][gc,phases    ] GC(3)   Evacuate Collection Set: 42.7ms
[2021-06-20T15:10:40.014-0800][gc,phases    ] GC(3)   Post Evacuate Collection Set: 4.0ms
[2021-06-20T15:10:40.014-0800][gc,phases    ] GC(3)   Other: 9.3ms
[2021-06-20T15:10:40.014-0800][gc,heap      ] GC(3) Eden regions: 24->0(24)
[2021-06-20T15:10:40.014-0800][gc,heap      ] GC(3) Survivor regions: 1->1(4)
[2021-06-20T15:10:40.014-0800][gc,heap      ] GC(3) Old regions: 6->6
[2021-06-20T15:10:40.014-0800][gc,heap      ] GC(3) Archive regions: 2->2
[2021-06-20T15:10:40.014-0800][gc,heap      ] GC(3) Humongous regions: 0->0
[2021-06-20T15:10:40.014-0800][gc,metaspace ] GC(3) Metaspace: 8018K(8448K)->8018K(8448K) NonClass: 7150K(7424K)->7150K(7424K) Class: 868K(1024K)->868K(1024K)
[2021-06-20T15:10:40.014-0800][gc           ] GC(3) Pause Young (Normal) (G1 Evacuation Pause) 30M->6M(512M) 65.045ms
[2021-06-20T15:10:40.014-0800][gc,cpu       ] GC(3) User=0.01s Sys=0.10s Real=0.07s
[2021-06-21T14:10:36.915-0800][gc,start     ] GC(4) Pause Young (Normal) (G1 Evacuation Pause)
[2021-06-21T14:10:36.920-0800][gc,task      ] GC(4) Using 8 workers of 8 for evacuation
[2021-06-21T14:10:37.001-0800][gc,mmu       ] GC(4) MMU target violated: 21.0ms (20.0ms/21.0ms)
[2021-06-21T14:10:37.001-0800][gc,phases    ] GC(4)   Pre Evacuate Collection Set: 9.4ms
[2021-06-21T14:10:37.001-0800][gc,phases    ] GC(4)   Merge Heap Roots: 4.8ms
[2021-06-21T14:10:37.001-0800][gc,phases    ] GC(4)   Evacuate Collection Set: 54.7ms
[2021-06-21T14:10:37.001-0800][gc,phases    ] GC(4)   Post Evacuate Collection Set: 8.2ms
[2021-06-21T14:10:37.001-0800][gc,phases    ] GC(4)   Other: 11.3ms
[2021-06-21T14:10:37.001-0800][gc,heap      ] GC(4) Eden regions: 24->0(24)
[2021-06-21T14:10:37.001-0800][gc,heap      ] GC(4) Survivor regions: 1->1(4)
[2021-06-21T14:10:37.001-0800][gc,heap      ] GC(4) Old regions: 6->6
[2021-06-21T14:10:37.001-0800][gc,heap      ] GC(4) Archive regions: 2->2
[2021-06-21T14:10:37.001-0800][gc,heap      ] GC(4) Humongous regions: 0->0
[2021-06-21T14:10:37.001-0800][gc,metaspace ] GC(4) Metaspace: 8018K(8448K)->8018K(8448K) NonClass: 7150K(7424K)->7150K(7424K) Class: 868K(1024K)->868K(1024K)
[2021-06-21T14:10:37.002-0800][gc           ] GC(4) Pause Young (Normal) (G1 Evacuation Pause) 30M->6M(512M) 88.266ms
[2021-06-21T14:10:37.003-0800][gc,cpu       ] GC(4) User=0.02s Sys=0.18s Real=0.09s
